Archive member included because of file (symbol)

c:/ti/ccsv7/tools/compiler/gcc-arm-none-eabi-4_9-2015q3/bin/../lib/gcc/arm-none-eabi/4.9.3/armv7e-m/fpu\libgcc.a(_arm_addsubdf3.o)
                              ./menu_handler.o (__aeabi_i2d)
c:/ti/ccsv7/tools/compiler/gcc-arm-none-eabi-4_9-2015q3/bin/../lib/gcc/arm-none-eabi/4.9.3/armv7e-m/fpu\libgcc.a(_arm_muldivdf3.o)
                              ./menu_handler.o (__aeabi_dmul)
c:/ti/ccsv7/tools/compiler/gcc-arm-none-eabi-4_9-2015q3/bin/../lib/gcc/arm-none-eabi/4.9.3/armv7e-m/fpu\libgcc.a(_arm_cmpdf2.o)
                              ./menu_handler.o (__aeabi_dcmpge)
c:/ti/ccsv7/tools/compiler/gcc-arm-none-eabi-4_9-2015q3/bin/../lib/gcc/arm-none-eabi/4.9.3/armv7e-m/fpu\libgcc.a(_arm_fixdfsi.o)
                              ./menu_handler.o (__aeabi_d2iz)
c:/ti/ccsv7/tools/compiler/gcc-arm-none-eabi-4_9-2015q3/bin/../lib/gcc/arm-none-eabi/4.9.3/../../../../arm-none-eabi/lib/armv7e-m/fpu\libg.a(lib_a-exit.o)
                              c:/ti/ccsv7/tools/compiler/gcc-arm-none-eabi-4_9-2015q3/bin/../lib/gcc/arm-none-eabi/4.9.3/../../../../arm-none-eabi/lib/armv7e-m/fpu/crt0.o (exit)
c:/ti/ccsv7/tools/compiler/gcc-arm-none-eabi-4_9-2015q3/bin/../lib/gcc/arm-none-eabi/4.9.3/../../../../arm-none-eabi/lib/armv7e-m/fpu\libg.a(lib_a-impure.o)
                              c:/ti/ccsv7/tools/compiler/gcc-arm-none-eabi-4_9-2015q3/bin/../lib/gcc/arm-none-eabi/4.9.3/../../../../arm-none-eabi/lib/armv7e-m/fpu\libg.a(lib_a-exit.o) (_global_impure_ptr)
c:/ti/ccsv7/tools/compiler/gcc-arm-none-eabi-4_9-2015q3/bin/../lib/gcc/arm-none-eabi/4.9.3/../../../../arm-none-eabi/lib/armv7e-m/fpu\libg.a(lib_a-init.o)
                              c:/ti/ccsv7/tools/compiler/gcc-arm-none-eabi-4_9-2015q3/bin/../lib/gcc/arm-none-eabi/4.9.3/../../../../arm-none-eabi/lib/armv7e-m/fpu/crt0.o (__libc_init_array)
c:/ti/ccsv7/tools/compiler/gcc-arm-none-eabi-4_9-2015q3/bin/../lib/gcc/arm-none-eabi/4.9.3/../../../../arm-none-eabi/lib/armv7e-m/fpu\libg.a(lib_a-itoa.o)
                              ./menu_handler.o (itoa)
c:/ti/ccsv7/tools/compiler/gcc-arm-none-eabi-4_9-2015q3/bin/../lib/gcc/arm-none-eabi/4.9.3/../../../../arm-none-eabi/lib/armv7e-m/fpu\libg.a(lib_a-memset.o)
                              c:/ti/ccsv7/tools/compiler/gcc-arm-none-eabi-4_9-2015q3/bin/../lib/gcc/arm-none-eabi/4.9.3/../../../../arm-none-eabi/lib/armv7e-m/fpu/crt0.o (memset)
c:/ti/ccsv7/tools/compiler/gcc-arm-none-eabi-4_9-2015q3/bin/../lib/gcc/arm-none-eabi/4.9.3/../../../../arm-none-eabi/lib/armv7e-m/fpu\libg.a(lib_a-strcpy.o)
                              ./menu_handler.o (strcpy)
c:/ti/ccsv7/tools/compiler/gcc-arm-none-eabi-4_9-2015q3/bin/../lib/gcc/arm-none-eabi/4.9.3/../../../../arm-none-eabi/lib/armv7e-m/fpu\libg.a(lib_a-utoa.o)
                              c:/ti/ccsv7/tools/compiler/gcc-arm-none-eabi-4_9-2015q3/bin/../lib/gcc/arm-none-eabi/4.9.3/../../../../arm-none-eabi/lib/armv7e-m/fpu\libg.a(lib_a-itoa.o) (__utoa)
c:/ti/ccsv7/tools/compiler/gcc-arm-none-eabi-4_9-2015q3/bin/../lib/gcc/arm-none-eabi/4.9.3/../../../../arm-none-eabi/lib/armv7e-m/fpu\libg.a(lib_a-__call_atexit.o)
                              c:/ti/ccsv7/tools/compiler/gcc-arm-none-eabi-4_9-2015q3/bin/../lib/gcc/arm-none-eabi/4.9.3/../../../../arm-none-eabi/lib/armv7e-m/fpu\libg.a(lib_a-exit.o) (__call_exitprocs)
c:/ti/ccsv7/tools/compiler/gcc-arm-none-eabi-4_9-2015q3/bin/../lib/gcc/arm-none-eabi/4.9.3/../../../../arm-none-eabi/lib/armv7e-m/fpu\libg.a(lib_a-atexit.o)
                              c:/ti/ccsv7/tools/compiler/gcc-arm-none-eabi-4_9-2015q3/bin/../lib/gcc/arm-none-eabi/4.9.3/../../../../arm-none-eabi/lib/armv7e-m/fpu\libg.a(lib_a-__call_atexit.o) (atexit)
c:/ti/ccsv7/tools/compiler/gcc-arm-none-eabi-4_9-2015q3/bin/../lib/gcc/arm-none-eabi/4.9.3/../../../../arm-none-eabi/lib/armv7e-m/fpu\libg.a(lib_a-fini.o)
                              c:/ti/ccsv7/tools/compiler/gcc-arm-none-eabi-4_9-2015q3/bin/../lib/gcc/arm-none-eabi/4.9.3/../../../../arm-none-eabi/lib/armv7e-m/fpu\libg.a(lib_a-__call_atexit.o) (__libc_fini_array)
c:/ti/ccsv7/tools/compiler/gcc-arm-none-eabi-4_9-2015q3/bin/../lib/gcc/arm-none-eabi/4.9.3/../../../../arm-none-eabi/lib/armv7e-m/fpu\libg.a(lib_a-__atexit.o)
                              c:/ti/ccsv7/tools/compiler/gcc-arm-none-eabi-4_9-2015q3/bin/../lib/gcc/arm-none-eabi/4.9.3/../../../../arm-none-eabi/lib/armv7e-m/fpu\libg.a(lib_a-atexit.o) (__register_exitproc)
c:/ti/ccsv7/tools/compiler/gcc-arm-none-eabi-4_9-2015q3/bin/../lib/gcc/arm-none-eabi/4.9.3/../../../../arm-none-eabi/lib/armv7e-m/fpu\libnosys.a(_exit.o)
                              c:/ti/ccsv7/tools/compiler/gcc-arm-none-eabi-4_9-2015q3/bin/../lib/gcc/arm-none-eabi/4.9.3/../../../../arm-none-eabi/lib/armv7e-m/fpu\libg.a(lib_a-exit.o) (_exit)

Allocating common symbols
Common symbol       size              file

pos                 0xc0              ./rtcs.o
pause_screen_timer  0x8               ./menu_handler.o
current_task        0x1               ./rtcs.o
pot                 0xc0              ./rtcs.o
poq                 0x840             ./rtcs.o

Memory Configuration

Name             Origin             Length             Attributes
FLASH            0x00000000         0x00040000         xr
SRAM             0x20000000         0x00008000         xw
*default*        0x00000000         0xffffffff

Linker script and memory map

LOAD c:/ti/ccsv7/tools/compiler/gcc-arm-none-eabi-4_9-2015q3/bin/../lib/gcc/arm-none-eabi/4.9.3/armv7e-m/fpu/crti.o
LOAD c:/ti/ccsv7/tools/compiler/gcc-arm-none-eabi-4_9-2015q3/bin/../lib/gcc/arm-none-eabi/4.9.3/armv7e-m/fpu/crtbegin.o
LOAD c:/ti/ccsv7/tools/compiler/gcc-arm-none-eabi-4_9-2015q3/bin/../lib/gcc/arm-none-eabi/4.9.3/../../../../arm-none-eabi/lib/armv7e-m/fpu/crt0.o
LOAD ./adcudma.o
LOAD ./lcd.o
LOAD ./main.o
LOAD ./menu_handler.o
LOAD ./rtcs.o
LOAD ./set_color.o
LOAD ./setup.o
LOAD ./switches.o
LOAD ./systick.o
LOAD ./tm4c123gh6pm_startup_ccs_gcc.o
                0x00000000                PROVIDE (_intvecs_base_address, 0x0)

.intvecs        0x00000000      0x26c
 *(.intvecs)
 .intvecs       0x00000000      0x26c ./tm4c123gh6pm_startup_ccs_gcc.o
                0x00000000                g_pfnVectors
                0x20000000                PROVIDE (_vtable_base_address, 0x20000000)

.vtable
 *(.vtable)

.text           0x00000270     0x2eb8
 CREATE_OBJECT_SYMBOLS
 *(.text)
 .text          0x00000270        0x0 c:/ti/ccsv7/tools/compiler/gcc-arm-none-eabi-4_9-2015q3/bin/../lib/gcc/arm-none-eabi/4.9.3/armv7e-m/fpu/crti.o
 .text          0x00000270       0x5c c:/ti/ccsv7/tools/compiler/gcc-arm-none-eabi-4_9-2015q3/bin/../lib/gcc/arm-none-eabi/4.9.3/armv7e-m/fpu/crtbegin.o
 .text          0x000002cc       0x74 c:/ti/ccsv7/tools/compiler/gcc-arm-none-eabi-4_9-2015q3/bin/../lib/gcc/arm-none-eabi/4.9.3/../../../../arm-none-eabi/lib/armv7e-m/fpu/crt0.o
                0x000002cc                _start
                0x000002cc                _mainCRTStartup
 .text          0x00000340        0x0 ./adcudma.o
 .text          0x00000340        0x0 ./lcd.o
 .text          0x00000340        0x0 ./main.o
 .text          0x00000340        0x0 ./menu_handler.o
 .text          0x00000340        0x0 ./rtcs.o
 .text          0x00000340        0x0 ./set_color.o
 .text          0x00000340        0x0 ./setup.o
 .text          0x00000340        0x0 ./switches.o
 .text          0x00000340        0x0 ./systick.o
 .text          0x00000340        0x0 ./tm4c123gh6pm_startup_ccs_gcc.o
 .text          0x00000340      0x370 c:/ti/ccsv7/tools/compiler/gcc-arm-none-eabi-4_9-2015q3/bin/../lib/gcc/arm-none-eabi/4.9.3/armv7e-m/fpu\libgcc.a(_arm_addsubdf3.o)
                0x00000340                __aeabi_drsub
                0x00000348                __aeabi_dsub
                0x00000348                __subdf3
                0x0000034c                __aeabi_dadd
                0x0000034c                __adddf3
                0x000005c4                __floatunsidf
                0x000005c4                __aeabi_ui2d
                0x000005e4                __floatsidf
                0x000005e4                __aeabi_i2d
                0x00000608                __aeabi_f2d
                0x00000608                __extendsfdf2
                0x00000644                __floatundidf
                0x00000644                __aeabi_ul2d
                0x00000654                __floatdidf
                0x00000654                __aeabi_l2d
 .text          0x000006b0      0x424 c:/ti/ccsv7/tools/compiler/gcc-arm-none-eabi-4_9-2015q3/bin/../lib/gcc/arm-none-eabi/4.9.3/armv7e-m/fpu\libgcc.a(_arm_muldivdf3.o)
                0x000006b0                __aeabi_dmul
                0x000006b0                __muldf3
                0x00000904                __divdf3
                0x00000904                __aeabi_ddiv
 .text          0x00000ad4      0x110 c:/ti/ccsv7/tools/compiler/gcc-arm-none-eabi-4_9-2015q3/bin/../lib/gcc/arm-none-eabi/4.9.3/armv7e-m/fpu\libgcc.a(_arm_cmpdf2.o)
                0x00000ad4                __gtdf2
                0x00000ad4                __gedf2
                0x00000adc                __ltdf2
                0x00000adc                __ledf2
                0x00000ae4                __nedf2
                0x00000ae4                __eqdf2
                0x00000ae4                __cmpdf2
                0x00000b60                __aeabi_cdrcmple
                0x00000b70                __aeabi_cdcmpeq
                0x00000b70                __aeabi_cdcmple
                0x00000b80                __aeabi_dcmpeq
                0x00000b94                __aeabi_dcmplt
                0x00000ba8                __aeabi_dcmple
                0x00000bbc                __aeabi_dcmpge
                0x00000bd0                __aeabi_dcmpgt
 .text          0x00000be4       0x50 c:/ti/ccsv7/tools/compiler/gcc-arm-none-eabi-4_9-2015q3/bin/../lib/gcc/arm-none-eabi/4.9.3/armv7e-m/fpu\libgcc.a(_arm_fixdfsi.o)
                0x00000be4                __aeabi_d2iz
                0x00000be4                __fixdfsi
 .text          0x00000c34        0x0 c:/ti/ccsv7/tools/compiler/gcc-arm-none-eabi-4_9-2015q3/bin/../lib/gcc/arm-none-eabi/4.9.3/../../../../arm-none-eabi/lib/armv7e-m/fpu\libg.a(lib_a-exit.o)
 .text          0x00000c34        0x0 c:/ti/ccsv7/tools/compiler/gcc-arm-none-eabi-4_9-2015q3/bin/../lib/gcc/arm-none-eabi/4.9.3/../../../../arm-none-eabi/lib/armv7e-m/fpu\libg.a(lib_a-impure.o)
 .text          0x00000c34        0x0 c:/ti/ccsv7/tools/compiler/gcc-arm-none-eabi-4_9-2015q3/bin/../lib/gcc/arm-none-eabi/4.9.3/../../../../arm-none-eabi/lib/armv7e-m/fpu\libg.a(lib_a-init.o)
 .text          0x00000c34        0x0 c:/ti/ccsv7/tools/compiler/gcc-arm-none-eabi-4_9-2015q3/bin/../lib/gcc/arm-none-eabi/4.9.3/../../../../arm-none-eabi/lib/armv7e-m/fpu\libg.a(lib_a-itoa.o)
 .text          0x00000c34        0x0 c:/ti/ccsv7/tools/compiler/gcc-arm-none-eabi-4_9-2015q3/bin/../lib/gcc/arm-none-eabi/4.9.3/../../../../arm-none-eabi/lib/armv7e-m/fpu\libg.a(lib_a-memset.o)
 .text          0x00000c34        0x0 c:/ti/ccsv7/tools/compiler/gcc-arm-none-eabi-4_9-2015q3/bin/../lib/gcc/arm-none-eabi/4.9.3/../../../../arm-none-eabi/lib/armv7e-m/fpu\libg.a(lib_a-strcpy.o)
 .text          0x00000c34        0x0 c:/ti/ccsv7/tools/compiler/gcc-arm-none-eabi-4_9-2015q3/bin/../lib/gcc/arm-none-eabi/4.9.3/../../../../arm-none-eabi/lib/armv7e-m/fpu\libg.a(lib_a-utoa.o)
 .text          0x00000c34        0x0 c:/ti/ccsv7/tools/compiler/gcc-arm-none-eabi-4_9-2015q3/bin/../lib/gcc/arm-none-eabi/4.9.3/../../../../arm-none-eabi/lib/armv7e-m/fpu\libg.a(lib_a-__call_atexit.o)
 .text          0x00000c34        0x0 c:/ti/ccsv7/tools/compiler/gcc-arm-none-eabi-4_9-2015q3/bin/../lib/gcc/arm-none-eabi/4.9.3/../../../../arm-none-eabi/lib/armv7e-m/fpu\libg.a(lib_a-atexit.o)
 .text          0x00000c34        0x0 c:/ti/ccsv7/tools/compiler/gcc-arm-none-eabi-4_9-2015q3/bin/../lib/gcc/arm-none-eabi/4.9.3/../../../../arm-none-eabi/lib/armv7e-m/fpu\libg.a(lib_a-fini.o)
 .text          0x00000c34        0x0 c:/ti/ccsv7/tools/compiler/gcc-arm-none-eabi-4_9-2015q3/bin/../lib/gcc/arm-none-eabi/4.9.3/../../../../arm-none-eabi/lib/armv7e-m/fpu\libg.a(lib_a-__atexit.o)
 .text          0x00000c34        0x0 c:/ti/ccsv7/tools/compiler/gcc-arm-none-eabi-4_9-2015q3/bin/../lib/gcc/arm-none-eabi/4.9.3/../../../../arm-none-eabi/lib/armv7e-m/fpu\libnosys.a(_exit.o)
 .text          0x00000c34        0x0 c:/ti/ccsv7/tools/compiler/gcc-arm-none-eabi-4_9-2015q3/bin/../lib/gcc/arm-none-eabi/4.9.3/armv7e-m/fpu/crtend.o
 .text          0x00000c34        0x0 c:/ti/ccsv7/tools/compiler/gcc-arm-none-eabi-4_9-2015q3/bin/../lib/gcc/arm-none-eabi/4.9.3/armv7e-m/fpu/crtn.o
 *(.text.*)
 .text.ADC0_setup
                0x00000c34      0x11c ./adcudma.o
                0x00000c34                ADC0_setup
 .text.ADC1_setup
                0x00000d50      0x11c ./adcudma.o
                0x00000d50                ADC1_setup
 .text.DMA_setup
                0x00000e6c       0x80 ./adcudma.o
                0x00000e6c                DMA_setup
 .text.lcd_init
                0x00000eec       0xac ./lcd.o
                0x00000eec                lcd_init
 .text.lcd_write
                0x00000f98       0x3c ./lcd.o
                0x00000f98                lcd_write
 .text.lcd_write4
                0x00000fd4       0x4c ./lcd.o
                0x00000fd4                lcd_write4
 .text.lcd_write8
                0x00001020       0x58 ./lcd.o
                0x00001020                lcd_write8
 .text.pulse_enable
                0x00001078       0x14 ./lcd.o
                0x00001078                pulse_enable
 .text.wait_micro
                0x0000108c       0x24 ./lcd.o
                0x0000108c                wait_micro
 .text.wait_mil
                0x000010b0       0x2c ./lcd.o
                0x000010b0                wait_mil
 .text.lcd_instruct
                0x000010dc       0x70 ./lcd.o
                0x000010dc                lcd_instruct
 .text.lcd_data
                0x0000114c       0x6c ./lcd.o
                0x0000114c                lcd_data
 .text.RS_FLIP  0x000011b8       0x40 ./lcd.o
                0x000011b8                RS_FLIP
 .text.E_FLIP   0x000011f8       0x40 ./lcd.o
                0x000011f8                E_FLIP
 .text.lcd_data_string
                0x00001238       0x40 ./lcd.o
                0x00001238                lcd_data_string
 .text.lcd_data_custom
                0x00001278       0x48 ./lcd.o
                0x00001278                lcd_data_custom
 .text.main     0x000012c0       0xe4 ./main.o
                0x000012c0                main
 .text.handle_click
                0x000013a4      0x224 ./menu_handler.o
                0x000013a4                handle_click
 .text.handle_keypad
                0x000015c8       0x14 ./menu_handler.o
                0x000015c8                handle_keypad
 .text.lcd_move_arrow
                0x000015dc      0x184 ./menu_handler.o
                0x000015dc                lcd_move_arrow
 .text.lcd_enter
                0x00001760       0x40 ./menu_handler.o
                0x00001760                lcd_enter
 .text.lcd_menu
                0x000017a0       0x98 ./menu_handler.o
                0x000017a0                lcd_menu
 .text.enter_pulse
                0x00001838       0xac ./menu_handler.o
                0x00001838                enter_pulse
 .text.enter_FFT
                0x000018e4       0x20 ./menu_handler.o
                0x000018e4                enter_FFT
 .text.enter_details
                0x00001904       0x24 ./menu_handler.o
                0x00001904                enter_details
 .text.enter_settings
                0x00001928       0x20 ./menu_handler.o
                0x00001928                enter_settings
 .text.pause_screen
                0x00001948       0xa4 ./menu_handler.o
                0x00001948                pause_screen
 .text.ADC_collect
                0x000019ec       0x4c ./menu_handler.o
                0x000019ec                ADC_collect
 .text.ADC_PULSE
                0x00001a38      0x2bc ./menu_handler.o
                0x00001a38                ADC_PULSE
 .text.itostr   0x00001cf4       0x48 ./menu_handler.o
                0x00001cf4                itostr
 .text.ADC_LED  0x00001d3c       0x70 ./menu_handler.o
                0x00001d3c                ADC_LED
 .text.ADC_AGE  0x00001dac        0xc ./menu_handler.o
                0x00001dac                ADC_AGE
 .text.enter_gender
                0x00001db8       0x64 ./menu_handler.o
                0x00001db8                enter_gender
 .text.enter_age
                0x00001e1c       0x60 ./menu_handler.o
                0x00001e1c                enter_age
 .text.update_state
                0x00001e7c      0x118 ./menu_handler.o
                0x00001e7c                update_state
 .text.retrieve_id
                0x00001f94       0x20 ./rtcs.o
                0x00001f94                retrieve_id
 .text.i_am_alive
                0x00001fb4       0x5c ./rtcs.o
                0x00001fb4                i_am_alive
 .text.set_state
                0x00002010       0x34 ./rtcs.o
                0x00002010                set_state
 .text.wait     0x00002044       0x48 ./rtcs.o
                0x00002044                wait
 .text.wait_sem
                0x0000208c       0xf8 ./rtcs.o
                0x0000208c                wait_sem
 .text.signal   0x00002184       0x40 ./rtcs.o
                0x00002184                signal
 .text.preset_sem
                0x000021c4       0x34 ./rtcs.o
                0x000021c4                preset_sem
 .text.open_queue
                0x000021f8       0x90 ./rtcs.o
                0x000021f8                open_queue
 .text.put_queue
                0x00002288       0xc4 ./rtcs.o
                0x00002288                put_queue
 .text.get_queue
                0x0000234c       0xc4 ./rtcs.o
                0x0000234c                get_queue
 .text.start_task
                0x00002410       0x84 ./rtcs.o
                0x00002410                start_task
 .text.init_rtcs
                0x00002494       0x48 ./rtcs.o
                0x00002494                init_rtcs
 .text.schedule
                0x000024dc      0x20c ./rtcs.o
                0x000024dc                schedule
 .text.SET_LED  0x000026e8       0x84 ./set_color.o
                0x000026e8                SET_LED
 .text.alive_LED
                0x0000276c       0x3c ./set_color.o
                0x0000276c                alive_LED
 .text.LED_OFF  0x000027a8       0x30 ./set_color.o
                0x000027a8                LED_OFF
 .text.gpio_setup
                0x000027d8       0x6c ./setup.o
                0x000027d8                gpio_setup
 .text.LCD_setup
                0x00002844       0x94 ./setup.o
                0x00002844                LCD_setup
 .text.wait2_mil
                0x000028d8       0x2c ./setup.o
                0x000028d8                wait2_mil
 .text.sw1_clicked
                0x00002904       0x24 ./switches.o
                0x00002904                sw1_clicked
 .text.sw2_clicked
                0x00002928       0x24 ./switches.o
                0x00002928                sw2_clicked
 .text.determine_click
                0x0000294c      0x228 ./switches.o
                0x0000294c                determine_click
 .text.systick_handler
                0x00002b74       0x24 ./systick.o
                0x00002b74                systick_handler
 .text.enable_global_int
                0x00002b98       0x10 ./systick.o
                0x00002b98                enable_global_int
 .text.disable_global_int
                0x00002ba8       0x10 ./systick.o
                0x00002ba8                disable_global_int
 .text.init_systick
                0x00002bb8       0x84 ./systick.o
                0x00002bb8                init_systick
 .text.ResetISR
                0x00002c3c       0x68 ./tm4c123gh6pm_startup_ccs_gcc.o
                0x00002c3c                ResetISR
 .text.NmiSR    0x00002ca4        0x8 ./tm4c123gh6pm_startup_ccs_gcc.o
 .text.FaultISR
                0x00002cac        0x8 ./tm4c123gh6pm_startup_ccs_gcc.o
 .text.IntDefaultHandler
                0x00002cb4        0x8 ./tm4c123gh6pm_startup_ccs_gcc.o
 .text.exit     0x00002cbc       0x20 c:/ti/ccsv7/tools/compiler/gcc-arm-none-eabi-4_9-2015q3/bin/../lib/gcc/arm-none-eabi/4.9.3/../../../../arm-none-eabi/lib/armv7e-m/fpu\libg.a(lib_a-exit.o)
                0x00002cbc                exit
 .text.__libc_init_array
                0x00002cdc       0x50 c:/ti/ccsv7/tools/compiler/gcc-arm-none-eabi-4_9-2015q3/bin/../lib/gcc/arm-none-eabi/4.9.3/../../../../arm-none-eabi/lib/armv7e-m/fpu\libg.a(lib_a-init.o)
                0x00002cdc                __libc_init_array
 .text.__itoa   0x00002d2c       0x30 c:/ti/ccsv7/tools/compiler/gcc-arm-none-eabi-4_9-2015q3/bin/../lib/gcc/arm-none-eabi/4.9.3/../../../../arm-none-eabi/lib/armv7e-m/fpu\libg.a(lib_a-itoa.o)
                0x00002d2c                __itoa
 .text.itoa     0x00002d5c        0x4 c:/ti/ccsv7/tools/compiler/gcc-arm-none-eabi-4_9-2015q3/bin/../lib/gcc/arm-none-eabi/4.9.3/../../../../arm-none-eabi/lib/armv7e-m/fpu\libg.a(lib_a-itoa.o)
                0x00002d5c                itoa
 .text.memset   0x00002d60       0x9c c:/ti/ccsv7/tools/compiler/gcc-arm-none-eabi-4_9-2015q3/bin/../lib/gcc/arm-none-eabi/4.9.3/../../../../arm-none-eabi/lib/armv7e-m/fpu\libg.a(lib_a-memset.o)
                0x00002d60                memset
 .text.strcpy   0x00002dfc       0xbc c:/ti/ccsv7/tools/compiler/gcc-arm-none-eabi-4_9-2015q3/bin/../lib/gcc/arm-none-eabi/4.9.3/../../../../arm-none-eabi/lib/armv7e-m/fpu\libg.a(lib_a-strcpy.o)
                0x00002dfc                strcpy
 .text.__utoa   0x00002eb8       0x80 c:/ti/ccsv7/tools/compiler/gcc-arm-none-eabi-4_9-2015q3/bin/../lib/gcc/arm-none-eabi/4.9.3/../../../../arm-none-eabi/lib/armv7e-m/fpu\libg.a(lib_a-utoa.o)
                0x00002eb8                __utoa
 .text.utoa     0x00002f38        0x4 c:/ti/ccsv7/tools/compiler/gcc-arm-none-eabi-4_9-2015q3/bin/../lib/gcc/arm-none-eabi/4.9.3/../../../../arm-none-eabi/lib/armv7e-m/fpu\libg.a(lib_a-utoa.o)
                0x00002f38                utoa
 .text.startup.register_fini
                0x00002f3c       0x14 c:/ti/ccsv7/tools/compiler/gcc-arm-none-eabi-4_9-2015q3/bin/../lib/gcc/arm-none-eabi/4.9.3/../../../../arm-none-eabi/lib/armv7e-m/fpu\libg.a(lib_a-__call_atexit.o)
 .text.__call_exitprocs
                0x00002f50       0xd4 c:/ti/ccsv7/tools/compiler/gcc-arm-none-eabi-4_9-2015q3/bin/../lib/gcc/arm-none-eabi/4.9.3/../../../../arm-none-eabi/lib/armv7e-m/fpu\libg.a(lib_a-__call_atexit.o)
                0x00002f50                __call_exitprocs
 .text.atexit   0x00003024        0xc c:/ti/ccsv7/tools/compiler/gcc-arm-none-eabi-4_9-2015q3/bin/../lib/gcc/arm-none-eabi/4.9.3/../../../../arm-none-eabi/lib/armv7e-m/fpu\libg.a(lib_a-atexit.o)
                0x00003024                atexit
 .text.__libc_fini_array
                0x00003030       0x2c c:/ti/ccsv7/tools/compiler/gcc-arm-none-eabi-4_9-2015q3/bin/../lib/gcc/arm-none-eabi/4.9.3/../../../../arm-none-eabi/lib/armv7e-m/fpu\libg.a(lib_a-fini.o)
                0x00003030                __libc_fini_array
 .text.__register_exitproc
                0x0000305c       0xa4 c:/ti/ccsv7/tools/compiler/gcc-arm-none-eabi-4_9-2015q3/bin/../lib/gcc/arm-none-eabi/4.9.3/../../../../arm-none-eabi/lib/armv7e-m/fpu\libg.a(lib_a-__atexit.o)
                0x0000305c                __register_exitproc
 .text._exit    0x00003100        0x4 c:/ti/ccsv7/tools/compiler/gcc-arm-none-eabi-4_9-2015q3/bin/../lib/gcc/arm-none-eabi/4.9.3/../../../../arm-none-eabi/lib/armv7e-m/fpu\libnosys.a(_exit.o)
                0x00003100                _exit
                0x00003104                . = ALIGN (0x4)
 *(.ctors)
                0x00003104                . = ALIGN (0x4)
 *(.dtors)
                0x00003104                . = ALIGN (0x4)
                0x00003104                __init_array_start = .
 *(.init_array*)
 .init_array    0x00003104        0x4 c:/ti/ccsv7/tools/compiler/gcc-arm-none-eabi-4_9-2015q3/bin/../lib/gcc/arm-none-eabi/4.9.3/armv7e-m/fpu/crtbegin.o
 .init_array.00000
                0x00003108        0x4 c:/ti/ccsv7/tools/compiler/gcc-arm-none-eabi-4_9-2015q3/bin/../lib/gcc/arm-none-eabi/4.9.3/../../../../arm-none-eabi/lib/armv7e-m/fpu\libg.a(lib_a-__call_atexit.o)
                0x0000310c                __init_array_end = .
 *(.init)
 .init          0x0000310c        0x4 c:/ti/ccsv7/tools/compiler/gcc-arm-none-eabi-4_9-2015q3/bin/../lib/gcc/arm-none-eabi/4.9.3/armv7e-m/fpu/crti.o
                0x0000310c                _init
 .init          0x00003110        0x8 c:/ti/ccsv7/tools/compiler/gcc-arm-none-eabi-4_9-2015q3/bin/../lib/gcc/arm-none-eabi/4.9.3/armv7e-m/fpu/crtn.o
 *(.fini*)
 .fini          0x00003118        0x4 c:/ti/ccsv7/tools/compiler/gcc-arm-none-eabi-4_9-2015q3/bin/../lib/gcc/arm-none-eabi/4.9.3/armv7e-m/fpu/crti.o
                0x00003118                _fini
 .fini_array    0x0000311c        0x4 c:/ti/ccsv7/tools/compiler/gcc-arm-none-eabi-4_9-2015q3/bin/../lib/gcc/arm-none-eabi/4.9.3/armv7e-m/fpu/crtbegin.o
 .fini          0x00003120        0x8 c:/ti/ccsv7/tools/compiler/gcc-arm-none-eabi-4_9-2015q3/bin/../lib/gcc/arm-none-eabi/4.9.3/armv7e-m/fpu/crtn.o
                0x00003128                PROVIDE (__etext, .)
                0x00003128                PROVIDE (_etext, .)
                0x00003128                PROVIDE (etext, .)

.glue_7         0x00003128        0x0
 .glue_7        0x00000000        0x0 linker stubs

.glue_7t        0x00003128        0x0
 .glue_7t       0x00000000        0x0 linker stubs

.vfp11_veneer   0x00003128        0x0
 .vfp11_veneer  0x00000000        0x0 linker stubs

.v4_bx          0x00003128        0x0
 .v4_bx         0x00000000        0x0 linker stubs

.iplt           0x00003128        0x0
 .iplt          0x00000000        0x0 c:/ti/ccsv7/tools/compiler/gcc-arm-none-eabi-4_9-2015q3/bin/../lib/gcc/arm-none-eabi/4.9.3/armv7e-m/fpu/crtbegin.o

.rodata         0x00003128      0x100
 *(.rodata)
 .rodata        0x00003128       0x94 ./menu_handler.o
 *(.rodata*)
 .rodata.menu_strs
                0x000031bc       0x3c ./menu_handler.o
 .rodata.str1.4
                0x000031f8        0x2 c:/ti/ccsv7/tools/compiler/gcc-arm-none-eabi-4_9-2015q3/bin/../lib/gcc/arm-none-eabi/4.9.3/../../../../arm-none-eabi/lib/armv7e-m/fpu\libg.a(lib_a-impure.o)
 *fill*         0x000031fa        0x2 
 .rodata._global_impure_ptr
                0x000031fc        0x4 c:/ti/ccsv7/tools/compiler/gcc-arm-none-eabi-4_9-2015q3/bin/../lib/gcc/arm-none-eabi/4.9.3/../../../../arm-none-eabi/lib/armv7e-m/fpu\libg.a(lib_a-impure.o)
                0x000031fc                _global_impure_ptr
 .rodata.str1.4
                0x00003200       0x28 c:/ti/ccsv7/tools/compiler/gcc-arm-none-eabi-4_9-2015q3/bin/../lib/gcc/arm-none-eabi/4.9.3/../../../../arm-none-eabi/lib/armv7e-m/fpu\libg.a(lib_a-utoa.o)
                                 0x25 (size before relaxing)

.eh_frame       0x00003228        0x4
 .eh_frame      0x00003228        0x0 c:/ti/ccsv7/tools/compiler/gcc-arm-none-eabi-4_9-2015q3/bin/../lib/gcc/arm-none-eabi/4.9.3/armv7e-m/fpu/crtbegin.o
 .eh_frame      0x00003228        0x4 c:/ti/ccsv7/tools/compiler/gcc-arm-none-eabi-4_9-2015q3/bin/../lib/gcc/arm-none-eabi/4.9.3/armv7e-m/fpu/crtend.o

.data           0x20000000      0x514 load address 0x0000322c
                0x0000322c                __data_load__ = LOADADDR (.data)
                0x20000000                __data_start__ = .
 *(.data)
 .data          0x20000000        0x0 c:/ti/ccsv7/tools/compiler/gcc-arm-none-eabi-4_9-2015q3/bin/../lib/gcc/arm-none-eabi/4.9.3/armv7e-m/fpu/crti.o
 .data          0x20000000        0x4 c:/ti/ccsv7/tools/compiler/gcc-arm-none-eabi-4_9-2015q3/bin/../lib/gcc/arm-none-eabi/4.9.3/armv7e-m/fpu/crtbegin.o
                0x20000000                __dso_handle
 .data          0x20000004        0x0 c:/ti/ccsv7/tools/compiler/gcc-arm-none-eabi-4_9-2015q3/bin/../lib/gcc/arm-none-eabi/4.9.3/../../../../arm-none-eabi/lib/armv7e-m/fpu/crt0.o
 .data          0x20000004        0x0 ./adcudma.o
 .data          0x20000004        0x0 ./lcd.o
 .data          0x20000004        0x0 ./main.o
 .data          0x20000004        0x0 ./menu_handler.o
 .data          0x20000004        0x0 ./rtcs.o
 .data          0x20000004        0x0 ./set_color.o
 .data          0x20000004        0x0 ./setup.o
 .data          0x20000004        0x0 ./switches.o
 .data          0x20000004        0x0 ./systick.o
 .data          0x20000004        0x0 ./tm4c123gh6pm_startup_ccs_gcc.o
 .data          0x20000004        0x0 c:/ti/ccsv7/tools/compiler/gcc-arm-none-eabi-4_9-2015q3/bin/../lib/gcc/arm-none-eabi/4.9.3/armv7e-m/fpu\libgcc.a(_arm_addsubdf3.o)
 .data          0x20000004        0x0 c:/ti/ccsv7/tools/compiler/gcc-arm-none-eabi-4_9-2015q3/bin/../lib/gcc/arm-none-eabi/4.9.3/armv7e-m/fpu\libgcc.a(_arm_muldivdf3.o)
 .data          0x20000004        0x0 c:/ti/ccsv7/tools/compiler/gcc-arm-none-eabi-4_9-2015q3/bin/../lib/gcc/arm-none-eabi/4.9.3/armv7e-m/fpu\libgcc.a(_arm_cmpdf2.o)
 .data          0x20000004        0x0 c:/ti/ccsv7/tools/compiler/gcc-arm-none-eabi-4_9-2015q3/bin/../lib/gcc/arm-none-eabi/4.9.3/armv7e-m/fpu\libgcc.a(_arm_fixdfsi.o)
 .data          0x20000004        0x0 c:/ti/ccsv7/tools/compiler/gcc-arm-none-eabi-4_9-2015q3/bin/../lib/gcc/arm-none-eabi/4.9.3/../../../../arm-none-eabi/lib/armv7e-m/fpu\libg.a(lib_a-exit.o)
 .data          0x20000004        0x0 c:/ti/ccsv7/tools/compiler/gcc-arm-none-eabi-4_9-2015q3/bin/../lib/gcc/arm-none-eabi/4.9.3/../../../../arm-none-eabi/lib/armv7e-m/fpu\libg.a(lib_a-impure.o)
 .data          0x20000004        0x0 c:/ti/ccsv7/tools/compiler/gcc-arm-none-eabi-4_9-2015q3/bin/../lib/gcc/arm-none-eabi/4.9.3/../../../../arm-none-eabi/lib/armv7e-m/fpu\libg.a(lib_a-init.o)
 .data          0x20000004        0x0 c:/ti/ccsv7/tools/compiler/gcc-arm-none-eabi-4_9-2015q3/bin/../lib/gcc/arm-none-eabi/4.9.3/../../../../arm-none-eabi/lib/armv7e-m/fpu\libg.a(lib_a-itoa.o)
 .data          0x20000004        0x0 c:/ti/ccsv7/tools/compiler/gcc-arm-none-eabi-4_9-2015q3/bin/../lib/gcc/arm-none-eabi/4.9.3/../../../../arm-none-eabi/lib/armv7e-m/fpu\libg.a(lib_a-memset.o)
 .data          0x20000004        0x0 c:/ti/ccsv7/tools/compiler/gcc-arm-none-eabi-4_9-2015q3/bin/../lib/gcc/arm-none-eabi/4.9.3/../../../../arm-none-eabi/lib/armv7e-m/fpu\libg.a(lib_a-strcpy.o)
 .data          0x20000004        0x0 c:/ti/ccsv7/tools/compiler/gcc-arm-none-eabi-4_9-2015q3/bin/../lib/gcc/arm-none-eabi/4.9.3/../../../../arm-none-eabi/lib/armv7e-m/fpu\libg.a(lib_a-utoa.o)
 .data          0x20000004        0x0 c:/ti/ccsv7/tools/compiler/gcc-arm-none-eabi-4_9-2015q3/bin/../lib/gcc/arm-none-eabi/4.9.3/../../../../arm-none-eabi/lib/armv7e-m/fpu\libg.a(lib_a-__call_atexit.o)
 .data          0x20000004        0x0 c:/ti/ccsv7/tools/compiler/gcc-arm-none-eabi-4_9-2015q3/bin/../lib/gcc/arm-none-eabi/4.9.3/../../../../arm-none-eabi/lib/armv7e-m/fpu\libg.a(lib_a-atexit.o)
 .data          0x20000004        0x0 c:/ti/ccsv7/tools/compiler/gcc-arm-none-eabi-4_9-2015q3/bin/../lib/gcc/arm-none-eabi/4.9.3/../../../../arm-none-eabi/lib/armv7e-m/fpu\libg.a(lib_a-fini.o)
 .data          0x20000004        0x0 c:/ti/ccsv7/tools/compiler/gcc-arm-none-eabi-4_9-2015q3/bin/../lib/gcc/arm-none-eabi/4.9.3/../../../../arm-none-eabi/lib/armv7e-m/fpu\libg.a(lib_a-__atexit.o)
 .data          0x20000004        0x0 c:/ti/ccsv7/tools/compiler/gcc-arm-none-eabi-4_9-2015q3/bin/../lib/gcc/arm-none-eabi/4.9.3/../../../../arm-none-eabi/lib/armv7e-m/fpu\libnosys.a(_exit.o)
 .data          0x20000004        0x0 c:/ti/ccsv7/tools/compiler/gcc-arm-none-eabi-4_9-2015q3/bin/../lib/gcc/arm-none-eabi/4.9.3/armv7e-m/fpu/crtend.o
 .data          0x20000004        0x0 c:/ti/ccsv7/tools/compiler/gcc-arm-none-eabi-4_9-2015q3/bin/../lib/gcc/arm-none-eabi/4.9.3/armv7e-m/fpu/crtn.o
 *(.data*)
 .data.LED_timer
                0x20000004        0x2 ./main.o
                0x20000004                LED_timer
 .data.alive_timer
                0x20000006        0x2 ./main.o
 .data.pause_screen_timer
                0x20000008        0x8 ./main.o
 .data.adc_pin  0x20000010        0x4 ./main.o
 .data.current_pulse_state
                0x20000014        0x4 ./menu_handler.o
 .data.current_gender
                0x20000018        0x4 ./menu_handler.o
 .data.current_age
                0x2000001c        0x4 ./menu_handler.o
 .data.arrow_pos
                0x20000020        0x4 ./menu_handler.o
 .data.state_update_LED
                0x20000024        0x4 ./menu_handler.o
 .data.pulse_threshold
                0x20000028        0x4 ./menu_handler.o
 .data.age_char_1
                0x2000002c        0x1 ./menu_handler.o
 .data.age_char_2
                0x2000002d        0x1 ./menu_handler.o
 .data.age_char_3
                0x2000002e        0x1 ./menu_handler.o
 *fill*         0x2000002f        0x1 
 .data.pulse_stat_1
                0x20000030       0x14 ./menu_handler.o
 .data.pulse_stat_2
                0x20000044       0x14 ./menu_handler.o
 .data.pulse_stat_3
                0x20000058       0x14 ./menu_handler.o
 .data.pulse_stat_4
                0x2000006c       0x14 ./menu_handler.o
 .data.pulse_stat_5
                0x20000080       0x14 ./menu_handler.o
 .data.pulse_stat_SAB
                0x20000094       0x14 ./menu_handler.o
 .data.pulse_str
                0x200000a8        0x5 ./menu_handler.o
 *fill*         0x200000ad        0x3 
 .data.pulse_status
                0x200000b0       0x14 ./menu_handler.o
 .data.lillemand
                0x200000c4        0x8 ./menu_handler.o
 .data.line_one_char
                0x200000cc        0x1 ./menu_handler.o
 .data.line_two_char
                0x200000cd        0x1 ./menu_handler.o
 .data.line_three_char
                0x200000ce        0x1 ./menu_handler.o
 .data.line_four_char
                0x200000cf        0x1 ./menu_handler.o
 .data.details_line_one_char
                0x200000d0        0x1 ./menu_handler.o
 .data.details_line_two_char
                0x200000d1        0x1 ./menu_handler.o
 *fill*         0x200000d2        0x6 
 .data.update_state_timer
                0x200000d8        0x8 ./menu_handler.o
 .data.LED_timer
                0x200000e0        0x8 ./menu_handler.o
 .data.impure_data
                0x200000e8      0x428 c:/ti/ccsv7/tools/compiler/gcc-arm-none-eabi-4_9-2015q3/bin/../lib/gcc/arm-none-eabi/4.9.3/../../../../arm-none-eabi/lib/armv7e-m/fpu\libg.a(lib_a-impure.o)
 .data._impure_ptr
                0x20000510        0x4 c:/ti/ccsv7/tools/compiler/gcc-arm-none-eabi-4_9-2015q3/bin/../lib/gcc/arm-none-eabi/4.9.3/../../../../arm-none-eabi/lib/armv7e-m/fpu\libg.a(lib_a-impure.o)
                0x20000510                _impure_ptr
                0x20000514                . = ALIGN (0x4)
                0x20000514                __data_end__ = .

.jcr            0x20000514        0x4 load address 0x00003740
 .jcr           0x20000514        0x0 c:/ti/ccsv7/tools/compiler/gcc-arm-none-eabi-4_9-2015q3/bin/../lib/gcc/arm-none-eabi/4.9.3/armv7e-m/fpu/crtbegin.o
 .jcr           0x20000514        0x4 c:/ti/ccsv7/tools/compiler/gcc-arm-none-eabi-4_9-2015q3/bin/../lib/gcc/arm-none-eabi/4.9.3/armv7e-m/fpu/crtend.o

.igot.plt       0x20000518        0x0 load address 0x00003744
 .igot.plt      0x00000000        0x0 c:/ti/ccsv7/tools/compiler/gcc-arm-none-eabi-4_9-2015q3/bin/../lib/gcc/arm-none-eabi/4.9.3/armv7e-m/fpu/crtbegin.o

.ARM.exidx      0x00003744        0x8
                0x00003744                __exidx_start = .
 *(.ARM.exidx* .gnu.linkonce.armexidx.*)
 .ARM.exidx     0x00003744        0x8 c:/ti/ccsv7/tools/compiler/gcc-arm-none-eabi-4_9-2015q3/bin/../lib/gcc/arm-none-eabi/4.9.3/../../../../arm-none-eabi/lib/armv7e-m/fpu/crt0.o
                0x0000374c                __exidx_end = .

.ARM.extab      0x0000374c        0x0
 *(.ARM.extab* .gnu.linkonce.armextab.*)
 .ARM.extab     0x0000374c        0x0 c:/ti/ccsv7/tools/compiler/gcc-arm-none-eabi-4_9-2015q3/bin/../lib/gcc/arm-none-eabi/4.9.3/../../../../arm-none-eabi/lib/armv7e-m/fpu/crt0.o

.rel.dyn        0x0000374c        0x0
 .rel.iplt      0x00000000        0x0 c:/ti/ccsv7/tools/compiler/gcc-arm-none-eabi-4_9-2015q3/bin/../lib/gcc/arm-none-eabi/4.9.3/armv7e-m/fpu/crtbegin.o

.bss            0x20000518      0xc3c
                0x20000518                __bss_start__ = .
 *(.shbss)
 *(.bss)
 .bss           0x20000518        0x0 c:/ti/ccsv7/tools/compiler/gcc-arm-none-eabi-4_9-2015q3/bin/../lib/gcc/arm-none-eabi/4.9.3/armv7e-m/fpu/crti.o
 .bss           0x20000518       0x1c c:/ti/ccsv7/tools/compiler/gcc-arm-none-eabi-4_9-2015q3/bin/../lib/gcc/arm-none-eabi/4.9.3/armv7e-m/fpu/crtbegin.o
 .bss           0x20000534        0x0 c:/ti/ccsv7/tools/compiler/gcc-arm-none-eabi-4_9-2015q3/bin/../lib/gcc/arm-none-eabi/4.9.3/../../../../arm-none-eabi/lib/armv7e-m/fpu/crt0.o
 .bss           0x20000534        0x0 ./adcudma.o
 .bss           0x20000534        0x0 ./lcd.o
 .bss           0x20000534        0x0 ./main.o
 .bss           0x20000534        0x0 ./menu_handler.o
 .bss           0x20000534        0x0 ./rtcs.o
 .bss           0x20000534        0x0 ./set_color.o
 .bss           0x20000534        0x0 ./setup.o
 .bss           0x20000534        0x0 ./switches.o
 .bss           0x20000534        0x0 ./systick.o
 .bss           0x20000534        0x0 ./tm4c123gh6pm_startup_ccs_gcc.o
 .bss           0x20000534        0x0 c:/ti/ccsv7/tools/compiler/gcc-arm-none-eabi-4_9-2015q3/bin/../lib/gcc/arm-none-eabi/4.9.3/armv7e-m/fpu\libgcc.a(_arm_addsubdf3.o)
 .bss           0x20000534        0x0 c:/ti/ccsv7/tools/compiler/gcc-arm-none-eabi-4_9-2015q3/bin/../lib/gcc/arm-none-eabi/4.9.3/armv7e-m/fpu\libgcc.a(_arm_muldivdf3.o)
 .bss           0x20000534        0x0 c:/ti/ccsv7/tools/compiler/gcc-arm-none-eabi-4_9-2015q3/bin/../lib/gcc/arm-none-eabi/4.9.3/armv7e-m/fpu\libgcc.a(_arm_cmpdf2.o)
 .bss           0x20000534        0x0 c:/ti/ccsv7/tools/compiler/gcc-arm-none-eabi-4_9-2015q3/bin/../lib/gcc/arm-none-eabi/4.9.3/armv7e-m/fpu\libgcc.a(_arm_fixdfsi.o)
 .bss           0x20000534        0x0 c:/ti/ccsv7/tools/compiler/gcc-arm-none-eabi-4_9-2015q3/bin/../lib/gcc/arm-none-eabi/4.9.3/../../../../arm-none-eabi/lib/armv7e-m/fpu\libg.a(lib_a-exit.o)
 .bss           0x20000534        0x0 c:/ti/ccsv7/tools/compiler/gcc-arm-none-eabi-4_9-2015q3/bin/../lib/gcc/arm-none-eabi/4.9.3/../../../../arm-none-eabi/lib/armv7e-m/fpu\libg.a(lib_a-impure.o)
 .bss           0x20000534        0x0 c:/ti/ccsv7/tools/compiler/gcc-arm-none-eabi-4_9-2015q3/bin/../lib/gcc/arm-none-eabi/4.9.3/../../../../arm-none-eabi/lib/armv7e-m/fpu\libg.a(lib_a-init.o)
 .bss           0x20000534        0x0 c:/ti/ccsv7/tools/compiler/gcc-arm-none-eabi-4_9-2015q3/bin/../lib/gcc/arm-none-eabi/4.9.3/../../../../arm-none-eabi/lib/armv7e-m/fpu\libg.a(lib_a-itoa.o)
 .bss           0x20000534        0x0 c:/ti/ccsv7/tools/compiler/gcc-arm-none-eabi-4_9-2015q3/bin/../lib/gcc/arm-none-eabi/4.9.3/../../../../arm-none-eabi/lib/armv7e-m/fpu\libg.a(lib_a-memset.o)
 .bss           0x20000534        0x0 c:/ti/ccsv7/tools/compiler/gcc-arm-none-eabi-4_9-2015q3/bin/../lib/gcc/arm-none-eabi/4.9.3/../../../../arm-none-eabi/lib/armv7e-m/fpu\libg.a(lib_a-strcpy.o)
 .bss           0x20000534        0x0 c:/ti/ccsv7/tools/compiler/gcc-arm-none-eabi-4_9-2015q3/bin/../lib/gcc/arm-none-eabi/4.9.3/../../../../arm-none-eabi/lib/armv7e-m/fpu\libg.a(lib_a-utoa.o)
 .bss           0x20000534        0x0 c:/ti/ccsv7/tools/compiler/gcc-arm-none-eabi-4_9-2015q3/bin/../lib/gcc/arm-none-eabi/4.9.3/../../../../arm-none-eabi/lib/armv7e-m/fpu\libg.a(lib_a-__call_atexit.o)
 .bss           0x20000534        0x0 c:/ti/ccsv7/tools/compiler/gcc-arm-none-eabi-4_9-2015q3/bin/../lib/gcc/arm-none-eabi/4.9.3/../../../../arm-none-eabi/lib/armv7e-m/fpu\libg.a(lib_a-atexit.o)
 .bss           0x20000534        0x0 c:/ti/ccsv7/tools/compiler/gcc-arm-none-eabi-4_9-2015q3/bin/../lib/gcc/arm-none-eabi/4.9.3/../../../../arm-none-eabi/lib/armv7e-m/fpu\libg.a(lib_a-fini.o)
 .bss           0x20000534        0x0 c:/ti/ccsv7/tools/compiler/gcc-arm-none-eabi-4_9-2015q3/bin/../lib/gcc/arm-none-eabi/4.9.3/../../../../arm-none-eabi/lib/armv7e-m/fpu\libg.a(lib_a-__atexit.o)
 .bss           0x20000534        0x0 c:/ti/ccsv7/tools/compiler/gcc-arm-none-eabi-4_9-2015q3/bin/../lib/gcc/arm-none-eabi/4.9.3/../../../../arm-none-eabi/lib/armv7e-m/fpu\libnosys.a(_exit.o)
 .bss           0x20000534        0x0 c:/ti/ccsv7/tools/compiler/gcc-arm-none-eabi-4_9-2015q3/bin/../lib/gcc/arm-none-eabi/4.9.3/armv7e-m/fpu/crtend.o
 .bss           0x20000534        0x0 c:/ti/ccsv7/tools/compiler/gcc-arm-none-eabi-4_9-2015q3/bin/../lib/gcc/arm-none-eabi/4.9.3/armv7e-m/fpu/crtn.o
 *(.bss.*)
 .bss.event     0x20000534        0x1 ./main.o
 .bss.key_event
                0x20000535        0x1 ./main.o
 .bss.pause_screen_on
                0x20000536        0x1 ./main.o
 .bss.alive_timer_on
                0x20000537        0x1 ./main.o
 .bss.current_state
                0x20000538        0x4 ./menu_handler.o
 .bss.pulse_state
                0x2000053c        0x4 ./menu_handler.o
 .bss.pulse_trigger
                0x20000540        0x4 ./menu_handler.o
 .bss.age_chars
                0x20000544        0x4 ./menu_handler.o
 .bss.SAB_flag  0x20000548        0x4 ./menu_handler.o
 .bss.pulse_avg_arr
                0x2000054c       0x10 ./menu_handler.o
 .bss.pulse_tick_arr
                0x2000055c       0x10 ./menu_handler.o
 .bss.pulse_avg
                0x2000056c        0x4 ./menu_handler.o
 .bss.pulse_ticks
                0x20000570        0x4 ./menu_handler.o
 .bss.ADC0_result
                0x20000574        0x4 ./menu_handler.o
 .bss.ADC1_result
                0x20000578        0x4 ./menu_handler.o
 .bss.pause_dummy
                0x2000057c        0x1 ./menu_handler.o
 .bss.next_id.4067
                0x2000057d        0x1 ./rtcs.o
 .bss.sw1_state.4008
                0x2000057e        0x1 ./switches.o
 *fill*         0x2000057f        0x1 
 .bss.button_timer.4010
                0x20000580        0x2 ./switches.o
 .bss.sw2_state.4009
                0x20000582        0x1 ./switches.o
 *fill*         0x20000583        0x1 
 .bss.ticks     0x20000584        0x2 ./systick.o
                0x20000584                ticks
 *fill*         0x20000586        0x2 
 .bss.pui32Stack
                0x20000588      0x200 ./tm4c123gh6pm_startup_ccs_gcc.o
 *(COMMON)
 COMMON         0x20000788        0x8 ./menu_handler.o
                0x20000788                pause_screen_timer
 COMMON         0x20000790      0x9c4 ./rtcs.o
                0x20000790                pos
                0x20000850                current_task
                0x20000854                pot
                0x20000914                poq
                0x20001154                . = ALIGN (0x4)
                0x20001154                __bss_end__ = .

.heap           0x20001154        0x0
                0x20001154                __heap_start__ = .
                0x20001154                end = __heap_start__
                0x20001154                _end = end
                0x20001154                __end = end
 *(.heap)
                0x20001154                __heap_end__ = .
                0x20001154                __HeapLimit = __heap_end__

.stack          0x20001158        0x0
                0x20001158                _stack = .
                0x20001158                __stack = .
 *(.stack)
START GROUP
LOAD c:/ti/ccsv7/tools/compiler/gcc-arm-none-eabi-4_9-2015q3/bin/../lib/gcc/arm-none-eabi/4.9.3/armv7e-m/fpu\libgcc.a
LOAD c:/ti/ccsv7/tools/compiler/gcc-arm-none-eabi-4_9-2015q3/bin/../lib/gcc/arm-none-eabi/4.9.3/../../../../arm-none-eabi/lib/armv7e-m/fpu\libg.a
LOAD c:/ti/ccsv7/tools/compiler/gcc-arm-none-eabi-4_9-2015q3/bin/../lib/gcc/arm-none-eabi/4.9.3/../../../../arm-none-eabi/lib/armv7e-m/fpu\libc.a
END GROUP
START GROUP
LOAD c:/ti/ccsv7/tools/compiler/gcc-arm-none-eabi-4_9-2015q3/bin/../lib/gcc/arm-none-eabi/4.9.3/armv7e-m/fpu\libgcc.a
LOAD c:/ti/ccsv7/tools/compiler/gcc-arm-none-eabi-4_9-2015q3/bin/../lib/gcc/arm-none-eabi/4.9.3/../../../../arm-none-eabi/lib/armv7e-m/fpu\libc.a
LOAD c:/ti/ccsv7/tools/compiler/gcc-arm-none-eabi-4_9-2015q3/bin/../lib/gcc/arm-none-eabi/4.9.3/../../../../arm-none-eabi/lib/armv7e-m/fpu\libnosys.a
END GROUP
LOAD c:/ti/ccsv7/tools/compiler/gcc-arm-none-eabi-4_9-2015q3/bin/../lib/gcc/arm-none-eabi/4.9.3/armv7e-m/fpu/crtend.o
LOAD c:/ti/ccsv7/tools/compiler/gcc-arm-none-eabi-4_9-2015q3/bin/../lib/gcc/arm-none-eabi/4.9.3/armv7e-m/fpu/crtn.o
OUTPUT(Projekt_GUI_2.out elf32-littlearm)

.ARM.attributes
                0x00000000       0x30
 .ARM.attributes
                0x00000000       0x22 c:/ti/ccsv7/tools/compiler/gcc-arm-none-eabi-4_9-2015q3/bin/../lib/gcc/arm-none-eabi/4.9.3/armv7e-m/fpu/crti.o
 .ARM.attributes
                0x00000022       0x34 c:/ti/ccsv7/tools/compiler/gcc-arm-none-eabi-4_9-2015q3/bin/../lib/gcc/arm-none-eabi/4.9.3/armv7e-m/fpu/crtbegin.o
 .ARM.attributes
                0x00000056       0x20 c:/ti/ccsv7/tools/compiler/gcc-arm-none-eabi-4_9-2015q3/bin/../lib/gcc/arm-none-eabi/4.9.3/../../../../arm-none-eabi/lib/armv7e-m/fpu/crt0.o
 .ARM.attributes
                0x00000076       0x39 ./adcudma.o
 .ARM.attributes
                0x000000af       0x39 ./lcd.o
 .ARM.attributes
                0x000000e8       0x39 ./main.o
 .ARM.attributes
                0x00000121       0x39 ./menu_handler.o
 .ARM.attributes
                0x0000015a       0x39 ./rtcs.o
 .ARM.attributes
                0x00000193       0x39 ./set_color.o
 .ARM.attributes
                0x000001cc       0x39 ./setup.o
 .ARM.attributes
                0x00000205       0x39 ./switches.o
 .ARM.attributes
                0x0000023e       0x39 ./systick.o
 .ARM.attributes
                0x00000277       0x39 ./tm4c123gh6pm_startup_ccs_gcc.o
 .ARM.attributes
                0x000002b0       0x22 c:/ti/ccsv7/tools/compiler/gcc-arm-none-eabi-4_9-2015q3/bin/../lib/gcc/arm-none-eabi/4.9.3/armv7e-m/fpu\libgcc.a(_arm_addsubdf3.o)
 .ARM.attributes
                0x000002d2       0x22 c:/ti/ccsv7/tools/compiler/gcc-arm-none-eabi-4_9-2015q3/bin/../lib/gcc/arm-none-eabi/4.9.3/armv7e-m/fpu\libgcc.a(_arm_muldivdf3.o)
 .ARM.attributes
                0x000002f4       0x22 c:/ti/ccsv7/tools/compiler/gcc-arm-none-eabi-4_9-2015q3/bin/../lib/gcc/arm-none-eabi/4.9.3/armv7e-m/fpu\libgcc.a(_arm_cmpdf2.o)
 .ARM.attributes
                0x00000316       0x22 c:/ti/ccsv7/tools/compiler/gcc-arm-none-eabi-4_9-2015q3/bin/../lib/gcc/arm-none-eabi/4.9.3/armv7e-m/fpu\libgcc.a(_arm_fixdfsi.o)
 .ARM.attributes
                0x00000338       0x34 c:/ti/ccsv7/tools/compiler/gcc-arm-none-eabi-4_9-2015q3/bin/../lib/gcc/arm-none-eabi/4.9.3/../../../../arm-none-eabi/lib/armv7e-m/fpu\libg.a(lib_a-exit.o)
 .ARM.attributes
                0x0000036c       0x34 c:/ti/ccsv7/tools/compiler/gcc-arm-none-eabi-4_9-2015q3/bin/../lib/gcc/arm-none-eabi/4.9.3/../../../../arm-none-eabi/lib/armv7e-m/fpu\libg.a(lib_a-impure.o)
 .ARM.attributes
                0x000003a0       0x34 c:/ti/ccsv7/tools/compiler/gcc-arm-none-eabi-4_9-2015q3/bin/../lib/gcc/arm-none-eabi/4.9.3/../../../../arm-none-eabi/lib/armv7e-m/fpu\libg.a(lib_a-init.o)
 .ARM.attributes
                0x000003d4       0x34 c:/ti/ccsv7/tools/compiler/gcc-arm-none-eabi-4_9-2015q3/bin/../lib/gcc/arm-none-eabi/4.9.3/../../../../arm-none-eabi/lib/armv7e-m/fpu\libg.a(lib_a-itoa.o)
 .ARM.attributes
                0x00000408       0x34 c:/ti/ccsv7/tools/compiler/gcc-arm-none-eabi-4_9-2015q3/bin/../lib/gcc/arm-none-eabi/4.9.3/../../../../arm-none-eabi/lib/armv7e-m/fpu\libg.a(lib_a-memset.o)
 .ARM.attributes
                0x0000043c       0x34 c:/ti/ccsv7/tools/compiler/gcc-arm-none-eabi-4_9-2015q3/bin/../lib/gcc/arm-none-eabi/4.9.3/../../../../arm-none-eabi/lib/armv7e-m/fpu\libg.a(lib_a-strcpy.o)
 .ARM.attributes
                0x00000470       0x34 c:/ti/ccsv7/tools/compiler/gcc-arm-none-eabi-4_9-2015q3/bin/../lib/gcc/arm-none-eabi/4.9.3/../../../../arm-none-eabi/lib/armv7e-m/fpu\libg.a(lib_a-utoa.o)
 .ARM.attributes
                0x000004a4       0x34 c:/ti/ccsv7/tools/compiler/gcc-arm-none-eabi-4_9-2015q3/bin/../lib/gcc/arm-none-eabi/4.9.3/../../../../arm-none-eabi/lib/armv7e-m/fpu\libg.a(lib_a-__call_atexit.o)
 .ARM.attributes
                0x000004d8       0x34 c:/ti/ccsv7/tools/compiler/gcc-arm-none-eabi-4_9-2015q3/bin/../lib/gcc/arm-none-eabi/4.9.3/../../../../arm-none-eabi/lib/armv7e-m/fpu\libg.a(lib_a-atexit.o)
 .ARM.attributes
                0x0000050c       0x34 c:/ti/ccsv7/tools/compiler/gcc-arm-none-eabi-4_9-2015q3/bin/../lib/gcc/arm-none-eabi/4.9.3/../../../../arm-none-eabi/lib/armv7e-m/fpu\libg.a(lib_a-fini.o)
 .ARM.attributes
                0x00000540       0x34 c:/ti/ccsv7/tools/compiler/gcc-arm-none-eabi-4_9-2015q3/bin/../lib/gcc/arm-none-eabi/4.9.3/../../../../arm-none-eabi/lib/armv7e-m/fpu\libg.a(lib_a-__atexit.o)
 .ARM.attributes
                0x00000574       0x34 c:/ti/ccsv7/tools/compiler/gcc-arm-none-eabi-4_9-2015q3/bin/../lib/gcc/arm-none-eabi/4.9.3/../../../../arm-none-eabi/lib/armv7e-m/fpu\libnosys.a(_exit.o)
 .ARM.attributes
                0x000005a8       0x34 c:/ti/ccsv7/tools/compiler/gcc-arm-none-eabi-4_9-2015q3/bin/../lib/gcc/arm-none-eabi/4.9.3/armv7e-m/fpu/crtend.o
 .ARM.attributes
                0x000005dc       0x22 c:/ti/ccsv7/tools/compiler/gcc-arm-none-eabi-4_9-2015q3/bin/../lib/gcc/arm-none-eabi/4.9.3/armv7e-m/fpu/crtn.o

.comment        0x00000000       0x70
 .comment       0x00000000       0x70 ./adcudma.o
                                 0x71 (size before relaxing)
 .comment       0x00000000       0x71 ./lcd.o
 .comment       0x00000000       0x71 ./main.o
 .comment       0x00000000       0x71 ./menu_handler.o
 .comment       0x00000000       0x71 ./rtcs.o
 .comment       0x00000000       0x71 ./set_color.o
 .comment       0x00000000       0x71 ./setup.o
 .comment       0x00000000       0x71 ./switches.o
 .comment       0x00000000       0x71 ./systick.o
 .comment       0x00000000       0x71 ./tm4c123gh6pm_startup_ccs_gcc.o

.debug_info     0x00000000     0x17c0
 .debug_info    0x00000000       0xee ./adcudma.o
 .debug_info    0x000000ee      0x2c6 ./lcd.o
 .debug_info    0x000003b4      0x158 ./main.o
 .debug_info    0x0000050c      0x7a9 ./menu_handler.o
 .debug_info    0x00000cb5      0x557 ./rtcs.o
 .debug_info    0x0000120c      0x11c ./set_color.o
 .debug_info    0x00001328       0xfd ./setup.o
 .debug_info    0x00001425      0x12a ./switches.o
 .debug_info    0x0000154f       0xfb ./systick.o
 .debug_info    0x0000164a      0x176 ./tm4c123gh6pm_startup_ccs_gcc.o

.debug_abbrev   0x00000000      0x71b
 .debug_abbrev  0x00000000       0x70 ./adcudma.o
 .debug_abbrev  0x00000070       0xbf ./lcd.o
 .debug_abbrev  0x0000012f       0x86 ./main.o
 .debug_abbrev  0x000001b5      0x128 ./menu_handler.o
 .debug_abbrev  0x000002dd      0x16a ./rtcs.o
 .debug_abbrev  0x00000447       0x8d ./set_color.o
 .debug_abbrev  0x000004d4       0x96 ./setup.o
 .debug_abbrev  0x0000056a       0x70 ./switches.o
 .debug_abbrev  0x000005da       0x77 ./systick.o
 .debug_abbrev  0x00000651       0xca ./tm4c123gh6pm_startup_ccs_gcc.o

.debug_aranges  0x00000000      0x2f8
 .debug_aranges
                0x00000000       0x30 ./adcudma.o
 .debug_aranges
                0x00000030       0x80 ./lcd.o
 .debug_aranges
                0x000000b0       0x20 ./main.o
 .debug_aranges
                0x000000d0       0xa8 ./menu_handler.o
 .debug_aranges
                0x00000178       0x80 ./rtcs.o
 .debug_aranges
                0x000001f8       0x30 ./set_color.o
 .debug_aranges
                0x00000228       0x30 ./setup.o
 .debug_aranges
                0x00000258       0x30 ./switches.o
 .debug_aranges
                0x00000288       0x38 ./systick.o
 .debug_aranges
                0x000002c0       0x38 ./tm4c123gh6pm_startup_ccs_gcc.o

.debug_ranges   0x00000000      0x258
 .debug_ranges  0x00000000       0x20 ./adcudma.o
 .debug_ranges  0x00000020       0x70 ./lcd.o
 .debug_ranges  0x00000090       0x10 ./main.o
 .debug_ranges  0x000000a0       0x98 ./menu_handler.o
 .debug_ranges  0x00000138       0x70 ./rtcs.o
 .debug_ranges  0x000001a8       0x20 ./set_color.o
 .debug_ranges  0x000001c8       0x20 ./setup.o
 .debug_ranges  0x000001e8       0x20 ./switches.o
 .debug_ranges  0x00000208       0x28 ./systick.o
 .debug_ranges  0x00000230       0x28 ./tm4c123gh6pm_startup_ccs_gcc.o

.debug_line     0x00000000     0x10b8
 .debug_line    0x00000000      0x19e ./adcudma.o
 .debug_line    0x0000019e      0x22f ./lcd.o
 .debug_line    0x000003cd       0x63 ./main.o
 .debug_line    0x00000430      0x38c ./menu_handler.o
 .debug_line    0x000007bc      0x24e ./rtcs.o
 .debug_line    0x00000a0a      0x14c ./set_color.o
 .debug_line    0x00000b56      0x13d ./setup.o
 .debug_line    0x00000c93      0x17a ./switches.o
 .debug_line    0x00000e0d      0x153 ./systick.o
 .debug_line    0x00000f60      0x158 ./tm4c123gh6pm_startup_ccs_gcc.o

.debug_str      0x00000000      0x884
 .debug_str     0x00000000      0x1b9 ./adcudma.o
                                0x1f6 (size before relaxing)
 .debug_str     0x000001b9       0xaf ./lcd.o
                                0x285 (size before relaxing)
 .debug_str     0x00000268       0x84 ./main.o
                                0x23f (size before relaxing)
 .debug_str     0x000002ec      0x2dc ./menu_handler.o
                                0x519 (size before relaxing)
 .debug_str     0x000005c8      0x119 ./rtcs.o
                                0x322 (size before relaxing)
 .debug_str     0x000006e1       0x29 ./set_color.o
                                0x205 (size before relaxing)
 .debug_str     0x0000070a       0x2a ./setup.o
                                0x1f8 (size before relaxing)
 .debug_str     0x00000734       0x60 ./switches.o
                                0x230 (size before relaxing)
 .debug_str     0x00000794       0x4f ./systick.o
                                0x21f (size before relaxing)
 .debug_str     0x000007e3       0xa1 ./tm4c123gh6pm_startup_ccs_gcc.o
                                0x260 (size before relaxing)

.debug_frame    0x00000000      0xb88
 .debug_frame   0x00000000       0x7c ./adcudma.o
 .debug_frame   0x0000007c      0x1dc ./lcd.o
 .debug_frame   0x00000258       0x2c ./main.o
 .debug_frame   0x00000284      0x250 ./menu_handler.o
 .debug_frame   0x000004d4      0x1fc ./rtcs.o
 .debug_frame   0x000006d0       0x84 ./set_color.o
 .debug_frame   0x00000754       0x88 ./setup.o
 .debug_frame   0x000007dc       0x78 ./switches.o
 .debug_frame   0x00000854       0x90 ./systick.o
 .debug_frame   0x000008e4       0x7c ./tm4c123gh6pm_startup_ccs_gcc.o
 .debug_frame   0x00000960       0x28 c:/ti/ccsv7/tools/compiler/gcc-arm-none-eabi-4_9-2015q3/bin/../lib/gcc/arm-none-eabi/4.9.3/../../../../arm-none-eabi/lib/armv7e-m/fpu\libg.a(lib_a-exit.o)
 .debug_frame   0x00000988       0x2c c:/ti/ccsv7/tools/compiler/gcc-arm-none-eabi-4_9-2015q3/bin/../lib/gcc/arm-none-eabi/4.9.3/../../../../arm-none-eabi/lib/armv7e-m/fpu\libg.a(lib_a-init.o)
 .debug_frame   0x000009b4       0x3c c:/ti/ccsv7/tools/compiler/gcc-arm-none-eabi-4_9-2015q3/bin/../lib/gcc/arm-none-eabi/4.9.3/../../../../arm-none-eabi/lib/armv7e-m/fpu\libg.a(lib_a-itoa.o)
 .debug_frame   0x000009f0       0x34 c:/ti/ccsv7/tools/compiler/gcc-arm-none-eabi-4_9-2015q3/bin/../lib/gcc/arm-none-eabi/4.9.3/../../../../arm-none-eabi/lib/armv7e-m/fpu\libg.a(lib_a-memset.o)
 .debug_frame   0x00000a24       0x20 c:/ti/ccsv7/tools/compiler/gcc-arm-none-eabi-4_9-2015q3/bin/../lib/gcc/arm-none-eabi/4.9.3/../../../../arm-none-eabi/lib/armv7e-m/fpu\libg.a(lib_a-strcpy.o)
 .debug_frame   0x00000a44       0x4c c:/ti/ccsv7/tools/compiler/gcc-arm-none-eabi-4_9-2015q3/bin/../lib/gcc/arm-none-eabi/4.9.3/../../../../arm-none-eabi/lib/armv7e-m/fpu\libg.a(lib_a-utoa.o)
 .debug_frame   0x00000a90       0x50 c:/ti/ccsv7/tools/compiler/gcc-arm-none-eabi-4_9-2015q3/bin/../lib/gcc/arm-none-eabi/4.9.3/../../../../arm-none-eabi/lib/armv7e-m/fpu\libg.a(lib_a-__call_atexit.o)
 .debug_frame   0x00000ae0       0x20 c:/ti/ccsv7/tools/compiler/gcc-arm-none-eabi-4_9-2015q3/bin/../lib/gcc/arm-none-eabi/4.9.3/../../../../arm-none-eabi/lib/armv7e-m/fpu\libg.a(lib_a-atexit.o)
 .debug_frame   0x00000b00       0x34 c:/ti/ccsv7/tools/compiler/gcc-arm-none-eabi-4_9-2015q3/bin/../lib/gcc/arm-none-eabi/4.9.3/../../../../arm-none-eabi/lib/armv7e-m/fpu\libg.a(lib_a-fini.o)
 .debug_frame   0x00000b34       0x34 c:/ti/ccsv7/tools/compiler/gcc-arm-none-eabi-4_9-2015q3/bin/../lib/gcc/arm-none-eabi/4.9.3/../../../../arm-none-eabi/lib/armv7e-m/fpu\libg.a(lib_a-__atexit.o)
 .debug_frame   0x00000b68       0x20 c:/ti/ccsv7/tools/compiler/gcc-arm-none-eabi-4_9-2015q3/bin/../lib/gcc/arm-none-eabi/4.9.3/../../../../arm-none-eabi/lib/armv7e-m/fpu\libnosys.a(_exit.o)
