Archive member included because of file (symbol)

c:/ti/ccsv7/tools/compiler/gcc-arm-none-eabi-4_9-2015q3/bin/../lib/gcc/arm-none-eabi/4.9.3/armv7e-m/fpu\libgcc.a(_arm_addsubdf3.o)
                              ./menu_handler.o (__aeabi_i2d)
c:/ti/ccsv7/tools/compiler/gcc-arm-none-eabi-4_9-2015q3/bin/../lib/gcc/arm-none-eabi/4.9.3/armv7e-m/fpu\libgcc.a(_arm_muldivdf3.o)
                              ./menu_handler.o (__aeabi_dmul)
c:/ti/ccsv7/tools/compiler/gcc-arm-none-eabi-4_9-2015q3/bin/../lib/gcc/arm-none-eabi/4.9.3/armv7e-m/fpu\libgcc.a(_arm_cmpdf2.o)
                              ./menu_handler.o (__aeabi_dcmpge)
c:/ti/ccsv7/tools/compiler/gcc-arm-none-eabi-4_9-2015q3/bin/../lib/gcc/arm-none-eabi/4.9.3/armv7e-m/fpu\libgcc.a(_arm_fixdfsi.o)
                              ./menu_handler.o (__aeabi_d2iz)
c:/ti/ccsv7/tools/compiler/gcc-arm-none-eabi-4_9-2015q3/bin/../lib/gcc/arm-none-eabi/4.9.3/../../../../arm-none-eabi/lib/armv7e-m/fpu\libg.a(lib_a-exit.o)
                              c:/ti/ccsv7/tools/compiler/gcc-arm-none-eabi-4_9-2015q3/bin/../lib/gcc/arm-none-eabi/4.9.3/../../../../arm-none-eabi/lib/armv7e-m/fpu/crt0.o (exit)
c:/ti/ccsv7/tools/compiler/gcc-arm-none-eabi-4_9-2015q3/bin/../lib/gcc/arm-none-eabi/4.9.3/../../../../arm-none-eabi/lib/armv7e-m/fpu\libg.a(lib_a-impure.o)
                              c:/ti/ccsv7/tools/compiler/gcc-arm-none-eabi-4_9-2015q3/bin/../lib/gcc/arm-none-eabi/4.9.3/../../../../arm-none-eabi/lib/armv7e-m/fpu\libg.a(lib_a-exit.o) (_global_impure_ptr)
c:/ti/ccsv7/tools/compiler/gcc-arm-none-eabi-4_9-2015q3/bin/../lib/gcc/arm-none-eabi/4.9.3/../../../../arm-none-eabi/lib/armv7e-m/fpu\libg.a(lib_a-init.o)
                              c:/ti/ccsv7/tools/compiler/gcc-arm-none-eabi-4_9-2015q3/bin/../lib/gcc/arm-none-eabi/4.9.3/../../../../arm-none-eabi/lib/armv7e-m/fpu/crt0.o (__libc_init_array)
c:/ti/ccsv7/tools/compiler/gcc-arm-none-eabi-4_9-2015q3/bin/../lib/gcc/arm-none-eabi/4.9.3/../../../../arm-none-eabi/lib/armv7e-m/fpu\libg.a(lib_a-itoa.o)
                              ./menu_handler.o (itoa)
c:/ti/ccsv7/tools/compiler/gcc-arm-none-eabi-4_9-2015q3/bin/../lib/gcc/arm-none-eabi/4.9.3/../../../../arm-none-eabi/lib/armv7e-m/fpu\libg.a(lib_a-memset.o)
                              c:/ti/ccsv7/tools/compiler/gcc-arm-none-eabi-4_9-2015q3/bin/../lib/gcc/arm-none-eabi/4.9.3/../../../../arm-none-eabi/lib/armv7e-m/fpu/crt0.o (memset)
c:/ti/ccsv7/tools/compiler/gcc-arm-none-eabi-4_9-2015q3/bin/../lib/gcc/arm-none-eabi/4.9.3/../../../../arm-none-eabi/lib/armv7e-m/fpu\libg.a(lib_a-strcpy.o)
                              ./menu_handler.o (strcpy)
c:/ti/ccsv7/tools/compiler/gcc-arm-none-eabi-4_9-2015q3/bin/../lib/gcc/arm-none-eabi/4.9.3/../../../../arm-none-eabi/lib/armv7e-m/fpu\libg.a(lib_a-utoa.o)
                              c:/ti/ccsv7/tools/compiler/gcc-arm-none-eabi-4_9-2015q3/bin/../lib/gcc/arm-none-eabi/4.9.3/../../../../arm-none-eabi/lib/armv7e-m/fpu\libg.a(lib_a-itoa.o) (__utoa)
c:/ti/ccsv7/tools/compiler/gcc-arm-none-eabi-4_9-2015q3/bin/../lib/gcc/arm-none-eabi/4.9.3/../../../../arm-none-eabi/lib/armv7e-m/fpu\libg.a(lib_a-__call_atexit.o)
                              c:/ti/ccsv7/tools/compiler/gcc-arm-none-eabi-4_9-2015q3/bin/../lib/gcc/arm-none-eabi/4.9.3/../../../../arm-none-eabi/lib/armv7e-m/fpu\libg.a(lib_a-exit.o) (__call_exitprocs)
c:/ti/ccsv7/tools/compiler/gcc-arm-none-eabi-4_9-2015q3/bin/../lib/gcc/arm-none-eabi/4.9.3/../../../../arm-none-eabi/lib/armv7e-m/fpu\libg.a(lib_a-atexit.o)
                              c:/ti/ccsv7/tools/compiler/gcc-arm-none-eabi-4_9-2015q3/bin/../lib/gcc/arm-none-eabi/4.9.3/../../../../arm-none-eabi/lib/armv7e-m/fpu\libg.a(lib_a-__call_atexit.o) (atexit)
c:/ti/ccsv7/tools/compiler/gcc-arm-none-eabi-4_9-2015q3/bin/../lib/gcc/arm-none-eabi/4.9.3/../../../../arm-none-eabi/lib/armv7e-m/fpu\libg.a(lib_a-fini.o)
                              c:/ti/ccsv7/tools/compiler/gcc-arm-none-eabi-4_9-2015q3/bin/../lib/gcc/arm-none-eabi/4.9.3/../../../../arm-none-eabi/lib/armv7e-m/fpu\libg.a(lib_a-__call_atexit.o) (__libc_fini_array)
c:/ti/ccsv7/tools/compiler/gcc-arm-none-eabi-4_9-2015q3/bin/../lib/gcc/arm-none-eabi/4.9.3/../../../../arm-none-eabi/lib/armv7e-m/fpu\libg.a(lib_a-__atexit.o)
                              c:/ti/ccsv7/tools/compiler/gcc-arm-none-eabi-4_9-2015q3/bin/../lib/gcc/arm-none-eabi/4.9.3/../../../../arm-none-eabi/lib/armv7e-m/fpu\libg.a(lib_a-atexit.o) (__register_exitproc)
c:/ti/ccsv7/tools/compiler/gcc-arm-none-eabi-4_9-2015q3/bin/../lib/gcc/arm-none-eabi/4.9.3/../../../../arm-none-eabi/lib/armv7e-m/fpu\libnosys.a(_exit.o)
                              c:/ti/ccsv7/tools/compiler/gcc-arm-none-eabi-4_9-2015q3/bin/../lib/gcc/arm-none-eabi/4.9.3/../../../../arm-none-eabi/lib/armv7e-m/fpu\libg.a(lib_a-exit.o) (_exit)

Allocating common symbols
Common symbol       size              file

pos                 0xc0              ./rtcs.o
pause_screen_timer  0x8               ./menu_handler.o
current_task        0x1               ./rtcs.o
pot                 0xc0              ./rtcs.o
poq                 0x840             ./rtcs.o

Memory Configuration

Name             Origin             Length             Attributes
FLASH            0x00000000         0x00040000         xr
SRAM             0x20000000         0x00008000         xw
*default*        0x00000000         0xffffffff

Linker script and memory map

LOAD c:/ti/ccsv7/tools/compiler/gcc-arm-none-eabi-4_9-2015q3/bin/../lib/gcc/arm-none-eabi/4.9.3/armv7e-m/fpu/crti.o
LOAD c:/ti/ccsv7/tools/compiler/gcc-arm-none-eabi-4_9-2015q3/bin/../lib/gcc/arm-none-eabi/4.9.3/armv7e-m/fpu/crtbegin.o
LOAD c:/ti/ccsv7/tools/compiler/gcc-arm-none-eabi-4_9-2015q3/bin/../lib/gcc/arm-none-eabi/4.9.3/../../../../arm-none-eabi/lib/armv7e-m/fpu/crt0.o
LOAD ./adcudma.o
LOAD ./lcd.o
LOAD ./main.o
LOAD ./menu_handler.o
LOAD ./rtcs.o
LOAD ./set_color.o
LOAD ./setup.o
LOAD ./switches.o
LOAD ./systick.o
LOAD ./tm4c123gh6pm_startup_ccs_gcc.o
                0x00000000                PROVIDE (_intvecs_base_address, 0x0)

.intvecs        0x00000000      0x26c
 *(.intvecs)
 .intvecs       0x00000000      0x26c ./tm4c123gh6pm_startup_ccs_gcc.o
                0x00000000                g_pfnVectors
                0x20000000                PROVIDE (_vtable_base_address, 0x20000000)

.vtable
 *(.vtable)

.text           0x00000270     0x2e7c
 CREATE_OBJECT_SYMBOLS
 *(.text)
 .text          0x00000270        0x0 c:/ti/ccsv7/tools/compiler/gcc-arm-none-eabi-4_9-2015q3/bin/../lib/gcc/arm-none-eabi/4.9.3/armv7e-m/fpu/crti.o
 .text          0x00000270       0x5c c:/ti/ccsv7/tools/compiler/gcc-arm-none-eabi-4_9-2015q3/bin/../lib/gcc/arm-none-eabi/4.9.3/armv7e-m/fpu/crtbegin.o
 .text          0x000002cc       0x74 c:/ti/ccsv7/tools/compiler/gcc-arm-none-eabi-4_9-2015q3/bin/../lib/gcc/arm-none-eabi/4.9.3/../../../../arm-none-eabi/lib/armv7e-m/fpu/crt0.o
                0x000002cc                _start
                0x000002cc                _mainCRTStartup
 .text          0x00000340        0x0 ./adcudma.o
 .text          0x00000340        0x0 ./lcd.o
 .text          0x00000340        0x0 ./main.o
 .text          0x00000340        0x0 ./menu_handler.o
 .text          0x00000340        0x0 ./rtcs.o
 .text          0x00000340        0x0 ./set_color.o
 .text          0x00000340        0x0 ./setup.o
 .text          0x00000340        0x0 ./switches.o
 .text          0x00000340        0x0 ./systick.o
 .text          0x00000340        0x0 ./tm4c123gh6pm_startup_ccs_gcc.o
 .text          0x00000340      0x370 c:/ti/ccsv7/tools/compiler/gcc-arm-none-eabi-4_9-2015q3/bin/../lib/gcc/arm-none-eabi/4.9.3/armv7e-m/fpu\libgcc.a(_arm_addsubdf3.o)
                0x00000340                __aeabi_drsub
                0x00000348                __aeabi_dsub
                0x00000348                __subdf3
                0x0000034c                __aeabi_dadd
                0x0000034c                __adddf3
                0x000005c4                __floatunsidf
                0x000005c4                __aeabi_ui2d
                0x000005e4                __floatsidf
                0x000005e4                __aeabi_i2d
                0x00000608                __aeabi_f2d
                0x00000608                __extendsfdf2
                0x00000644                __floatundidf
                0x00000644                __aeabi_ul2d
                0x00000654                __floatdidf
                0x00000654                __aeabi_l2d
 .text          0x000006b0      0x424 c:/ti/ccsv7/tools/compiler/gcc-arm-none-eabi-4_9-2015q3/bin/../lib/gcc/arm-none-eabi/4.9.3/armv7e-m/fpu\libgcc.a(_arm_muldivdf3.o)
                0x000006b0                __aeabi_dmul
                0x000006b0                __muldf3
                0x00000904                __divdf3
                0x00000904                __aeabi_ddiv
 .text          0x00000ad4      0x110 c:/ti/ccsv7/tools/compiler/gcc-arm-none-eabi-4_9-2015q3/bin/../lib/gcc/arm-none-eabi/4.9.3/armv7e-m/fpu\libgcc.a(_arm_cmpdf2.o)
                0x00000ad4                __gtdf2
                0x00000ad4                __gedf2
                0x00000adc                __ltdf2
                0x00000adc                __ledf2
                0x00000ae4                __nedf2
                0x00000ae4                __eqdf2
                0x00000ae4                __cmpdf2
                0x00000b60                __aeabi_cdrcmple
                0x00000b70                __aeabi_cdcmpeq
                0x00000b70                __aeabi_cdcmple
                0x00000b80                __aeabi_dcmpeq
                0x00000b94                __aeabi_dcmplt
                0x00000ba8                __aeabi_dcmple
                0x00000bbc                __aeabi_dcmpge
                0x00000bd0                __aeabi_dcmpgt
 .text          0x00000be4       0x50 c:/ti/ccsv7/tools/compiler/gcc-arm-none-eabi-4_9-2015q3/bin/../lib/gcc/arm-none-eabi/4.9.3/armv7e-m/fpu\libgcc.a(_arm_fixdfsi.o)
                0x00000be4                __aeabi_d2iz
                0x00000be4                __fixdfsi
 .text          0x00000c34        0x0 c:/ti/ccsv7/tools/compiler/gcc-arm-none-eabi-4_9-2015q3/bin/../lib/gcc/arm-none-eabi/4.9.3/../../../../arm-none-eabi/lib/armv7e-m/fpu\libg.a(lib_a-exit.o)
 .text          0x00000c34        0x0 c:/ti/ccsv7/tools/compiler/gcc-arm-none-eabi-4_9-2015q3/bin/../lib/gcc/arm-none-eabi/4.9.3/../../../../arm-none-eabi/lib/armv7e-m/fpu\libg.a(lib_a-impure.o)
 .text          0x00000c34        0x0 c:/ti/ccsv7/tools/compiler/gcc-arm-none-eabi-4_9-2015q3/bin/../lib/gcc/arm-none-eabi/4.9.3/../../../../arm-none-eabi/lib/armv7e-m/fpu\libg.a(lib_a-init.o)
 .text          0x00000c34        0x0 c:/ti/ccsv7/tools/compiler/gcc-arm-none-eabi-4_9-2015q3/bin/../lib/gcc/arm-none-eabi/4.9.3/../../../../arm-none-eabi/lib/armv7e-m/fpu\libg.a(lib_a-itoa.o)
 .text          0x00000c34        0x0 c:/ti/ccsv7/tools/compiler/gcc-arm-none-eabi-4_9-2015q3/bin/../lib/gcc/arm-none-eabi/4.9.3/../../../../arm-none-eabi/lib/armv7e-m/fpu\libg.a(lib_a-memset.o)
 .text          0x00000c34        0x0 c:/ti/ccsv7/tools/compiler/gcc-arm-none-eabi-4_9-2015q3/bin/../lib/gcc/arm-none-eabi/4.9.3/../../../../arm-none-eabi/lib/armv7e-m/fpu\libg.a(lib_a-strcpy.o)
 .text          0x00000c34        0x0 c:/ti/ccsv7/tools/compiler/gcc-arm-none-eabi-4_9-2015q3/bin/../lib/gcc/arm-none-eabi/4.9.3/../../../../arm-none-eabi/lib/armv7e-m/fpu\libg.a(lib_a-utoa.o)
 .text          0x00000c34        0x0 c:/ti/ccsv7/tools/compiler/gcc-arm-none-eabi-4_9-2015q3/bin/../lib/gcc/arm-none-eabi/4.9.3/../../../../arm-none-eabi/lib/armv7e-m/fpu\libg.a(lib_a-__call_atexit.o)
 .text          0x00000c34        0x0 c:/ti/ccsv7/tools/compiler/gcc-arm-none-eabi-4_9-2015q3/bin/../lib/gcc/arm-none-eabi/4.9.3/../../../../arm-none-eabi/lib/armv7e-m/fpu\libg.a(lib_a-atexit.o)
 .text          0x00000c34        0x0 c:/ti/ccsv7/tools/compiler/gcc-arm-none-eabi-4_9-2015q3/bin/../lib/gcc/arm-none-eabi/4.9.3/../../../../arm-none-eabi/lib/armv7e-m/fpu\libg.a(lib_a-fini.o)
 .text          0x00000c34        0x0 c:/ti/ccsv7/tools/compiler/gcc-arm-none-eabi-4_9-2015q3/bin/../lib/gcc/arm-none-eabi/4.9.3/../../../../arm-none-eabi/lib/armv7e-m/fpu\libg.a(lib_a-__atexit.o)
 .text          0x00000c34        0x0 c:/ti/ccsv7/tools/compiler/gcc-arm-none-eabi-4_9-2015q3/bin/../lib/gcc/arm-none-eabi/4.9.3/../../../../arm-none-eabi/lib/armv7e-m/fpu\libnosys.a(_exit.o)
 .text          0x00000c34        0x0 c:/ti/ccsv7/tools/compiler/gcc-arm-none-eabi-4_9-2015q3/bin/../lib/gcc/arm-none-eabi/4.9.3/armv7e-m/fpu/crtend.o
 .text          0x00000c34        0x0 c:/ti/ccsv7/tools/compiler/gcc-arm-none-eabi-4_9-2015q3/bin/../lib/gcc/arm-none-eabi/4.9.3/armv7e-m/fpu/crtn.o
 *(.text.*)
 .text.ADC0_setup
                0x00000c34      0x11c ./adcudma.o
                0x00000c34                ADC0_setup
 .text.ADC1_setup
                0x00000d50      0x11c ./adcudma.o
                0x00000d50                ADC1_setup
 .text.DMA_setup
                0x00000e6c       0x80 ./adcudma.o
                0x00000e6c                DMA_setup
 .text.lcd_init
                0x00000eec       0xac ./lcd.o
                0x00000eec                lcd_init
 .text.lcd_write
                0x00000f98       0x3c ./lcd.o
                0x00000f98                lcd_write
 .text.lcd_write4
                0x00000fd4       0x4c ./lcd.o
                0x00000fd4                lcd_write4
 .text.lcd_write8
                0x00001020       0x58 ./lcd.o
                0x00001020                lcd_write8
 .text.pulse_enable
                0x00001078       0x14 ./lcd.o
                0x00001078                pulse_enable
 .text.wait_micro
                0x0000108c       0x24 ./lcd.o
                0x0000108c                wait_micro
 .text.wait_mil
                0x000010b0       0x2c ./lcd.o
                0x000010b0                wait_mil
 .text.lcd_instruct
                0x000010dc       0x70 ./lcd.o
                0x000010dc                lcd_instruct
 .text.lcd_data
                0x0000114c       0x6c ./lcd.o
                0x0000114c                lcd_data
 .text.RS_FLIP  0x000011b8       0x40 ./lcd.o
                0x000011b8                RS_FLIP
 .text.E_FLIP   0x000011f8       0x40 ./lcd.o
                0x000011f8                E_FLIP
 .text.lcd_data_string
                0x00001238       0x40 ./lcd.o
                0x00001238                lcd_data_string
 .text.main     0x00001278      0x114 ./main.o
                0x00001278                main
 .text.handle_click
                0x0000138c      0x1f4 ./menu_handler.o
                0x0000138c                handle_click
 .text.handle_keypad
                0x00001580       0x14 ./menu_handler.o
                0x00001580                handle_keypad
 .text.lcd_move_arrow
                0x00001594      0x184 ./menu_handler.o
                0x00001594                lcd_move_arrow
 .text.lcd_menu
                0x00001718       0x94 ./menu_handler.o
                0x00001718                lcd_menu
 .text.lcd_enter
                0x000017ac       0x40 ./menu_handler.o
                0x000017ac                lcd_enter
 .text.return_menu
                0x000017ec       0x90 ./menu_handler.o
                0x000017ec                return_menu
 .text.enter_pulse
                0x0000187c       0x90 ./menu_handler.o
                0x0000187c                enter_pulse
 .text.enter_FFT
                0x0000190c       0x20 ./menu_handler.o
                0x0000190c                enter_FFT
 .text.enter_details
                0x0000192c       0x24 ./menu_handler.o
                0x0000192c                enter_details
 .text.enter_settings
                0x00001950       0x20 ./menu_handler.o
                0x00001950                enter_settings
 .text.pause_screen
                0x00001970       0xa4 ./menu_handler.o
                0x00001970                pause_screen
 .text.ADC_collect
                0x00001a14       0x4c ./menu_handler.o
                0x00001a14                ADC_collect
 .text.ADC_PULSE
                0x00001a60      0x2c4 ./menu_handler.o
                0x00001a60                ADC_PULSE
 .text.itostr   0x00001d24       0x48 ./menu_handler.o
                0x00001d24                itostr
 .text.ADC_LED  0x00001d6c       0x70 ./menu_handler.o
                0x00001d6c                ADC_LED
 .text.ADC_AGE  0x00001ddc        0xc ./menu_handler.o
                0x00001ddc                ADC_AGE
 .text.enter_gender
                0x00001de8       0x64 ./menu_handler.o
                0x00001de8                enter_gender
 .text.enter_age
                0x00001e4c       0x60 ./menu_handler.o
                0x00001e4c                enter_age
 .text.update_state
                0x00001eac      0x118 ./menu_handler.o
                0x00001eac                update_state
 .text.retrieve_id
                0x00001fc4       0x20 ./rtcs.o
                0x00001fc4                retrieve_id
 .text.i_am_alive
                0x00001fe4       0x5c ./rtcs.o
                0x00001fe4                i_am_alive
 .text.set_state
                0x00002040       0x34 ./rtcs.o
                0x00002040                set_state
 .text.wait     0x00002074       0x48 ./rtcs.o
                0x00002074                wait
 .text.wait_sem
                0x000020bc       0xf8 ./rtcs.o
                0x000020bc                wait_sem
 .text.signal   0x000021b4       0x40 ./rtcs.o
                0x000021b4                signal
 .text.preset_sem
                0x000021f4       0x34 ./rtcs.o
                0x000021f4                preset_sem
 .text.open_queue
                0x00002228       0x90 ./rtcs.o
                0x00002228                open_queue
 .text.put_queue
                0x000022b8       0xc4 ./rtcs.o
                0x000022b8                put_queue
 .text.get_queue
                0x0000237c       0xc4 ./rtcs.o
                0x0000237c                get_queue
 .text.start_task
                0x00002440       0x84 ./rtcs.o
                0x00002440                start_task
 .text.init_rtcs
                0x000024c4       0x48 ./rtcs.o
                0x000024c4                init_rtcs
 .text.schedule
                0x0000250c      0x20c ./rtcs.o
                0x0000250c                schedule
 .text.SET_LED  0x00002718       0x84 ./set_color.o
                0x00002718                SET_LED
 .text.gpio_setup
                0x0000279c       0x6c ./setup.o
                0x0000279c                gpio_setup
 .text.LCD_setup
                0x00002808       0x94 ./setup.o
                0x00002808                LCD_setup
 .text.wait2_mil
                0x0000289c       0x2c ./setup.o
                0x0000289c                wait2_mil
 .text.sw1_clicked
                0x000028c8       0x24 ./switches.o
                0x000028c8                sw1_clicked
 .text.sw2_clicked
                0x000028ec       0x24 ./switches.o
                0x000028ec                sw2_clicked
 .text.determine_click
                0x00002910      0x228 ./switches.o
                0x00002910                determine_click
 .text.systick_handler
                0x00002b38       0x24 ./systick.o
                0x00002b38                systick_handler
 .text.enable_global_int
                0x00002b5c       0x10 ./systick.o
                0x00002b5c                enable_global_int
 .text.disable_global_int
                0x00002b6c       0x10 ./systick.o
                0x00002b6c                disable_global_int
 .text.init_systick
                0x00002b7c       0x84 ./systick.o
                0x00002b7c                init_systick
 .text.ResetISR
                0x00002c00       0x68 ./tm4c123gh6pm_startup_ccs_gcc.o
                0x00002c00                ResetISR
 .text.NmiSR    0x00002c68        0x8 ./tm4c123gh6pm_startup_ccs_gcc.o
 .text.FaultISR
                0x00002c70        0x8 ./tm4c123gh6pm_startup_ccs_gcc.o
 .text.IntDefaultHandler
                0x00002c78        0x8 ./tm4c123gh6pm_startup_ccs_gcc.o
 .text.exit     0x00002c80       0x20 c:/ti/ccsv7/tools/compiler/gcc-arm-none-eabi-4_9-2015q3/bin/../lib/gcc/arm-none-eabi/4.9.3/../../../../arm-none-eabi/lib/armv7e-m/fpu\libg.a(lib_a-exit.o)
                0x00002c80                exit
 .text.__libc_init_array
                0x00002ca0       0x50 c:/ti/ccsv7/tools/compiler/gcc-arm-none-eabi-4_9-2015q3/bin/../lib/gcc/arm-none-eabi/4.9.3/../../../../arm-none-eabi/lib/armv7e-m/fpu\libg.a(lib_a-init.o)
                0x00002ca0                __libc_init_array
 .text.__itoa   0x00002cf0       0x30 c:/ti/ccsv7/tools/compiler/gcc-arm-none-eabi-4_9-2015q3/bin/../lib/gcc/arm-none-eabi/4.9.3/../../../../arm-none-eabi/lib/armv7e-m/fpu\libg.a(lib_a-itoa.o)
                0x00002cf0                __itoa
 .text.itoa     0x00002d20        0x4 c:/ti/ccsv7/tools/compiler/gcc-arm-none-eabi-4_9-2015q3/bin/../lib/gcc/arm-none-eabi/4.9.3/../../../../arm-none-eabi/lib/armv7e-m/fpu\libg.a(lib_a-itoa.o)
                0x00002d20                itoa
 .text.memset   0x00002d24       0x9c c:/ti/ccsv7/tools/compiler/gcc-arm-none-eabi-4_9-2015q3/bin/../lib/gcc/arm-none-eabi/4.9.3/../../../../arm-none-eabi/lib/armv7e-m/fpu\libg.a(lib_a-memset.o)
                0x00002d24                memset
 .text.strcpy   0x00002dc0       0xbc c:/ti/ccsv7/tools/compiler/gcc-arm-none-eabi-4_9-2015q3/bin/../lib/gcc/arm-none-eabi/4.9.3/../../../../arm-none-eabi/lib/armv7e-m/fpu\libg.a(lib_a-strcpy.o)
                0x00002dc0                strcpy
 .text.__utoa   0x00002e7c       0x80 c:/ti/ccsv7/tools/compiler/gcc-arm-none-eabi-4_9-2015q3/bin/../lib/gcc/arm-none-eabi/4.9.3/../../../../arm-none-eabi/lib/armv7e-m/fpu\libg.a(lib_a-utoa.o)
                0x00002e7c                __utoa
 .text.utoa     0x00002efc        0x4 c:/ti/ccsv7/tools/compiler/gcc-arm-none-eabi-4_9-2015q3/bin/../lib/gcc/arm-none-eabi/4.9.3/../../../../arm-none-eabi/lib/armv7e-m/fpu\libg.a(lib_a-utoa.o)
                0x00002efc                utoa
 .text.startup.register_fini
                0x00002f00       0x14 c:/ti/ccsv7/tools/compiler/gcc-arm-none-eabi-4_9-2015q3/bin/../lib/gcc/arm-none-eabi/4.9.3/../../../../arm-none-eabi/lib/armv7e-m/fpu\libg.a(lib_a-__call_atexit.o)
 .text.__call_exitprocs
                0x00002f14       0xd4 c:/ti/ccsv7/tools/compiler/gcc-arm-none-eabi-4_9-2015q3/bin/../lib/gcc/arm-none-eabi/4.9.3/../../../../arm-none-eabi/lib/armv7e-m/fpu\libg.a(lib_a-__call_atexit.o)
                0x00002f14                __call_exitprocs
 .text.atexit   0x00002fe8        0xc c:/ti/ccsv7/tools/compiler/gcc-arm-none-eabi-4_9-2015q3/bin/../lib/gcc/arm-none-eabi/4.9.3/../../../../arm-none-eabi/lib/armv7e-m/fpu\libg.a(lib_a-atexit.o)
                0x00002fe8                atexit
 .text.__libc_fini_array
                0x00002ff4       0x2c c:/ti/ccsv7/tools/compiler/gcc-arm-none-eabi-4_9-2015q3/bin/../lib/gcc/arm-none-eabi/4.9.3/../../../../arm-none-eabi/lib/armv7e-m/fpu\libg.a(lib_a-fini.o)
                0x00002ff4                __libc_fini_array
 .text.__register_exitproc
                0x00003020       0xa4 c:/ti/ccsv7/tools/compiler/gcc-arm-none-eabi-4_9-2015q3/bin/../lib/gcc/arm-none-eabi/4.9.3/../../../../arm-none-eabi/lib/armv7e-m/fpu\libg.a(lib_a-__atexit.o)
                0x00003020                __register_exitproc
 .text._exit    0x000030c4        0x4 c:/ti/ccsv7/tools/compiler/gcc-arm-none-eabi-4_9-2015q3/bin/../lib/gcc/arm-none-eabi/4.9.3/../../../../arm-none-eabi/lib/armv7e-m/fpu\libnosys.a(_exit.o)
                0x000030c4                _exit
                0x000030c8                . = ALIGN (0x4)
 *(.ctors)
                0x000030c8                . = ALIGN (0x4)
 *(.dtors)
                0x000030c8                . = ALIGN (0x4)
                0x000030c8                __init_array_start = .
 *(.init_array*)
 .init_array    0x000030c8        0x4 c:/ti/ccsv7/tools/compiler/gcc-arm-none-eabi-4_9-2015q3/bin/../lib/gcc/arm-none-eabi/4.9.3/armv7e-m/fpu/crtbegin.o
 .init_array.00000
                0x000030cc        0x4 c:/ti/ccsv7/tools/compiler/gcc-arm-none-eabi-4_9-2015q3/bin/../lib/gcc/arm-none-eabi/4.9.3/../../../../arm-none-eabi/lib/armv7e-m/fpu\libg.a(lib_a-__call_atexit.o)
                0x000030d0                __init_array_end = .
 *(.init)
 .init          0x000030d0        0x4 c:/ti/ccsv7/tools/compiler/gcc-arm-none-eabi-4_9-2015q3/bin/../lib/gcc/arm-none-eabi/4.9.3/armv7e-m/fpu/crti.o
                0x000030d0                _init
 .init          0x000030d4        0x8 c:/ti/ccsv7/tools/compiler/gcc-arm-none-eabi-4_9-2015q3/bin/../lib/gcc/arm-none-eabi/4.9.3/armv7e-m/fpu/crtn.o
 *(.fini*)
 .fini          0x000030dc        0x4 c:/ti/ccsv7/tools/compiler/gcc-arm-none-eabi-4_9-2015q3/bin/../lib/gcc/arm-none-eabi/4.9.3/armv7e-m/fpu/crti.o
                0x000030dc                _fini
 .fini_array    0x000030e0        0x4 c:/ti/ccsv7/tools/compiler/gcc-arm-none-eabi-4_9-2015q3/bin/../lib/gcc/arm-none-eabi/4.9.3/armv7e-m/fpu/crtbegin.o
 .fini          0x000030e4        0x8 c:/ti/ccsv7/tools/compiler/gcc-arm-none-eabi-4_9-2015q3/bin/../lib/gcc/arm-none-eabi/4.9.3/armv7e-m/fpu/crtn.o
                0x000030ec                PROVIDE (__etext, .)
                0x000030ec                PROVIDE (_etext, .)
                0x000030ec                PROVIDE (etext, .)

.glue_7         0x000030ec        0x0
 .glue_7        0x00000000        0x0 linker stubs

.glue_7t        0x000030ec        0x0
 .glue_7t       0x00000000        0x0 linker stubs

.vfp11_veneer   0x000030ec        0x0
 .vfp11_veneer  0x00000000        0x0 linker stubs

.v4_bx          0x000030ec        0x0
 .v4_bx         0x00000000        0x0 linker stubs

.iplt           0x000030ec        0x0
 .iplt          0x00000000        0x0 c:/ti/ccsv7/tools/compiler/gcc-arm-none-eabi-4_9-2015q3/bin/../lib/gcc/arm-none-eabi/4.9.3/armv7e-m/fpu/crtbegin.o

.rodata         0x000030ec       0xfc
 *(.rodata)
 .rodata        0x000030ec       0x90 ./menu_handler.o
 *(.rodata*)
 .rodata.menu_strs
                0x0000317c       0x3c ./menu_handler.o
 .rodata.str1.4
                0x000031b8        0x2 c:/ti/ccsv7/tools/compiler/gcc-arm-none-eabi-4_9-2015q3/bin/../lib/gcc/arm-none-eabi/4.9.3/../../../../arm-none-eabi/lib/armv7e-m/fpu\libg.a(lib_a-impure.o)
 *fill*         0x000031ba        0x2 
 .rodata._global_impure_ptr
                0x000031bc        0x4 c:/ti/ccsv7/tools/compiler/gcc-arm-none-eabi-4_9-2015q3/bin/../lib/gcc/arm-none-eabi/4.9.3/../../../../arm-none-eabi/lib/armv7e-m/fpu\libg.a(lib_a-impure.o)
                0x000031bc                _global_impure_ptr
 .rodata.str1.4
                0x000031c0       0x28 c:/ti/ccsv7/tools/compiler/gcc-arm-none-eabi-4_9-2015q3/bin/../lib/gcc/arm-none-eabi/4.9.3/../../../../arm-none-eabi/lib/armv7e-m/fpu\libg.a(lib_a-utoa.o)
                                 0x25 (size before relaxing)

.eh_frame       0x000031e8        0x4
 .eh_frame      0x000031e8        0x0 c:/ti/ccsv7/tools/compiler/gcc-arm-none-eabi-4_9-2015q3/bin/../lib/gcc/arm-none-eabi/4.9.3/armv7e-m/fpu/crtbegin.o
 .eh_frame      0x000031e8        0x4 c:/ti/ccsv7/tools/compiler/gcc-arm-none-eabi-4_9-2015q3/bin/../lib/gcc/arm-none-eabi/4.9.3/armv7e-m/fpu/crtend.o

.data           0x20000000      0x514 load address 0x000031ec
                0x000031ec                __data_load__ = LOADADDR (.data)
                0x20000000                __data_start__ = .
 *(.data)
 .data          0x20000000        0x0 c:/ti/ccsv7/tools/compiler/gcc-arm-none-eabi-4_9-2015q3/bin/../lib/gcc/arm-none-eabi/4.9.3/armv7e-m/fpu/crti.o
 .data          0x20000000        0x4 c:/ti/ccsv7/tools/compiler/gcc-arm-none-eabi-4_9-2015q3/bin/../lib/gcc/arm-none-eabi/4.9.3/armv7e-m/fpu/crtbegin.o
                0x20000000                __dso_handle
 .data          0x20000004        0x0 c:/ti/ccsv7/tools/compiler/gcc-arm-none-eabi-4_9-2015q3/bin/../lib/gcc/arm-none-eabi/4.9.3/../../../../arm-none-eabi/lib/armv7e-m/fpu/crt0.o
 .data          0x20000004        0x0 ./adcudma.o
 .data          0x20000004        0x0 ./lcd.o
 .data          0x20000004        0x0 ./main.o
 .data          0x20000004        0x0 ./menu_handler.o
 .data          0x20000004        0x0 ./rtcs.o
 .data          0x20000004        0x0 ./set_color.o
 .data          0x20000004        0x0 ./setup.o
 .data          0x20000004        0x0 ./switches.o
 .data          0x20000004        0x0 ./systick.o
 .data          0x20000004        0x0 ./tm4c123gh6pm_startup_ccs_gcc.o
 .data          0x20000004        0x0 c:/ti/ccsv7/tools/compiler/gcc-arm-none-eabi-4_9-2015q3/bin/../lib/gcc/arm-none-eabi/4.9.3/armv7e-m/fpu\libgcc.a(_arm_addsubdf3.o)
 .data          0x20000004        0x0 c:/ti/ccsv7/tools/compiler/gcc-arm-none-eabi-4_9-2015q3/bin/../lib/gcc/arm-none-eabi/4.9.3/armv7e-m/fpu\libgcc.a(_arm_muldivdf3.o)
 .data          0x20000004        0x0 c:/ti/ccsv7/tools/compiler/gcc-arm-none-eabi-4_9-2015q3/bin/../lib/gcc/arm-none-eabi/4.9.3/armv7e-m/fpu\libgcc.a(_arm_cmpdf2.o)
 .data          0x20000004        0x0 c:/ti/ccsv7/tools/compiler/gcc-arm-none-eabi-4_9-2015q3/bin/../lib/gcc/arm-none-eabi/4.9.3/armv7e-m/fpu\libgcc.a(_arm_fixdfsi.o)
 .data          0x20000004        0x0 c:/ti/ccsv7/tools/compiler/gcc-arm-none-eabi-4_9-2015q3/bin/../lib/gcc/arm-none-eabi/4.9.3/../../../../arm-none-eabi/lib/armv7e-m/fpu\libg.a(lib_a-exit.o)
 .data          0x20000004        0x0 c:/ti/ccsv7/tools/compiler/gcc-arm-none-eabi-4_9-2015q3/bin/../lib/gcc/arm-none-eabi/4.9.3/../../../../arm-none-eabi/lib/armv7e-m/fpu\libg.a(lib_a-impure.o)
 .data          0x20000004        0x0 c:/ti/ccsv7/tools/compiler/gcc-arm-none-eabi-4_9-2015q3/bin/../lib/gcc/arm-none-eabi/4.9.3/../../../../arm-none-eabi/lib/armv7e-m/fpu\libg.a(lib_a-init.o)
 .data          0x20000004        0x0 c:/ti/ccsv7/tools/compiler/gcc-arm-none-eabi-4_9-2015q3/bin/../lib/gcc/arm-none-eabi/4.9.3/../../../../arm-none-eabi/lib/armv7e-m/fpu\libg.a(lib_a-itoa.o)
 .data          0x20000004        0x0 c:/ti/ccsv7/tools/compiler/gcc-arm-none-eabi-4_9-2015q3/bin/../lib/gcc/arm-none-eabi/4.9.3/../../../../arm-none-eabi/lib/armv7e-m/fpu\libg.a(lib_a-memset.o)
 .data          0x20000004        0x0 c:/ti/ccsv7/tools/compiler/gcc-arm-none-eabi-4_9-2015q3/bin/../lib/gcc/arm-none-eabi/4.9.3/../../../../arm-none-eabi/lib/armv7e-m/fpu\libg.a(lib_a-strcpy.o)
 .data          0x20000004        0x0 c:/ti/ccsv7/tools/compiler/gcc-arm-none-eabi-4_9-2015q3/bin/../lib/gcc/arm-none-eabi/4.9.3/../../../../arm-none-eabi/lib/armv7e-m/fpu\libg.a(lib_a-utoa.o)
 .data          0x20000004        0x0 c:/ti/ccsv7/tools/compiler/gcc-arm-none-eabi-4_9-2015q3/bin/../lib/gcc/arm-none-eabi/4.9.3/../../../../arm-none-eabi/lib/armv7e-m/fpu\libg.a(lib_a-__call_atexit.o)
 .data          0x20000004        0x0 c:/ti/ccsv7/tools/compiler/gcc-arm-none-eabi-4_9-2015q3/bin/../lib/gcc/arm-none-eabi/4.9.3/../../../../arm-none-eabi/lib/armv7e-m/fpu\libg.a(lib_a-atexit.o)
 .data          0x20000004        0x0 c:/ti/ccsv7/tools/compiler/gcc-arm-none-eabi-4_9-2015q3/bin/../lib/gcc/arm-none-eabi/4.9.3/../../../../arm-none-eabi/lib/armv7e-m/fpu\libg.a(lib_a-fini.o)
 .data          0x20000004        0x0 c:/ti/ccsv7/tools/compiler/gcc-arm-none-eabi-4_9-2015q3/bin/../lib/gcc/arm-none-eabi/4.9.3/../../../../arm-none-eabi/lib/armv7e-m/fpu\libg.a(lib_a-__atexit.o)
 .data          0x20000004        0x0 c:/ti/ccsv7/tools/compiler/gcc-arm-none-eabi-4_9-2015q3/bin/../lib/gcc/arm-none-eabi/4.9.3/../../../../arm-none-eabi/lib/armv7e-m/fpu\libnosys.a(_exit.o)
 .data          0x20000004        0x0 c:/ti/ccsv7/tools/compiler/gcc-arm-none-eabi-4_9-2015q3/bin/../lib/gcc/arm-none-eabi/4.9.3/armv7e-m/fpu/crtend.o
 .data          0x20000004        0x0 c:/ti/ccsv7/tools/compiler/gcc-arm-none-eabi-4_9-2015q3/bin/../lib/gcc/arm-none-eabi/4.9.3/armv7e-m/fpu/crtn.o
 *(.data*)
 *fill*         0x20000004        0x4 
 .data.LED_timer
                0x20000008        0x8 ./main.o
                0x20000008                LED_timer
 .data.alive_timer
                0x20000010        0x2 ./main.o
 *fill*         0x20000012        0x6 
 .data.pause_screen_timer
                0x20000018        0x8 ./main.o
 .data.adc_pin  0x20000020        0x4 ./main.o
 .data.current_gender
                0x20000024        0x4 ./menu_handler.o
 .data.current_age
                0x20000028        0x4 ./menu_handler.o
 .data.arrow_pos
                0x2000002c        0x4 ./menu_handler.o
 .data.pulse_threshold
                0x20000030        0x4 ./menu_handler.o
 .data.age_char_1
                0x20000034        0x1 ./menu_handler.o
 .data.age_char_2
                0x20000035        0x1 ./menu_handler.o
 .data.age_char_3
                0x20000036        0x1 ./menu_handler.o
 *fill*         0x20000037        0x1 
 .data.pulse_stat_1
                0x20000038       0x14 ./menu_handler.o
 .data.pulse_stat_2
                0x2000004c       0x14 ./menu_handler.o
 .data.pulse_stat_3
                0x20000060       0x14 ./menu_handler.o
 .data.pulse_stat_4
                0x20000074       0x14 ./menu_handler.o
 .data.pulse_stat_5
                0x20000088       0x14 ./menu_handler.o
 .data.pulse_stat_SAB
                0x2000009c       0x14 ./menu_handler.o
 .data.pulse_str
                0x200000b0        0x5 ./menu_handler.o
 *fill*         0x200000b5        0x3 
 .data.pulse_status
                0x200000b8       0x14 ./menu_handler.o
 .data.line_one_char
                0x200000cc        0x1 ./menu_handler.o
 .data.line_two_char
                0x200000cd        0x1 ./menu_handler.o
 .data.line_three_char
                0x200000ce        0x1 ./menu_handler.o
 .data.line_four_char
                0x200000cf        0x1 ./menu_handler.o
 .data.details_line_one_char
                0x200000d0        0x1 ./menu_handler.o
 .data.details_line_two_char
                0x200000d1        0x1 ./menu_handler.o
 *fill*         0x200000d2        0x6 
 .data.update_state_timer
                0x200000d8        0x8 ./menu_handler.o
 .data.LED_timer
                0x200000e0        0x8 ./menu_handler.o
 .data.impure_data
                0x200000e8      0x428 c:/ti/ccsv7/tools/compiler/gcc-arm-none-eabi-4_9-2015q3/bin/../lib/gcc/arm-none-eabi/4.9.3/../../../../arm-none-eabi/lib/armv7e-m/fpu\libg.a(lib_a-impure.o)
 .data._impure_ptr
                0x20000510        0x4 c:/ti/ccsv7/tools/compiler/gcc-arm-none-eabi-4_9-2015q3/bin/../lib/gcc/arm-none-eabi/4.9.3/../../../../arm-none-eabi/lib/armv7e-m/fpu\libg.a(lib_a-impure.o)
                0x20000510                _impure_ptr
                0x20000514                . = ALIGN (0x4)
                0x20000514                __data_end__ = .

.jcr            0x20000514        0x4 load address 0x00003700
 .jcr           0x20000514        0x0 c:/ti/ccsv7/tools/compiler/gcc-arm-none-eabi-4_9-2015q3/bin/../lib/gcc/arm-none-eabi/4.9.3/armv7e-m/fpu/crtbegin.o
 .jcr           0x20000514        0x4 c:/ti/ccsv7/tools/compiler/gcc-arm-none-eabi-4_9-2015q3/bin/../lib/gcc/arm-none-eabi/4.9.3/armv7e-m/fpu/crtend.o

.igot.plt       0x20000518        0x0 load address 0x00003704
 .igot.plt      0x00000000        0x0 c:/ti/ccsv7/tools/compiler/gcc-arm-none-eabi-4_9-2015q3/bin/../lib/gcc/arm-none-eabi/4.9.3/armv7e-m/fpu/crtbegin.o

.ARM.exidx      0x00003704        0x8
                0x00003704                __exidx_start = .
 *(.ARM.exidx* .gnu.linkonce.armexidx.*)
 .ARM.exidx     0x00003704        0x8 c:/ti/ccsv7/tools/compiler/gcc-arm-none-eabi-4_9-2015q3/bin/../lib/gcc/arm-none-eabi/4.9.3/../../../../arm-none-eabi/lib/armv7e-m/fpu/crt0.o
                0x0000370c                __exidx_end = .

.ARM.extab      0x0000370c        0x0
 *(.ARM.extab* .gnu.linkonce.armextab.*)
 .ARM.extab     0x0000370c        0x0 c:/ti/ccsv7/tools/compiler/gcc-arm-none-eabi-4_9-2015q3/bin/../lib/gcc/arm-none-eabi/4.9.3/../../../../arm-none-eabi/lib/armv7e-m/fpu/crt0.o

.rel.dyn        0x0000370c        0x0
 .rel.iplt      0x00000000        0x0 c:/ti/ccsv7/tools/compiler/gcc-arm-none-eabi-4_9-2015q3/bin/../lib/gcc/arm-none-eabi/4.9.3/armv7e-m/fpu/crtbegin.o

.bss            0x20000518      0xc54
                0x20000518                __bss_start__ = .
 *(.shbss)
 *(.bss)
 .bss           0x20000518        0x0 c:/ti/ccsv7/tools/compiler/gcc-arm-none-eabi-4_9-2015q3/bin/../lib/gcc/arm-none-eabi/4.9.3/armv7e-m/fpu/crti.o
 .bss           0x20000518       0x1c c:/ti/ccsv7/tools/compiler/gcc-arm-none-eabi-4_9-2015q3/bin/../lib/gcc/arm-none-eabi/4.9.3/armv7e-m/fpu/crtbegin.o
 .bss           0x20000534        0x0 c:/ti/ccsv7/tools/compiler/gcc-arm-none-eabi-4_9-2015q3/bin/../lib/gcc/arm-none-eabi/4.9.3/../../../../arm-none-eabi/lib/armv7e-m/fpu/crt0.o
 .bss           0x20000534        0x0 ./adcudma.o
 .bss           0x20000534        0x0 ./lcd.o
 .bss           0x20000534        0x0 ./main.o
 .bss           0x20000534        0x0 ./menu_handler.o
 .bss           0x20000534        0x0 ./rtcs.o
 .bss           0x20000534        0x0 ./set_color.o
 .bss           0x20000534        0x0 ./setup.o
 .bss           0x20000534        0x0 ./switches.o
 .bss           0x20000534        0x0 ./systick.o
 .bss           0x20000534        0x0 ./tm4c123gh6pm_startup_ccs_gcc.o
 .bss           0x20000534        0x0 c:/ti/ccsv7/tools/compiler/gcc-arm-none-eabi-4_9-2015q3/bin/../lib/gcc/arm-none-eabi/4.9.3/armv7e-m/fpu\libgcc.a(_arm_addsubdf3.o)
 .bss           0x20000534        0x0 c:/ti/ccsv7/tools/compiler/gcc-arm-none-eabi-4_9-2015q3/bin/../lib/gcc/arm-none-eabi/4.9.3/armv7e-m/fpu\libgcc.a(_arm_muldivdf3.o)
 .bss           0x20000534        0x0 c:/ti/ccsv7/tools/compiler/gcc-arm-none-eabi-4_9-2015q3/bin/../lib/gcc/arm-none-eabi/4.9.3/armv7e-m/fpu\libgcc.a(_arm_cmpdf2.o)
 .bss           0x20000534        0x0 c:/ti/ccsv7/tools/compiler/gcc-arm-none-eabi-4_9-2015q3/bin/../lib/gcc/arm-none-eabi/4.9.3/armv7e-m/fpu\libgcc.a(_arm_fixdfsi.o)
 .bss           0x20000534        0x0 c:/ti/ccsv7/tools/compiler/gcc-arm-none-eabi-4_9-2015q3/bin/../lib/gcc/arm-none-eabi/4.9.3/../../../../arm-none-eabi/lib/armv7e-m/fpu\libg.a(lib_a-exit.o)
 .bss           0x20000534        0x0 c:/ti/ccsv7/tools/compiler/gcc-arm-none-eabi-4_9-2015q3/bin/../lib/gcc/arm-none-eabi/4.9.3/../../../../arm-none-eabi/lib/armv7e-m/fpu\libg.a(lib_a-impure.o)
 .bss           0x20000534        0x0 c:/ti/ccsv7/tools/compiler/gcc-arm-none-eabi-4_9-2015q3/bin/../lib/gcc/arm-none-eabi/4.9.3/../../../../arm-none-eabi/lib/armv7e-m/fpu\libg.a(lib_a-init.o)
 .bss           0x20000534        0x0 c:/ti/ccsv7/tools/compiler/gcc-arm-none-eabi-4_9-2015q3/bin/../lib/gcc/arm-none-eabi/4.9.3/../../../../arm-none-eabi/lib/armv7e-m/fpu\libg.a(lib_a-itoa.o)
 .bss           0x20000534        0x0 c:/ti/ccsv7/tools/compiler/gcc-arm-none-eabi-4_9-2015q3/bin/../lib/gcc/arm-none-eabi/4.9.3/../../../../arm-none-eabi/lib/armv7e-m/fpu\libg.a(lib_a-memset.o)
 .bss           0x20000534        0x0 c:/ti/ccsv7/tools/compiler/gcc-arm-none-eabi-4_9-2015q3/bin/../lib/gcc/arm-none-eabi/4.9.3/../../../../arm-none-eabi/lib/armv7e-m/fpu\libg.a(lib_a-strcpy.o)
 .bss           0x20000534        0x0 c:/ti/ccsv7/tools/compiler/gcc-arm-none-eabi-4_9-2015q3/bin/../lib/gcc/arm-none-eabi/4.9.3/../../../../arm-none-eabi/lib/armv7e-m/fpu\libg.a(lib_a-utoa.o)
 .bss           0x20000534        0x0 c:/ti/ccsv7/tools/compiler/gcc-arm-none-eabi-4_9-2015q3/bin/../lib/gcc/arm-none-eabi/4.9.3/../../../../arm-none-eabi/lib/armv7e-m/fpu\libg.a(lib_a-__call_atexit.o)
 .bss           0x20000534        0x0 c:/ti/ccsv7/tools/compiler/gcc-arm-none-eabi-4_9-2015q3/bin/../lib/gcc/arm-none-eabi/4.9.3/../../../../arm-none-eabi/lib/armv7e-m/fpu\libg.a(lib_a-atexit.o)
 .bss           0x20000534        0x0 c:/ti/ccsv7/tools/compiler/gcc-arm-none-eabi-4_9-2015q3/bin/../lib/gcc/arm-none-eabi/4.9.3/../../../../arm-none-eabi/lib/armv7e-m/fpu\libg.a(lib_a-fini.o)
 .bss           0x20000534        0x0 c:/ti/ccsv7/tools/compiler/gcc-arm-none-eabi-4_9-2015q3/bin/../lib/gcc/arm-none-eabi/4.9.3/../../../../arm-none-eabi/lib/armv7e-m/fpu\libg.a(lib_a-__atexit.o)
 .bss           0x20000534        0x0 c:/ti/ccsv7/tools/compiler/gcc-arm-none-eabi-4_9-2015q3/bin/../lib/gcc/arm-none-eabi/4.9.3/../../../../arm-none-eabi/lib/armv7e-m/fpu\libnosys.a(_exit.o)
 .bss           0x20000534        0x0 c:/ti/ccsv7/tools/compiler/gcc-arm-none-eabi-4_9-2015q3/bin/../lib/gcc/arm-none-eabi/4.9.3/armv7e-m/fpu/crtend.o
 .bss           0x20000534        0x0 c:/ti/ccsv7/tools/compiler/gcc-arm-none-eabi-4_9-2015q3/bin/../lib/gcc/arm-none-eabi/4.9.3/armv7e-m/fpu/crtn.o
 *(.bss.*)
 .bss.event     0x20000534        0x1 ./main.o
 .bss.key_event
                0x20000535        0x1 ./main.o
 .bss.pause_screen_on
                0x20000536        0x1 ./main.o
 *fill*         0x20000537        0x1 
 .bss.current_state
                0x20000538        0x4 ./menu_handler.o
 .bss.pulse_trigger
                0x2000053c        0x4 ./menu_handler.o
 .bss.age_chars
                0x20000540        0x4 ./menu_handler.o
 .bss.SAB_flag  0x20000544        0x4 ./menu_handler.o
 .bss.state_update_LED
                0x20000548        0x4 ./menu_handler.o
 .bss.pulse_avg_arr
                0x2000054c       0x10 ./menu_handler.o
 .bss.pulse_tick_arr
                0x2000055c       0x10 ./menu_handler.o
 .bss.pulse_avg
                0x2000056c        0x4 ./menu_handler.o
 .bss.pulse_ticks
                0x20000570        0x4 ./menu_handler.o
 .bss.ADC0_result
                0x20000574        0x4 ./menu_handler.o
 .bss.ADC1_result
                0x20000578        0x4 ./menu_handler.o
 .bss.current_pulse_status
                0x2000057c       0x14 ./menu_handler.o
 .bss.pause_dummy
                0x20000590        0x1 ./menu_handler.o
 .bss.next_id.4067
                0x20000591        0x1 ./rtcs.o
 .bss.sw1_state.4008
                0x20000592        0x1 ./switches.o
 *fill*         0x20000593        0x1 
 .bss.button_timer.4010
                0x20000594        0x2 ./switches.o
 .bss.sw2_state.4009
                0x20000596        0x1 ./switches.o
 *fill*         0x20000597        0x1 
 .bss.ticks     0x20000598        0x2 ./systick.o
                0x20000598                ticks
 *fill*         0x2000059a        0x2 
 .bss.pui32Stack
                0x2000059c      0x200 ./tm4c123gh6pm_startup_ccs_gcc.o
 *(COMMON)
 *fill*         0x2000079c        0x4 
 COMMON         0x200007a0        0x8 ./menu_handler.o
                0x200007a0                pause_screen_timer
 COMMON         0x200007a8      0x9c4 ./rtcs.o
                0x200007a8                pos
                0x20000868                current_task
                0x2000086c                pot
                0x2000092c                poq
                0x2000116c                . = ALIGN (0x4)
                0x2000116c                __bss_end__ = .

.heap           0x2000116c        0x0
                0x2000116c                __heap_start__ = .
                0x2000116c                end = __heap_start__
                0x2000116c                _end = end
                0x2000116c                __end = end
 *(.heap)
                0x2000116c                __heap_end__ = .
                0x2000116c                __HeapLimit = __heap_end__

.stack          0x20001170        0x0
                0x20001170                _stack = .
                0x20001170                __stack = .
 *(.stack)
START GROUP
LOAD c:/ti/ccsv7/tools/compiler/gcc-arm-none-eabi-4_9-2015q3/bin/../lib/gcc/arm-none-eabi/4.9.3/armv7e-m/fpu\libgcc.a
LOAD c:/ti/ccsv7/tools/compiler/gcc-arm-none-eabi-4_9-2015q3/bin/../lib/gcc/arm-none-eabi/4.9.3/../../../../arm-none-eabi/lib/armv7e-m/fpu\libg.a
LOAD c:/ti/ccsv7/tools/compiler/gcc-arm-none-eabi-4_9-2015q3/bin/../lib/gcc/arm-none-eabi/4.9.3/../../../../arm-none-eabi/lib/armv7e-m/fpu\libc.a
END GROUP
START GROUP
LOAD c:/ti/ccsv7/tools/compiler/gcc-arm-none-eabi-4_9-2015q3/bin/../lib/gcc/arm-none-eabi/4.9.3/armv7e-m/fpu\libgcc.a
LOAD c:/ti/ccsv7/tools/compiler/gcc-arm-none-eabi-4_9-2015q3/bin/../lib/gcc/arm-none-eabi/4.9.3/../../../../arm-none-eabi/lib/armv7e-m/fpu\libc.a
LOAD c:/ti/ccsv7/tools/compiler/gcc-arm-none-eabi-4_9-2015q3/bin/../lib/gcc/arm-none-eabi/4.9.3/../../../../arm-none-eabi/lib/armv7e-m/fpu\libnosys.a
END GROUP
LOAD c:/ti/ccsv7/tools/compiler/gcc-arm-none-eabi-4_9-2015q3/bin/../lib/gcc/arm-none-eabi/4.9.3/armv7e-m/fpu/crtend.o
LOAD c:/ti/ccsv7/tools/compiler/gcc-arm-none-eabi-4_9-2015q3/bin/../lib/gcc/arm-none-eabi/4.9.3/armv7e-m/fpu/crtn.o
OUTPUT(Projekt_GUI_2.out elf32-littlearm)

.ARM.attributes
                0x00000000       0x30
 .ARM.attributes
                0x00000000       0x22 c:/ti/ccsv7/tools/compiler/gcc-arm-none-eabi-4_9-2015q3/bin/../lib/gcc/arm-none-eabi/4.9.3/armv7e-m/fpu/crti.o
 .ARM.attributes
                0x00000022       0x34 c:/ti/ccsv7/tools/compiler/gcc-arm-none-eabi-4_9-2015q3/bin/../lib/gcc/arm-none-eabi/4.9.3/armv7e-m/fpu/crtbegin.o
 .ARM.attributes
                0x00000056       0x20 c:/ti/ccsv7/tools/compiler/gcc-arm-none-eabi-4_9-2015q3/bin/../lib/gcc/arm-none-eabi/4.9.3/../../../../arm-none-eabi/lib/armv7e-m/fpu/crt0.o
 .ARM.attributes
                0x00000076       0x39 ./adcudma.o
 .ARM.attributes
                0x000000af       0x39 ./lcd.o
 .ARM.attributes
                0x000000e8       0x39 ./main.o
 .ARM.attributes
                0x00000121       0x39 ./menu_handler.o
 .ARM.attributes
                0x0000015a       0x39 ./rtcs.o
 .ARM.attributes
                0x00000193       0x39 ./set_color.o
 .ARM.attributes
                0x000001cc       0x39 ./setup.o
 .ARM.attributes
                0x00000205       0x39 ./switches.o
 .ARM.attributes
                0x0000023e       0x39 ./systick.o
 .ARM.attributes
                0x00000277       0x39 ./tm4c123gh6pm_startup_ccs_gcc.o
 .ARM.attributes
                0x000002b0       0x22 c:/ti/ccsv7/tools/compiler/gcc-arm-none-eabi-4_9-2015q3/bin/../lib/gcc/arm-none-eabi/4.9.3/armv7e-m/fpu\libgcc.a(_arm_addsubdf3.o)
 .ARM.attributes
                0x000002d2       0x22 c:/ti/ccsv7/tools/compiler/gcc-arm-none-eabi-4_9-2015q3/bin/../lib/gcc/arm-none-eabi/4.9.3/armv7e-m/fpu\libgcc.a(_arm_muldivdf3.o)
 .ARM.attributes
                0x000002f4       0x22 c:/ti/ccsv7/tools/compiler/gcc-arm-none-eabi-4_9-2015q3/bin/../lib/gcc/arm-none-eabi/4.9.3/armv7e-m/fpu\libgcc.a(_arm_cmpdf2.o)
 .ARM.attributes
                0x00000316       0x22 c:/ti/ccsv7/tools/compiler/gcc-arm-none-eabi-4_9-2015q3/bin/../lib/gcc/arm-none-eabi/4.9.3/armv7e-m/fpu\libgcc.a(_arm_fixdfsi.o)
 .ARM.attributes
                0x00000338       0x34 c:/ti/ccsv7/tools/compiler/gcc-arm-none-eabi-4_9-2015q3/bin/../lib/gcc/arm-none-eabi/4.9.3/../../../../arm-none-eabi/lib/armv7e-m/fpu\libg.a(lib_a-exit.o)
 .ARM.attributes
                0x0000036c       0x34 c:/ti/ccsv7/tools/compiler/gcc-arm-none-eabi-4_9-2015q3/bin/../lib/gcc/arm-none-eabi/4.9.3/../../../../arm-none-eabi/lib/armv7e-m/fpu\libg.a(lib_a-impure.o)
 .ARM.attributes
                0x000003a0       0x34 c:/ti/ccsv7/tools/compiler/gcc-arm-none-eabi-4_9-2015q3/bin/../lib/gcc/arm-none-eabi/4.9.3/../../../../arm-none-eabi/lib/armv7e-m/fpu\libg.a(lib_a-init.o)
 .ARM.attributes
                0x000003d4       0x34 c:/ti/ccsv7/tools/compiler/gcc-arm-none-eabi-4_9-2015q3/bin/../lib/gcc/arm-none-eabi/4.9.3/../../../../arm-none-eabi/lib/armv7e-m/fpu\libg.a(lib_a-itoa.o)
 .ARM.attributes
                0x00000408       0x34 c:/ti/ccsv7/tools/compiler/gcc-arm-none-eabi-4_9-2015q3/bin/../lib/gcc/arm-none-eabi/4.9.3/../../../../arm-none-eabi/lib/armv7e-m/fpu\libg.a(lib_a-memset.o)
 .ARM.attributes
                0x0000043c       0x34 c:/ti/ccsv7/tools/compiler/gcc-arm-none-eabi-4_9-2015q3/bin/../lib/gcc/arm-none-eabi/4.9.3/../../../../arm-none-eabi/lib/armv7e-m/fpu\libg.a(lib_a-strcpy.o)
 .ARM.attributes
                0x00000470       0x34 c:/ti/ccsv7/tools/compiler/gcc-arm-none-eabi-4_9-2015q3/bin/../lib/gcc/arm-none-eabi/4.9.3/../../../../arm-none-eabi/lib/armv7e-m/fpu\libg.a(lib_a-utoa.o)
 .ARM.attributes
                0x000004a4       0x34 c:/ti/ccsv7/tools/compiler/gcc-arm-none-eabi-4_9-2015q3/bin/../lib/gcc/arm-none-eabi/4.9.3/../../../../arm-none-eabi/lib/armv7e-m/fpu\libg.a(lib_a-__call_atexit.o)
 .ARM.attributes
                0x000004d8       0x34 c:/ti/ccsv7/tools/compiler/gcc-arm-none-eabi-4_9-2015q3/bin/../lib/gcc/arm-none-eabi/4.9.3/../../../../arm-none-eabi/lib/armv7e-m/fpu\libg.a(lib_a-atexit.o)
 .ARM.attributes
                0x0000050c       0x34 c:/ti/ccsv7/tools/compiler/gcc-arm-none-eabi-4_9-2015q3/bin/../lib/gcc/arm-none-eabi/4.9.3/../../../../arm-none-eabi/lib/armv7e-m/fpu\libg.a(lib_a-fini.o)
 .ARM.attributes
                0x00000540       0x34 c:/ti/ccsv7/tools/compiler/gcc-arm-none-eabi-4_9-2015q3/bin/../lib/gcc/arm-none-eabi/4.9.3/../../../../arm-none-eabi/lib/armv7e-m/fpu\libg.a(lib_a-__atexit.o)
 .ARM.attributes
                0x00000574       0x34 c:/ti/ccsv7/tools/compiler/gcc-arm-none-eabi-4_9-2015q3/bin/../lib/gcc/arm-none-eabi/4.9.3/../../../../arm-none-eabi/lib/armv7e-m/fpu\libnosys.a(_exit.o)
 .ARM.attributes
                0x000005a8       0x34 c:/ti/ccsv7/tools/compiler/gcc-arm-none-eabi-4_9-2015q3/bin/../lib/gcc/arm-none-eabi/4.9.3/armv7e-m/fpu/crtend.o
 .ARM.attributes
                0x000005dc       0x22 c:/ti/ccsv7/tools/compiler/gcc-arm-none-eabi-4_9-2015q3/bin/../lib/gcc/arm-none-eabi/4.9.3/armv7e-m/fpu/crtn.o

.comment        0x00000000       0x70
 .comment       0x00000000       0x70 ./adcudma.o
                                 0x71 (size before relaxing)
 .comment       0x00000000       0x71 ./lcd.o
 .comment       0x00000000       0x71 ./main.o
 .comment       0x00000000       0x71 ./menu_handler.o
 .comment       0x00000000       0x71 ./rtcs.o
 .comment       0x00000000       0x71 ./set_color.o
 .comment       0x00000000       0x71 ./setup.o
 .comment       0x00000000       0x71 ./switches.o
 .comment       0x00000000       0x71 ./systick.o
 .comment       0x00000000       0x71 ./tm4c123gh6pm_startup_ccs_gcc.o

.debug_info     0x00000000     0x1722
 .debug_info    0x00000000       0xee ./adcudma.o
 .debug_info    0x000000ee      0x26e ./lcd.o
 .debug_info    0x0000035c      0x15d ./main.o
 .debug_info    0x000004b9      0x7bd ./menu_handler.o
 .debug_info    0x00000c76      0x557 ./rtcs.o
 .debug_info    0x000011cd       0xbd ./set_color.o
 .debug_info    0x0000128a       0xfd ./setup.o
 .debug_info    0x00001387      0x12a ./switches.o
 .debug_info    0x000014b1       0xfb ./systick.o
 .debug_info    0x000015ac      0x176 ./tm4c123gh6pm_startup_ccs_gcc.o

.debug_abbrev   0x00000000      0x6e0
 .debug_abbrev  0x00000000       0x70 ./adcudma.o
 .debug_abbrev  0x00000070       0xb6 ./lcd.o
 .debug_abbrev  0x00000126       0x86 ./main.o
 .debug_abbrev  0x000001ac      0x128 ./menu_handler.o
 .debug_abbrev  0x000002d4      0x16a ./rtcs.o
 .debug_abbrev  0x0000043e       0x5b ./set_color.o
 .debug_abbrev  0x00000499       0x96 ./setup.o
 .debug_abbrev  0x0000052f       0x70 ./switches.o
 .debug_abbrev  0x0000059f       0x77 ./systick.o
 .debug_abbrev  0x00000616       0xca ./tm4c123gh6pm_startup_ccs_gcc.o

.debug_aranges  0x00000000      0x2e8
 .debug_aranges
                0x00000000       0x30 ./adcudma.o
 .debug_aranges
                0x00000030       0x78 ./lcd.o
 .debug_aranges
                0x000000a8       0x20 ./main.o
 .debug_aranges
                0x000000c8       0xb0 ./menu_handler.o
 .debug_aranges
                0x00000178       0x80 ./rtcs.o
 .debug_aranges
                0x000001f8       0x20 ./set_color.o
 .debug_aranges
                0x00000218       0x30 ./setup.o
 .debug_aranges
                0x00000248       0x30 ./switches.o
 .debug_aranges
                0x00000278       0x38 ./systick.o
 .debug_aranges
                0x000002b0       0x38 ./tm4c123gh6pm_startup_ccs_gcc.o

.debug_ranges   0x00000000      0x248
 .debug_ranges  0x00000000       0x20 ./adcudma.o
 .debug_ranges  0x00000020       0x68 ./lcd.o
 .debug_ranges  0x00000088       0x10 ./main.o
 .debug_ranges  0x00000098       0xa0 ./menu_handler.o
 .debug_ranges  0x00000138       0x70 ./rtcs.o
 .debug_ranges  0x000001a8       0x10 ./set_color.o
 .debug_ranges  0x000001b8       0x20 ./setup.o
 .debug_ranges  0x000001d8       0x20 ./switches.o
 .debug_ranges  0x000001f8       0x28 ./systick.o
 .debug_ranges  0x00000220       0x28 ./tm4c123gh6pm_startup_ccs_gcc.o

.debug_line     0x00000000     0x1159
 .debug_line    0x00000000      0x19e ./adcudma.o
 .debug_line    0x0000019e      0x214 ./lcd.o
 .debug_line    0x000003b2      0x130 ./main.o
 .debug_line    0x000004e2      0x3a5 ./menu_handler.o
 .debug_line    0x00000887      0x24e ./rtcs.o
 .debug_line    0x00000ad5      0x122 ./set_color.o
 .debug_line    0x00000bf7      0x13d ./setup.o
 .debug_line    0x00000d34      0x17a ./switches.o
 .debug_line    0x00000eae      0x153 ./systick.o
 .debug_line    0x00001001      0x158 ./tm4c123gh6pm_startup_ccs_gcc.o

.debug_str      0x00000000      0x837
 .debug_str     0x00000000      0x1b9 ./adcudma.o
                                0x1f6 (size before relaxing)
 .debug_str     0x000001b9       0x8d ./lcd.o
                                0x25b (size before relaxing)
 .debug_str     0x00000246       0x75 ./main.o
                                0x244 (size before relaxing)
 .debug_str     0x000002bb      0x2d2 ./menu_handler.o
                                0x510 (size before relaxing)
 .debug_str     0x0000058d      0x119 ./rtcs.o
                                0x322 (size before relaxing)
 .debug_str     0x000006a6       0x17 ./set_color.o
                                0x1e6 (size before relaxing)
 .debug_str     0x000006bd       0x2a ./setup.o
                                0x1f8 (size before relaxing)
 .debug_str     0x000006e7       0x60 ./switches.o
                                0x230 (size before relaxing)
 .debug_str     0x00000747       0x4f ./systick.o
                                0x21f (size before relaxing)
 .debug_str     0x00000796       0xa1 ./tm4c123gh6pm_startup_ccs_gcc.o
                                0x260 (size before relaxing)

.debug_frame    0x00000000      0xb34
 .debug_frame   0x00000000       0x7c ./adcudma.o
 .debug_frame   0x0000007c      0x1b8 ./lcd.o
 .debug_frame   0x00000234       0x2c ./main.o
 .debug_frame   0x00000260      0x26c ./menu_handler.o
 .debug_frame   0x000004cc      0x1fc ./rtcs.o
 .debug_frame   0x000006c8       0x38 ./set_color.o
 .debug_frame   0x00000700       0x88 ./setup.o
 .debug_frame   0x00000788       0x78 ./switches.o
 .debug_frame   0x00000800       0x90 ./systick.o
 .debug_frame   0x00000890       0x7c ./tm4c123gh6pm_startup_ccs_gcc.o
 .debug_frame   0x0000090c       0x28 c:/ti/ccsv7/tools/compiler/gcc-arm-none-eabi-4_9-2015q3/bin/../lib/gcc/arm-none-eabi/4.9.3/../../../../arm-none-eabi/lib/armv7e-m/fpu\libg.a(lib_a-exit.o)
 .debug_frame   0x00000934       0x2c c:/ti/ccsv7/tools/compiler/gcc-arm-none-eabi-4_9-2015q3/bin/../lib/gcc/arm-none-eabi/4.9.3/../../../../arm-none-eabi/lib/armv7e-m/fpu\libg.a(lib_a-init.o)
 .debug_frame   0x00000960       0x3c c:/ti/ccsv7/tools/compiler/gcc-arm-none-eabi-4_9-2015q3/bin/../lib/gcc/arm-none-eabi/4.9.3/../../../../arm-none-eabi/lib/armv7e-m/fpu\libg.a(lib_a-itoa.o)
 .debug_frame   0x0000099c       0x34 c:/ti/ccsv7/tools/compiler/gcc-arm-none-eabi-4_9-2015q3/bin/../lib/gcc/arm-none-eabi/4.9.3/../../../../arm-none-eabi/lib/armv7e-m/fpu\libg.a(lib_a-memset.o)
 .debug_frame   0x000009d0       0x20 c:/ti/ccsv7/tools/compiler/gcc-arm-none-eabi-4_9-2015q3/bin/../lib/gcc/arm-none-eabi/4.9.3/../../../../arm-none-eabi/lib/armv7e-m/fpu\libg.a(lib_a-strcpy.o)
 .debug_frame   0x000009f0       0x4c c:/ti/ccsv7/tools/compiler/gcc-arm-none-eabi-4_9-2015q3/bin/../lib/gcc/arm-none-eabi/4.9.3/../../../../arm-none-eabi/lib/armv7e-m/fpu\libg.a(lib_a-utoa.o)
 .debug_frame   0x00000a3c       0x50 c:/ti/ccsv7/tools/compiler/gcc-arm-none-eabi-4_9-2015q3/bin/../lib/gcc/arm-none-eabi/4.9.3/../../../../arm-none-eabi/lib/armv7e-m/fpu\libg.a(lib_a-__call_atexit.o)
 .debug_frame   0x00000a8c       0x20 c:/ti/ccsv7/tools/compiler/gcc-arm-none-eabi-4_9-2015q3/bin/../lib/gcc/arm-none-eabi/4.9.3/../../../../arm-none-eabi/lib/armv7e-m/fpu\libg.a(lib_a-atexit.o)
 .debug_frame   0x00000aac       0x34 c:/ti/ccsv7/tools/compiler/gcc-arm-none-eabi-4_9-2015q3/bin/../lib/gcc/arm-none-eabi/4.9.3/../../../../arm-none-eabi/lib/armv7e-m/fpu\libg.a(lib_a-fini.o)
 .debug_frame   0x00000ae0       0x34 c:/ti/ccsv7/tools/compiler/gcc-arm-none-eabi-4_9-2015q3/bin/../lib/gcc/arm-none-eabi/4.9.3/../../../../arm-none-eabi/lib/armv7e-m/fpu\libg.a(lib_a-__atexit.o)
 .debug_frame   0x00000b14       0x20 c:/ti/ccsv7/tools/compiler/gcc-arm-none-eabi-4_9-2015q3/bin/../lib/gcc/arm-none-eabi/4.9.3/../../../../arm-none-eabi/lib/armv7e-m/fpu\libnosys.a(_exit.o)
