Archive member included because of file (symbol)

c:/ti/ccsv7/tools/compiler/gcc-arm-none-eabi-4_9-2015q3/bin/../lib/gcc/arm-none-eabi/4.9.3/../../../../arm-none-eabi/lib/armv7e-m/fpu\libg.a(lib_a-exit.o)
                              c:/ti/ccsv7/tools/compiler/gcc-arm-none-eabi-4_9-2015q3/bin/../lib/gcc/arm-none-eabi/4.9.3/../../../../arm-none-eabi/lib/armv7e-m/fpu/crt0.o (exit)
c:/ti/ccsv7/tools/compiler/gcc-arm-none-eabi-4_9-2015q3/bin/../lib/gcc/arm-none-eabi/4.9.3/../../../../arm-none-eabi/lib/armv7e-m/fpu\libg.a(lib_a-impure.o)
                              c:/ti/ccsv7/tools/compiler/gcc-arm-none-eabi-4_9-2015q3/bin/../lib/gcc/arm-none-eabi/4.9.3/../../../../arm-none-eabi/lib/armv7e-m/fpu\libg.a(lib_a-exit.o) (_global_impure_ptr)
c:/ti/ccsv7/tools/compiler/gcc-arm-none-eabi-4_9-2015q3/bin/../lib/gcc/arm-none-eabi/4.9.3/../../../../arm-none-eabi/lib/armv7e-m/fpu\libg.a(lib_a-init.o)
                              c:/ti/ccsv7/tools/compiler/gcc-arm-none-eabi-4_9-2015q3/bin/../lib/gcc/arm-none-eabi/4.9.3/../../../../arm-none-eabi/lib/armv7e-m/fpu/crt0.o (__libc_init_array)
c:/ti/ccsv7/tools/compiler/gcc-arm-none-eabi-4_9-2015q3/bin/../lib/gcc/arm-none-eabi/4.9.3/../../../../arm-none-eabi/lib/armv7e-m/fpu\libg.a(lib_a-memset.o)
                              c:/ti/ccsv7/tools/compiler/gcc-arm-none-eabi-4_9-2015q3/bin/../lib/gcc/arm-none-eabi/4.9.3/../../../../arm-none-eabi/lib/armv7e-m/fpu/crt0.o (memset)
c:/ti/ccsv7/tools/compiler/gcc-arm-none-eabi-4_9-2015q3/bin/../lib/gcc/arm-none-eabi/4.9.3/../../../../arm-none-eabi/lib/armv7e-m/fpu\libg.a(lib_a-__call_atexit.o)
                              c:/ti/ccsv7/tools/compiler/gcc-arm-none-eabi-4_9-2015q3/bin/../lib/gcc/arm-none-eabi/4.9.3/../../../../arm-none-eabi/lib/armv7e-m/fpu\libg.a(lib_a-exit.o) (__call_exitprocs)
c:/ti/ccsv7/tools/compiler/gcc-arm-none-eabi-4_9-2015q3/bin/../lib/gcc/arm-none-eabi/4.9.3/../../../../arm-none-eabi/lib/armv7e-m/fpu\libg.a(lib_a-atexit.o)
                              c:/ti/ccsv7/tools/compiler/gcc-arm-none-eabi-4_9-2015q3/bin/../lib/gcc/arm-none-eabi/4.9.3/../../../../arm-none-eabi/lib/armv7e-m/fpu\libg.a(lib_a-__call_atexit.o) (atexit)
c:/ti/ccsv7/tools/compiler/gcc-arm-none-eabi-4_9-2015q3/bin/../lib/gcc/arm-none-eabi/4.9.3/../../../../arm-none-eabi/lib/armv7e-m/fpu\libg.a(lib_a-fini.o)
                              c:/ti/ccsv7/tools/compiler/gcc-arm-none-eabi-4_9-2015q3/bin/../lib/gcc/arm-none-eabi/4.9.3/../../../../arm-none-eabi/lib/armv7e-m/fpu\libg.a(lib_a-__call_atexit.o) (__libc_fini_array)
c:/ti/ccsv7/tools/compiler/gcc-arm-none-eabi-4_9-2015q3/bin/../lib/gcc/arm-none-eabi/4.9.3/../../../../arm-none-eabi/lib/armv7e-m/fpu\libg.a(lib_a-__atexit.o)
                              c:/ti/ccsv7/tools/compiler/gcc-arm-none-eabi-4_9-2015q3/bin/../lib/gcc/arm-none-eabi/4.9.3/../../../../arm-none-eabi/lib/armv7e-m/fpu\libg.a(lib_a-atexit.o) (__register_exitproc)
c:/ti/ccsv7/tools/compiler/gcc-arm-none-eabi-4_9-2015q3/bin/../lib/gcc/arm-none-eabi/4.9.3/../../../../arm-none-eabi/lib/armv7e-m/fpu\libnosys.a(_exit.o)
                              c:/ti/ccsv7/tools/compiler/gcc-arm-none-eabi-4_9-2015q3/bin/../lib/gcc/arm-none-eabi/4.9.3/../../../../arm-none-eabi/lib/armv7e-m/fpu\libg.a(lib_a-exit.o) (_exit)

Allocating common symbols
Common symbol       size              file

pos                 0xc0              ./rtcs.o
pause_screen_timer  0x8               ./menu_handler.o
current_task        0x1               ./rtcs.o
pot                 0xc0              ./rtcs.o
poq                 0x840             ./rtcs.o

Memory Configuration

Name             Origin             Length             Attributes
FLASH            0x00000000         0x00040000         xr
SRAM             0x20000000         0x00008000         xw
*default*        0x00000000         0xffffffff

Linker script and memory map

LOAD c:/ti/ccsv7/tools/compiler/gcc-arm-none-eabi-4_9-2015q3/bin/../lib/gcc/arm-none-eabi/4.9.3/armv7e-m/fpu/crti.o
LOAD c:/ti/ccsv7/tools/compiler/gcc-arm-none-eabi-4_9-2015q3/bin/../lib/gcc/arm-none-eabi/4.9.3/armv7e-m/fpu/crtbegin.o
LOAD c:/ti/ccsv7/tools/compiler/gcc-arm-none-eabi-4_9-2015q3/bin/../lib/gcc/arm-none-eabi/4.9.3/../../../../arm-none-eabi/lib/armv7e-m/fpu/crt0.o
LOAD ./lcd.o
LOAD ./main.o
LOAD ./menu_handler.o
LOAD ./rtcs.o
LOAD ./set_color.o
LOAD ./setup.o
LOAD ./switches.o
LOAD ./systick.o
LOAD ./tm4c123gh6pm_startup_ccs_gcc.o
                0x00000000                PROVIDE (_intvecs_base_address, 0x0)

.intvecs        0x00000000      0x26c
 *(.intvecs)
 .intvecs       0x00000000      0x26c ./tm4c123gh6pm_startup_ccs_gcc.o
                0x00000000                g_pfnVectors
                0x20000000                PROVIDE (_vtable_base_address, 0x20000000)

.vtable
 *(.vtable)

.text           0x0000026c     0x1f90
 CREATE_OBJECT_SYMBOLS
 *(.text)
 .text          0x0000026c        0x0 c:/ti/ccsv7/tools/compiler/gcc-arm-none-eabi-4_9-2015q3/bin/../lib/gcc/arm-none-eabi/4.9.3/armv7e-m/fpu/crti.o
 .text          0x0000026c       0x5c c:/ti/ccsv7/tools/compiler/gcc-arm-none-eabi-4_9-2015q3/bin/../lib/gcc/arm-none-eabi/4.9.3/armv7e-m/fpu/crtbegin.o
 .text          0x000002c8       0x74 c:/ti/ccsv7/tools/compiler/gcc-arm-none-eabi-4_9-2015q3/bin/../lib/gcc/arm-none-eabi/4.9.3/../../../../arm-none-eabi/lib/armv7e-m/fpu/crt0.o
                0x000002c8                _start
                0x000002c8                _mainCRTStartup
 .text          0x0000033c        0x0 ./lcd.o
 .text          0x0000033c        0x0 ./main.o
 .text          0x0000033c        0x0 ./menu_handler.o
 .text          0x0000033c        0x0 ./rtcs.o
 .text          0x0000033c        0x0 ./set_color.o
 .text          0x0000033c        0x0 ./setup.o
 .text          0x0000033c        0x0 ./switches.o
 .text          0x0000033c        0x0 ./systick.o
 .text          0x0000033c        0x0 ./tm4c123gh6pm_startup_ccs_gcc.o
 .text          0x0000033c        0x0 c:/ti/ccsv7/tools/compiler/gcc-arm-none-eabi-4_9-2015q3/bin/../lib/gcc/arm-none-eabi/4.9.3/../../../../arm-none-eabi/lib/armv7e-m/fpu\libg.a(lib_a-exit.o)
 .text          0x0000033c        0x0 c:/ti/ccsv7/tools/compiler/gcc-arm-none-eabi-4_9-2015q3/bin/../lib/gcc/arm-none-eabi/4.9.3/../../../../arm-none-eabi/lib/armv7e-m/fpu\libg.a(lib_a-impure.o)
 .text          0x0000033c        0x0 c:/ti/ccsv7/tools/compiler/gcc-arm-none-eabi-4_9-2015q3/bin/../lib/gcc/arm-none-eabi/4.9.3/../../../../arm-none-eabi/lib/armv7e-m/fpu\libg.a(lib_a-init.o)
 .text          0x0000033c        0x0 c:/ti/ccsv7/tools/compiler/gcc-arm-none-eabi-4_9-2015q3/bin/../lib/gcc/arm-none-eabi/4.9.3/../../../../arm-none-eabi/lib/armv7e-m/fpu\libg.a(lib_a-memset.o)
 .text          0x0000033c        0x0 c:/ti/ccsv7/tools/compiler/gcc-arm-none-eabi-4_9-2015q3/bin/../lib/gcc/arm-none-eabi/4.9.3/../../../../arm-none-eabi/lib/armv7e-m/fpu\libg.a(lib_a-__call_atexit.o)
 .text          0x0000033c        0x0 c:/ti/ccsv7/tools/compiler/gcc-arm-none-eabi-4_9-2015q3/bin/../lib/gcc/arm-none-eabi/4.9.3/../../../../arm-none-eabi/lib/armv7e-m/fpu\libg.a(lib_a-atexit.o)
 .text          0x0000033c        0x0 c:/ti/ccsv7/tools/compiler/gcc-arm-none-eabi-4_9-2015q3/bin/../lib/gcc/arm-none-eabi/4.9.3/../../../../arm-none-eabi/lib/armv7e-m/fpu\libg.a(lib_a-fini.o)
 .text          0x0000033c        0x0 c:/ti/ccsv7/tools/compiler/gcc-arm-none-eabi-4_9-2015q3/bin/../lib/gcc/arm-none-eabi/4.9.3/../../../../arm-none-eabi/lib/armv7e-m/fpu\libg.a(lib_a-__atexit.o)
 .text          0x0000033c        0x0 c:/ti/ccsv7/tools/compiler/gcc-arm-none-eabi-4_9-2015q3/bin/../lib/gcc/arm-none-eabi/4.9.3/../../../../arm-none-eabi/lib/armv7e-m/fpu\libnosys.a(_exit.o)
 .text          0x0000033c        0x0 c:/ti/ccsv7/tools/compiler/gcc-arm-none-eabi-4_9-2015q3/bin/../lib/gcc/arm-none-eabi/4.9.3/armv7e-m/fpu/crtend.o
 .text          0x0000033c        0x0 c:/ti/ccsv7/tools/compiler/gcc-arm-none-eabi-4_9-2015q3/bin/../lib/gcc/arm-none-eabi/4.9.3/armv7e-m/fpu/crtn.o
 *(.text.*)
 .text.lcd_init
                0x0000033c       0xa0 ./lcd.o
                0x0000033c                lcd_init
 .text.lcd_write
                0x000003dc       0x3c ./lcd.o
                0x000003dc                lcd_write
 .text.lcd_write4
                0x00000418       0x4c ./lcd.o
                0x00000418                lcd_write4
 .text.lcd_write8
                0x00000464       0x58 ./lcd.o
                0x00000464                lcd_write8
 .text.pulse_enable
                0x000004bc       0x14 ./lcd.o
                0x000004bc                pulse_enable
 .text.wait_micro
                0x000004d0       0x24 ./lcd.o
                0x000004d0                wait_micro
 .text.wait_mil
                0x000004f4       0x2c ./lcd.o
                0x000004f4                wait_mil
 .text.lcd_instruct
                0x00000520       0x70 ./lcd.o
                0x00000520                lcd_instruct
 .text.lcd_data
                0x00000590       0x6c ./lcd.o
                0x00000590                lcd_data
 .text.RS_FLIP  0x000005fc       0x40 ./lcd.o
                0x000005fc                RS_FLIP
 .text.E_FLIP   0x0000063c       0x40 ./lcd.o
                0x0000063c                E_FLIP
 .text.lcd_data_string
                0x0000067c       0x40 ./lcd.o
                0x0000067c                lcd_data_string
 .text.main     0x000006bc      0x104 ./main.o
                0x000006bc                main
 .text.handle_click
                0x000007c0      0x25c ./menu_handler.o
                0x000007c0                handle_click
 .text.lcd_move_arrow_down
                0x00000a1c      0x120 ./menu_handler.o
                0x00000a1c                lcd_move_arrow_down
 .text.lcd_move_arrow_up
                0x00000b3c      0x120 ./menu_handler.o
                0x00000b3c                lcd_move_arrow_up
 .text.lcd_menu
                0x00000c5c       0x94 ./menu_handler.o
                0x00000c5c                lcd_menu
 .text.lcd_enter
                0x00000cf0       0x40 ./menu_handler.o
                0x00000cf0                lcd_enter
 .text.return_menu
                0x00000d30       0x90 ./menu_handler.o
                0x00000d30                return_menu
 .text.enter_pulse
                0x00000dc0       0x4c ./menu_handler.o
                0x00000dc0                enter_pulse
 .text.enter_FFT
                0x00000e0c       0x20 ./menu_handler.o
                0x00000e0c                enter_FFT
 .text.enter_credits
                0x00000e2c       0x20 ./menu_handler.o
                0x00000e2c                enter_credits
 .text.enter_settings
                0x00000e4c       0x20 ./menu_handler.o
                0x00000e4c                enter_settings
 .text.pause_screen
                0x00000e6c       0xa4 ./menu_handler.o
                0x00000e6c                pause_screen
 .text.ADC_collect
                0x00000f10       0x28 ./menu_handler.o
                0x00000f10                ADC_collect
 .text.ADC1     0x00000f38       0x58 ./menu_handler.o
                0x00000f38                ADC1
 .text.retrieve_id
                0x00000f90       0x20 ./rtcs.o
                0x00000f90                retrieve_id
 .text.i_am_alive
                0x00000fb0       0x5c ./rtcs.o
                0x00000fb0                i_am_alive
 .text.set_state
                0x0000100c       0x34 ./rtcs.o
                0x0000100c                set_state
 .text.wait     0x00001040       0x48 ./rtcs.o
                0x00001040                wait
 .text.wait_sem
                0x00001088       0xf8 ./rtcs.o
                0x00001088                wait_sem
 .text.signal   0x00001180       0x40 ./rtcs.o
                0x00001180                signal
 .text.preset_sem
                0x000011c0       0x34 ./rtcs.o
                0x000011c0                preset_sem
 .text.open_queue
                0x000011f4       0x90 ./rtcs.o
                0x000011f4                open_queue
 .text.put_queue
                0x00001284       0xc4 ./rtcs.o
                0x00001284                put_queue
 .text.get_queue
                0x00001348       0xc4 ./rtcs.o
                0x00001348                get_queue
 .text.start_task
                0x0000140c       0x84 ./rtcs.o
                0x0000140c                start_task
 .text.init_rtcs
                0x00001490       0x48 ./rtcs.o
                0x00001490                init_rtcs
 .text.schedule
                0x000014d8      0x20c ./rtcs.o
                0x000014d8                schedule
 .text.SET_LED  0x000016e4       0x84 ./set_color.o
                0x000016e4                SET_LED
 .text.gpio_setup
                0x00001768       0x6c ./setup.o
                0x00001768                gpio_setup
 .text.LCD_setup
                0x000017d4       0x94 ./setup.o
                0x000017d4                LCD_setup
 .text.ADC0_setup
                0x00001868      0x11c ./setup.o
                0x00001868                ADC0_setup
 .text.ADC1_setup
                0x00001984      0x11c ./setup.o
                0x00001984                ADC1_setup
 .text.DMA_setup
                0x00001aa0       0x80 ./setup.o
                0x00001aa0                DMA_setup
 .text.wait2_mil
                0x00001b20       0x2c ./setup.o
                0x00001b20                wait2_mil
 .text.sw1_clicked
                0x00001b4c       0x24 ./switches.o
                0x00001b4c                sw1_clicked
 .text.sw2_clicked
                0x00001b70       0x24 ./switches.o
                0x00001b70                sw2_clicked
 .text.determine_click
                0x00001b94      0x228 ./switches.o
                0x00001b94                determine_click
 .text.systick_handler
                0x00001dbc       0x24 ./systick.o
                0x00001dbc                systick_handler
 .text.enable_global_int
                0x00001de0       0x10 ./systick.o
                0x00001de0                enable_global_int
 .text.disable_global_int
                0x00001df0       0x10 ./systick.o
                0x00001df0                disable_global_int
 .text.init_systick
                0x00001e00       0x84 ./systick.o
                0x00001e00                init_systick
 .text.ResetISR
                0x00001e84       0x68 ./tm4c123gh6pm_startup_ccs_gcc.o
                0x00001e84                ResetISR
 .text.NmiSR    0x00001eec        0x8 ./tm4c123gh6pm_startup_ccs_gcc.o
 .text.FaultISR
                0x00001ef4        0x8 ./tm4c123gh6pm_startup_ccs_gcc.o
 .text.IntDefaultHandler
                0x00001efc        0x8 ./tm4c123gh6pm_startup_ccs_gcc.o
 .text.exit     0x00001f04       0x20 c:/ti/ccsv7/tools/compiler/gcc-arm-none-eabi-4_9-2015q3/bin/../lib/gcc/arm-none-eabi/4.9.3/../../../../arm-none-eabi/lib/armv7e-m/fpu\libg.a(lib_a-exit.o)
                0x00001f04                exit
 .text.__libc_init_array
                0x00001f24       0x50 c:/ti/ccsv7/tools/compiler/gcc-arm-none-eabi-4_9-2015q3/bin/../lib/gcc/arm-none-eabi/4.9.3/../../../../arm-none-eabi/lib/armv7e-m/fpu\libg.a(lib_a-init.o)
                0x00001f24                __libc_init_array
 .text.memset   0x00001f74       0x9c c:/ti/ccsv7/tools/compiler/gcc-arm-none-eabi-4_9-2015q3/bin/../lib/gcc/arm-none-eabi/4.9.3/../../../../arm-none-eabi/lib/armv7e-m/fpu\libg.a(lib_a-memset.o)
                0x00001f74                memset
 .text.startup.register_fini
                0x00002010       0x14 c:/ti/ccsv7/tools/compiler/gcc-arm-none-eabi-4_9-2015q3/bin/../lib/gcc/arm-none-eabi/4.9.3/../../../../arm-none-eabi/lib/armv7e-m/fpu\libg.a(lib_a-__call_atexit.o)
 .text.__call_exitprocs
                0x00002024       0xd4 c:/ti/ccsv7/tools/compiler/gcc-arm-none-eabi-4_9-2015q3/bin/../lib/gcc/arm-none-eabi/4.9.3/../../../../arm-none-eabi/lib/armv7e-m/fpu\libg.a(lib_a-__call_atexit.o)
                0x00002024                __call_exitprocs
 .text.atexit   0x000020f8        0xc c:/ti/ccsv7/tools/compiler/gcc-arm-none-eabi-4_9-2015q3/bin/../lib/gcc/arm-none-eabi/4.9.3/../../../../arm-none-eabi/lib/armv7e-m/fpu\libg.a(lib_a-atexit.o)
                0x000020f8                atexit
 .text.__libc_fini_array
                0x00002104       0x2c c:/ti/ccsv7/tools/compiler/gcc-arm-none-eabi-4_9-2015q3/bin/../lib/gcc/arm-none-eabi/4.9.3/../../../../arm-none-eabi/lib/armv7e-m/fpu\libg.a(lib_a-fini.o)
                0x00002104                __libc_fini_array
 .text.__register_exitproc
                0x00002130       0xa4 c:/ti/ccsv7/tools/compiler/gcc-arm-none-eabi-4_9-2015q3/bin/../lib/gcc/arm-none-eabi/4.9.3/../../../../arm-none-eabi/lib/armv7e-m/fpu\libg.a(lib_a-__atexit.o)
                0x00002130                __register_exitproc
 .text._exit    0x000021d4        0x4 c:/ti/ccsv7/tools/compiler/gcc-arm-none-eabi-4_9-2015q3/bin/../lib/gcc/arm-none-eabi/4.9.3/../../../../arm-none-eabi/lib/armv7e-m/fpu\libnosys.a(_exit.o)
                0x000021d4                _exit
                0x000021d8                . = ALIGN (0x4)
 *(.ctors)
                0x000021d8                . = ALIGN (0x4)
 *(.dtors)
                0x000021d8                . = ALIGN (0x4)
                0x000021d8                __init_array_start = .
 *(.init_array*)
 .init_array    0x000021d8        0x4 c:/ti/ccsv7/tools/compiler/gcc-arm-none-eabi-4_9-2015q3/bin/../lib/gcc/arm-none-eabi/4.9.3/armv7e-m/fpu/crtbegin.o
 .init_array.00000
                0x000021dc        0x4 c:/ti/ccsv7/tools/compiler/gcc-arm-none-eabi-4_9-2015q3/bin/../lib/gcc/arm-none-eabi/4.9.3/../../../../arm-none-eabi/lib/armv7e-m/fpu\libg.a(lib_a-__call_atexit.o)
                0x000021e0                __init_array_end = .
 *(.init)
 .init          0x000021e0        0x4 c:/ti/ccsv7/tools/compiler/gcc-arm-none-eabi-4_9-2015q3/bin/../lib/gcc/arm-none-eabi/4.9.3/armv7e-m/fpu/crti.o
                0x000021e0                _init
 .init          0x000021e4        0x8 c:/ti/ccsv7/tools/compiler/gcc-arm-none-eabi-4_9-2015q3/bin/../lib/gcc/arm-none-eabi/4.9.3/armv7e-m/fpu/crtn.o
 *(.fini*)
 .fini          0x000021ec        0x4 c:/ti/ccsv7/tools/compiler/gcc-arm-none-eabi-4_9-2015q3/bin/../lib/gcc/arm-none-eabi/4.9.3/armv7e-m/fpu/crti.o
                0x000021ec                _fini
 .fini_array    0x000021f0        0x4 c:/ti/ccsv7/tools/compiler/gcc-arm-none-eabi-4_9-2015q3/bin/../lib/gcc/arm-none-eabi/4.9.3/armv7e-m/fpu/crtbegin.o
 .fini          0x000021f4        0x8 c:/ti/ccsv7/tools/compiler/gcc-arm-none-eabi-4_9-2015q3/bin/../lib/gcc/arm-none-eabi/4.9.3/armv7e-m/fpu/crtn.o
                0x000021fc                PROVIDE (__etext, .)
                0x000021fc                PROVIDE (_etext, .)
                0x000021fc                PROVIDE (etext, .)

.glue_7         0x000021fc        0x0
 .glue_7        0x00000000        0x0 linker stubs

.glue_7t        0x000021fc        0x0
 .glue_7t       0x00000000        0x0 linker stubs

.vfp11_veneer   0x000021fc        0x0
 .vfp11_veneer  0x00000000        0x0 linker stubs

.v4_bx          0x000021fc        0x0
 .v4_bx         0x00000000        0x0 linker stubs

.iplt           0x000021fc        0x0
 .iplt          0x00000000        0x0 c:/ti/ccsv7/tools/compiler/gcc-arm-none-eabi-4_9-2015q3/bin/../lib/gcc/arm-none-eabi/4.9.3/armv7e-m/fpu/crtbegin.o

.rodata         0x000021fc       0x5c
 *(.rodata)
 .rodata        0x000021fc       0x51 ./menu_handler.o
 *(.rodata*)
 *fill*         0x0000224d        0x3 
 .rodata.str1.4
                0x00002250        0x4 c:/ti/ccsv7/tools/compiler/gcc-arm-none-eabi-4_9-2015q3/bin/../lib/gcc/arm-none-eabi/4.9.3/../../../../arm-none-eabi/lib/armv7e-m/fpu\libg.a(lib_a-impure.o)
                                  0x2 (size before relaxing)
 .rodata._global_impure_ptr
                0x00002254        0x4 c:/ti/ccsv7/tools/compiler/gcc-arm-none-eabi-4_9-2015q3/bin/../lib/gcc/arm-none-eabi/4.9.3/../../../../arm-none-eabi/lib/armv7e-m/fpu\libg.a(lib_a-impure.o)
                0x00002254                _global_impure_ptr

.eh_frame       0x00002258        0x4
 .eh_frame      0x00002258        0x0 c:/ti/ccsv7/tools/compiler/gcc-arm-none-eabi-4_9-2015q3/bin/../lib/gcc/arm-none-eabi/4.9.3/armv7e-m/fpu/crtbegin.o
 .eh_frame      0x00002258        0x4 c:/ti/ccsv7/tools/compiler/gcc-arm-none-eabi-4_9-2015q3/bin/../lib/gcc/arm-none-eabi/4.9.3/armv7e-m/fpu/crtend.o

.data           0x20000000      0x4a4 load address 0x0000225c
                0x0000225c                __data_load__ = LOADADDR (.data)
                0x20000000                __data_start__ = .
 *(.data)
 .data          0x20000000        0x0 c:/ti/ccsv7/tools/compiler/gcc-arm-none-eabi-4_9-2015q3/bin/../lib/gcc/arm-none-eabi/4.9.3/armv7e-m/fpu/crti.o
 .data          0x20000000        0x4 c:/ti/ccsv7/tools/compiler/gcc-arm-none-eabi-4_9-2015q3/bin/../lib/gcc/arm-none-eabi/4.9.3/armv7e-m/fpu/crtbegin.o
                0x20000000                __dso_handle
 .data          0x20000004        0x0 c:/ti/ccsv7/tools/compiler/gcc-arm-none-eabi-4_9-2015q3/bin/../lib/gcc/arm-none-eabi/4.9.3/../../../../arm-none-eabi/lib/armv7e-m/fpu/crt0.o
 .data          0x20000004        0x0 ./lcd.o
 .data          0x20000004        0x0 ./main.o
 .data          0x20000004        0x0 ./menu_handler.o
 .data          0x20000004        0x0 ./rtcs.o
 .data          0x20000004        0x0 ./set_color.o
 .data          0x20000004        0x0 ./setup.o
 .data          0x20000004        0x0 ./switches.o
 .data          0x20000004        0x0 ./systick.o
 .data          0x20000004        0x0 ./tm4c123gh6pm_startup_ccs_gcc.o
 .data          0x20000004        0x0 c:/ti/ccsv7/tools/compiler/gcc-arm-none-eabi-4_9-2015q3/bin/../lib/gcc/arm-none-eabi/4.9.3/../../../../arm-none-eabi/lib/armv7e-m/fpu\libg.a(lib_a-exit.o)
 .data          0x20000004        0x0 c:/ti/ccsv7/tools/compiler/gcc-arm-none-eabi-4_9-2015q3/bin/../lib/gcc/arm-none-eabi/4.9.3/../../../../arm-none-eabi/lib/armv7e-m/fpu\libg.a(lib_a-impure.o)
 .data          0x20000004        0x0 c:/ti/ccsv7/tools/compiler/gcc-arm-none-eabi-4_9-2015q3/bin/../lib/gcc/arm-none-eabi/4.9.3/../../../../arm-none-eabi/lib/armv7e-m/fpu\libg.a(lib_a-init.o)
 .data          0x20000004        0x0 c:/ti/ccsv7/tools/compiler/gcc-arm-none-eabi-4_9-2015q3/bin/../lib/gcc/arm-none-eabi/4.9.3/../../../../arm-none-eabi/lib/armv7e-m/fpu\libg.a(lib_a-memset.o)
 .data          0x20000004        0x0 c:/ti/ccsv7/tools/compiler/gcc-arm-none-eabi-4_9-2015q3/bin/../lib/gcc/arm-none-eabi/4.9.3/../../../../arm-none-eabi/lib/armv7e-m/fpu\libg.a(lib_a-__call_atexit.o)
 .data          0x20000004        0x0 c:/ti/ccsv7/tools/compiler/gcc-arm-none-eabi-4_9-2015q3/bin/../lib/gcc/arm-none-eabi/4.9.3/../../../../arm-none-eabi/lib/armv7e-m/fpu\libg.a(lib_a-atexit.o)
 .data          0x20000004        0x0 c:/ti/ccsv7/tools/compiler/gcc-arm-none-eabi-4_9-2015q3/bin/../lib/gcc/arm-none-eabi/4.9.3/../../../../arm-none-eabi/lib/armv7e-m/fpu\libg.a(lib_a-fini.o)
 .data          0x20000004        0x0 c:/ti/ccsv7/tools/compiler/gcc-arm-none-eabi-4_9-2015q3/bin/../lib/gcc/arm-none-eabi/4.9.3/../../../../arm-none-eabi/lib/armv7e-m/fpu\libg.a(lib_a-__atexit.o)
 .data          0x20000004        0x0 c:/ti/ccsv7/tools/compiler/gcc-arm-none-eabi-4_9-2015q3/bin/../lib/gcc/arm-none-eabi/4.9.3/../../../../arm-none-eabi/lib/armv7e-m/fpu\libnosys.a(_exit.o)
 .data          0x20000004        0x0 c:/ti/ccsv7/tools/compiler/gcc-arm-none-eabi-4_9-2015q3/bin/../lib/gcc/arm-none-eabi/4.9.3/armv7e-m/fpu/crtend.o
 .data          0x20000004        0x0 c:/ti/ccsv7/tools/compiler/gcc-arm-none-eabi-4_9-2015q3/bin/../lib/gcc/arm-none-eabi/4.9.3/armv7e-m/fpu/crtn.o
 *(.data*)
 *fill*         0x20000004        0x4 
 .data.LED_timer
                0x20000008        0x8 ./main.o
                0x20000008                LED_timer
 .data.alive_timer
                0x20000010        0x2 ./main.o
 *fill*         0x20000012        0x6 
 .data.pause_screen_timer
                0x20000018        0x8 ./main.o
 .data.arrow_pos
                0x20000020        0x1 ./menu_handler.o
 *fill*         0x20000021        0x3 
 .data.pulse_string
                0x20000024        0x3 ./menu_handler.o
 *fill*         0x20000027        0x1 
 .data.menu_strs
                0x20000028       0x3c ./menu_handler.o
 .data.line_one_char
                0x20000064        0x1 ./menu_handler.o
 .data.line_two_char
                0x20000065        0x1 ./menu_handler.o
 .data.line_three_char
                0x20000066        0x1 ./menu_handler.o
 .data.line_four_char
                0x20000067        0x1 ./menu_handler.o
 .data.update_state_timer
                0x20000068        0x8 ./menu_handler.o
 .data.LED_timer
                0x20000070        0x8 ./menu_handler.o
 .data.impure_data
                0x20000078      0x428 c:/ti/ccsv7/tools/compiler/gcc-arm-none-eabi-4_9-2015q3/bin/../lib/gcc/arm-none-eabi/4.9.3/../../../../arm-none-eabi/lib/armv7e-m/fpu\libg.a(lib_a-impure.o)
 .data._impure_ptr
                0x200004a0        0x4 c:/ti/ccsv7/tools/compiler/gcc-arm-none-eabi-4_9-2015q3/bin/../lib/gcc/arm-none-eabi/4.9.3/../../../../arm-none-eabi/lib/armv7e-m/fpu\libg.a(lib_a-impure.o)
                0x200004a0                _impure_ptr
                0x200004a4                . = ALIGN (0x4)
                0x200004a4                __data_end__ = .

.jcr            0x200004a4        0x4 load address 0x00002700
 .jcr           0x200004a4        0x0 c:/ti/ccsv7/tools/compiler/gcc-arm-none-eabi-4_9-2015q3/bin/../lib/gcc/arm-none-eabi/4.9.3/armv7e-m/fpu/crtbegin.o
 .jcr           0x200004a4        0x4 c:/ti/ccsv7/tools/compiler/gcc-arm-none-eabi-4_9-2015q3/bin/../lib/gcc/arm-none-eabi/4.9.3/armv7e-m/fpu/crtend.o

.igot.plt       0x200004a8        0x0 load address 0x00002704
 .igot.plt      0x00000000        0x0 c:/ti/ccsv7/tools/compiler/gcc-arm-none-eabi-4_9-2015q3/bin/../lib/gcc/arm-none-eabi/4.9.3/armv7e-m/fpu/crtbegin.o

.ARM.exidx      0x00002704        0x8
                0x00002704                __exidx_start = .
 *(.ARM.exidx* .gnu.linkonce.armexidx.*)
 .ARM.exidx     0x00002704        0x8 c:/ti/ccsv7/tools/compiler/gcc-arm-none-eabi-4_9-2015q3/bin/../lib/gcc/arm-none-eabi/4.9.3/../../../../arm-none-eabi/lib/armv7e-m/fpu/crt0.o
                0x0000270c                __exidx_end = .

.ARM.extab      0x0000270c        0x0
 *(.ARM.extab* .gnu.linkonce.armextab.*)
 .ARM.extab     0x0000270c        0x0 c:/ti/ccsv7/tools/compiler/gcc-arm-none-eabi-4_9-2015q3/bin/../lib/gcc/arm-none-eabi/4.9.3/../../../../arm-none-eabi/lib/armv7e-m/fpu/crt0.o

.rel.dyn        0x0000270c        0x0
 .rel.iplt      0x00000000        0x0 c:/ti/ccsv7/tools/compiler/gcc-arm-none-eabi-4_9-2015q3/bin/../lib/gcc/arm-none-eabi/4.9.3/armv7e-m/fpu/crtbegin.o

.bss            0x200004a8      0xc14
                0x200004a8                __bss_start__ = .
 *(.shbss)
 *(.bss)
 .bss           0x200004a8        0x0 c:/ti/ccsv7/tools/compiler/gcc-arm-none-eabi-4_9-2015q3/bin/../lib/gcc/arm-none-eabi/4.9.3/armv7e-m/fpu/crti.o
 .bss           0x200004a8       0x1c c:/ti/ccsv7/tools/compiler/gcc-arm-none-eabi-4_9-2015q3/bin/../lib/gcc/arm-none-eabi/4.9.3/armv7e-m/fpu/crtbegin.o
 .bss           0x200004c4        0x0 c:/ti/ccsv7/tools/compiler/gcc-arm-none-eabi-4_9-2015q3/bin/../lib/gcc/arm-none-eabi/4.9.3/../../../../arm-none-eabi/lib/armv7e-m/fpu/crt0.o
 .bss           0x200004c4        0x0 ./lcd.o
 .bss           0x200004c4        0x0 ./main.o
 .bss           0x200004c4        0x0 ./menu_handler.o
 .bss           0x200004c4        0x0 ./rtcs.o
 .bss           0x200004c4        0x0 ./set_color.o
 .bss           0x200004c4        0x0 ./setup.o
 .bss           0x200004c4        0x0 ./switches.o
 .bss           0x200004c4        0x0 ./systick.o
 .bss           0x200004c4        0x0 ./tm4c123gh6pm_startup_ccs_gcc.o
 .bss           0x200004c4        0x0 c:/ti/ccsv7/tools/compiler/gcc-arm-none-eabi-4_9-2015q3/bin/../lib/gcc/arm-none-eabi/4.9.3/../../../../arm-none-eabi/lib/armv7e-m/fpu\libg.a(lib_a-exit.o)
 .bss           0x200004c4        0x0 c:/ti/ccsv7/tools/compiler/gcc-arm-none-eabi-4_9-2015q3/bin/../lib/gcc/arm-none-eabi/4.9.3/../../../../arm-none-eabi/lib/armv7e-m/fpu\libg.a(lib_a-impure.o)
 .bss           0x200004c4        0x0 c:/ti/ccsv7/tools/compiler/gcc-arm-none-eabi-4_9-2015q3/bin/../lib/gcc/arm-none-eabi/4.9.3/../../../../arm-none-eabi/lib/armv7e-m/fpu\libg.a(lib_a-init.o)
 .bss           0x200004c4        0x0 c:/ti/ccsv7/tools/compiler/gcc-arm-none-eabi-4_9-2015q3/bin/../lib/gcc/arm-none-eabi/4.9.3/../../../../arm-none-eabi/lib/armv7e-m/fpu\libg.a(lib_a-memset.o)
 .bss           0x200004c4        0x0 c:/ti/ccsv7/tools/compiler/gcc-arm-none-eabi-4_9-2015q3/bin/../lib/gcc/arm-none-eabi/4.9.3/../../../../arm-none-eabi/lib/armv7e-m/fpu\libg.a(lib_a-__call_atexit.o)
 .bss           0x200004c4        0x0 c:/ti/ccsv7/tools/compiler/gcc-arm-none-eabi-4_9-2015q3/bin/../lib/gcc/arm-none-eabi/4.9.3/../../../../arm-none-eabi/lib/armv7e-m/fpu\libg.a(lib_a-atexit.o)
 .bss           0x200004c4        0x0 c:/ti/ccsv7/tools/compiler/gcc-arm-none-eabi-4_9-2015q3/bin/../lib/gcc/arm-none-eabi/4.9.3/../../../../arm-none-eabi/lib/armv7e-m/fpu\libg.a(lib_a-fini.o)
 .bss           0x200004c4        0x0 c:/ti/ccsv7/tools/compiler/gcc-arm-none-eabi-4_9-2015q3/bin/../lib/gcc/arm-none-eabi/4.9.3/../../../../arm-none-eabi/lib/armv7e-m/fpu\libg.a(lib_a-__atexit.o)
 .bss           0x200004c4        0x0 c:/ti/ccsv7/tools/compiler/gcc-arm-none-eabi-4_9-2015q3/bin/../lib/gcc/arm-none-eabi/4.9.3/../../../../arm-none-eabi/lib/armv7e-m/fpu\libnosys.a(_exit.o)
 .bss           0x200004c4        0x0 c:/ti/ccsv7/tools/compiler/gcc-arm-none-eabi-4_9-2015q3/bin/../lib/gcc/arm-none-eabi/4.9.3/armv7e-m/fpu/crtend.o
 .bss           0x200004c4        0x0 c:/ti/ccsv7/tools/compiler/gcc-arm-none-eabi-4_9-2015q3/bin/../lib/gcc/arm-none-eabi/4.9.3/armv7e-m/fpu/crtn.o
 *(.bss.*)
 .bss.event     0x200004c4        0x1 ./main.o
 .bss.pause_screen_on
                0x200004c5        0x1 ./main.o
 *fill*         0x200004c6        0x2 
 .bss.ADC0_result
                0x200004c8        0x4 ./menu_handler.o
 .bss.ADC1_result
                0x200004cc        0x4 ./menu_handler.o
 .bss.pulse_triggered
                0x200004d0        0x4 ./menu_handler.o
 .bss.pulse_counter_60
                0x200004d4        0x4 ./menu_handler.o
 .bss.pulse_counter
                0x200004d8        0x4 ./menu_handler.o
 .bss.current_state
                0x200004dc        0x4 ./menu_handler.o
 .bss.pause_dummy
                0x200004e0        0x1 ./menu_handler.o
 .bss.next_id.4067
                0x200004e1        0x1 ./rtcs.o
 .bss.sw1_state.4008
                0x200004e2        0x1 ./switches.o
 *fill*         0x200004e3        0x1 
 .bss.button_timer.4010
                0x200004e4        0x2 ./switches.o
 .bss.sw2_state.4009
                0x200004e6        0x1 ./switches.o
 *fill*         0x200004e7        0x1 
 .bss.ticks     0x200004e8        0x2 ./systick.o
                0x200004e8                ticks
 *fill*         0x200004ea        0x2 
 .bss.pui32Stack
                0x200004ec      0x200 ./tm4c123gh6pm_startup_ccs_gcc.o
 *(COMMON)
 *fill*         0x200006ec        0x4 
 COMMON         0x200006f0        0x8 ./menu_handler.o
                0x200006f0                pause_screen_timer
 COMMON         0x200006f8      0x9c4 ./rtcs.o
                0x200006f8                pos
                0x200007b8                current_task
                0x200007bc                pot
                0x2000087c                poq
                0x200010bc                . = ALIGN (0x4)
                0x200010bc                __bss_end__ = .

.heap           0x200010bc        0x0
                0x200010bc                __heap_start__ = .
                0x200010bc                end = __heap_start__
                0x200010bc                _end = end
                0x200010bc                __end = end
 *(.heap)
                0x200010bc                __heap_end__ = .
                0x200010bc                __HeapLimit = __heap_end__

.stack          0x200010c0        0x0
                0x200010c0                _stack = .
                0x200010c0                __stack = .
 *(.stack)
START GROUP
LOAD c:/ti/ccsv7/tools/compiler/gcc-arm-none-eabi-4_9-2015q3/bin/../lib/gcc/arm-none-eabi/4.9.3/armv7e-m/fpu\libgcc.a
LOAD c:/ti/ccsv7/tools/compiler/gcc-arm-none-eabi-4_9-2015q3/bin/../lib/gcc/arm-none-eabi/4.9.3/../../../../arm-none-eabi/lib/armv7e-m/fpu\libg.a
LOAD c:/ti/ccsv7/tools/compiler/gcc-arm-none-eabi-4_9-2015q3/bin/../lib/gcc/arm-none-eabi/4.9.3/../../../../arm-none-eabi/lib/armv7e-m/fpu\libc.a
END GROUP
START GROUP
LOAD c:/ti/ccsv7/tools/compiler/gcc-arm-none-eabi-4_9-2015q3/bin/../lib/gcc/arm-none-eabi/4.9.3/armv7e-m/fpu\libgcc.a
LOAD c:/ti/ccsv7/tools/compiler/gcc-arm-none-eabi-4_9-2015q3/bin/../lib/gcc/arm-none-eabi/4.9.3/../../../../arm-none-eabi/lib/armv7e-m/fpu\libc.a
LOAD c:/ti/ccsv7/tools/compiler/gcc-arm-none-eabi-4_9-2015q3/bin/../lib/gcc/arm-none-eabi/4.9.3/../../../../arm-none-eabi/lib/armv7e-m/fpu\libnosys.a
END GROUP
LOAD c:/ti/ccsv7/tools/compiler/gcc-arm-none-eabi-4_9-2015q3/bin/../lib/gcc/arm-none-eabi/4.9.3/armv7e-m/fpu/crtend.o
LOAD c:/ti/ccsv7/tools/compiler/gcc-arm-none-eabi-4_9-2015q3/bin/../lib/gcc/arm-none-eabi/4.9.3/armv7e-m/fpu/crtn.o
OUTPUT(Projekt_GUI_2.out elf32-littlearm)

.ARM.attributes
                0x00000000       0x30
 .ARM.attributes
                0x00000000       0x22 c:/ti/ccsv7/tools/compiler/gcc-arm-none-eabi-4_9-2015q3/bin/../lib/gcc/arm-none-eabi/4.9.3/armv7e-m/fpu/crti.o
 .ARM.attributes
                0x00000022       0x34 c:/ti/ccsv7/tools/compiler/gcc-arm-none-eabi-4_9-2015q3/bin/../lib/gcc/arm-none-eabi/4.9.3/armv7e-m/fpu/crtbegin.o
 .ARM.attributes
                0x00000056       0x20 c:/ti/ccsv7/tools/compiler/gcc-arm-none-eabi-4_9-2015q3/bin/../lib/gcc/arm-none-eabi/4.9.3/../../../../arm-none-eabi/lib/armv7e-m/fpu/crt0.o
 .ARM.attributes
                0x00000076       0x39 ./lcd.o
 .ARM.attributes
                0x000000af       0x39 ./main.o
 .ARM.attributes
                0x000000e8       0x39 ./menu_handler.o
 .ARM.attributes
                0x00000121       0x39 ./rtcs.o
 .ARM.attributes
                0x0000015a       0x39 ./set_color.o
 .ARM.attributes
                0x00000193       0x39 ./setup.o
 .ARM.attributes
                0x000001cc       0x39 ./switches.o
 .ARM.attributes
                0x00000205       0x39 ./systick.o
 .ARM.attributes
                0x0000023e       0x39 ./tm4c123gh6pm_startup_ccs_gcc.o
 .ARM.attributes
                0x00000277       0x34 c:/ti/ccsv7/tools/compiler/gcc-arm-none-eabi-4_9-2015q3/bin/../lib/gcc/arm-none-eabi/4.9.3/../../../../arm-none-eabi/lib/armv7e-m/fpu\libg.a(lib_a-exit.o)
 .ARM.attributes
                0x000002ab       0x34 c:/ti/ccsv7/tools/compiler/gcc-arm-none-eabi-4_9-2015q3/bin/../lib/gcc/arm-none-eabi/4.9.3/../../../../arm-none-eabi/lib/armv7e-m/fpu\libg.a(lib_a-impure.o)
 .ARM.attributes
                0x000002df       0x34 c:/ti/ccsv7/tools/compiler/gcc-arm-none-eabi-4_9-2015q3/bin/../lib/gcc/arm-none-eabi/4.9.3/../../../../arm-none-eabi/lib/armv7e-m/fpu\libg.a(lib_a-init.o)
 .ARM.attributes
                0x00000313       0x34 c:/ti/ccsv7/tools/compiler/gcc-arm-none-eabi-4_9-2015q3/bin/../lib/gcc/arm-none-eabi/4.9.3/../../../../arm-none-eabi/lib/armv7e-m/fpu\libg.a(lib_a-memset.o)
 .ARM.attributes
                0x00000347       0x34 c:/ti/ccsv7/tools/compiler/gcc-arm-none-eabi-4_9-2015q3/bin/../lib/gcc/arm-none-eabi/4.9.3/../../../../arm-none-eabi/lib/armv7e-m/fpu\libg.a(lib_a-__call_atexit.o)
 .ARM.attributes
                0x0000037b       0x34 c:/ti/ccsv7/tools/compiler/gcc-arm-none-eabi-4_9-2015q3/bin/../lib/gcc/arm-none-eabi/4.9.3/../../../../arm-none-eabi/lib/armv7e-m/fpu\libg.a(lib_a-atexit.o)
 .ARM.attributes
                0x000003af       0x34 c:/ti/ccsv7/tools/compiler/gcc-arm-none-eabi-4_9-2015q3/bin/../lib/gcc/arm-none-eabi/4.9.3/../../../../arm-none-eabi/lib/armv7e-m/fpu\libg.a(lib_a-fini.o)
 .ARM.attributes
                0x000003e3       0x34 c:/ti/ccsv7/tools/compiler/gcc-arm-none-eabi-4_9-2015q3/bin/../lib/gcc/arm-none-eabi/4.9.3/../../../../arm-none-eabi/lib/armv7e-m/fpu\libg.a(lib_a-__atexit.o)
 .ARM.attributes
                0x00000417       0x34 c:/ti/ccsv7/tools/compiler/gcc-arm-none-eabi-4_9-2015q3/bin/../lib/gcc/arm-none-eabi/4.9.3/../../../../arm-none-eabi/lib/armv7e-m/fpu\libnosys.a(_exit.o)
 .ARM.attributes
                0x0000044b       0x34 c:/ti/ccsv7/tools/compiler/gcc-arm-none-eabi-4_9-2015q3/bin/../lib/gcc/arm-none-eabi/4.9.3/armv7e-m/fpu/crtend.o
 .ARM.attributes
                0x0000047f       0x22 c:/ti/ccsv7/tools/compiler/gcc-arm-none-eabi-4_9-2015q3/bin/../lib/gcc/arm-none-eabi/4.9.3/armv7e-m/fpu/crtn.o

.comment        0x00000000       0x70
 .comment       0x00000000       0x70 ./lcd.o
                                 0x71 (size before relaxing)
 .comment       0x00000000       0x71 ./main.o
 .comment       0x00000000       0x71 ./menu_handler.o
 .comment       0x00000000       0x71 ./rtcs.o
 .comment       0x00000000       0x71 ./set_color.o
 .comment       0x00000000       0x71 ./setup.o
 .comment       0x00000000       0x71 ./switches.o
 .comment       0x00000000       0x71 ./systick.o
 .comment       0x00000000       0x71 ./tm4c123gh6pm_startup_ccs_gcc.o

.debug_info     0x00000000     0x1396
 .debug_info    0x00000000      0x276 ./lcd.o
 .debug_info    0x00000276      0x13b ./main.o
 .debug_info    0x000003b1      0x4d9 ./menu_handler.o
 .debug_info    0x0000088a      0x557 ./rtcs.o
 .debug_info    0x00000de1       0xbd ./set_color.o
 .debug_info    0x00000e9e      0x15d ./setup.o
 .debug_info    0x00000ffb      0x12a ./switches.o
 .debug_info    0x00001125       0xfb ./systick.o
 .debug_info    0x00001220      0x176 ./tm4c123gh6pm_startup_ccs_gcc.o

.debug_abbrev   0x00000000      0x67e
 .debug_abbrev  0x00000000       0xcf ./lcd.o
 .debug_abbrev  0x000000cf       0x86 ./main.o
 .debug_abbrev  0x00000155       0xfb ./menu_handler.o
 .debug_abbrev  0x00000250      0x16a ./rtcs.o
 .debug_abbrev  0x000003ba       0x5b ./set_color.o
 .debug_abbrev  0x00000415       0xb8 ./setup.o
 .debug_abbrev  0x000004cd       0x70 ./switches.o
 .debug_abbrev  0x0000053d       0x77 ./systick.o
 .debug_abbrev  0x000005b4       0xca ./tm4c123gh6pm_startup_ccs_gcc.o

.debug_aranges  0x00000000      0x2a0
 .debug_aranges
                0x00000000       0x78 ./lcd.o
 .debug_aranges
                0x00000078       0x20 ./main.o
 .debug_aranges
                0x00000098       0x80 ./menu_handler.o
 .debug_aranges
                0x00000118       0x80 ./rtcs.o
 .debug_aranges
                0x00000198       0x20 ./set_color.o
 .debug_aranges
                0x000001b8       0x48 ./setup.o
 .debug_aranges
                0x00000200       0x30 ./switches.o
 .debug_aranges
                0x00000230       0x38 ./systick.o
 .debug_aranges
                0x00000268       0x38 ./tm4c123gh6pm_startup_ccs_gcc.o

.debug_ranges   0x00000000      0x210
 .debug_ranges  0x00000000       0x68 ./lcd.o
 .debug_ranges  0x00000068       0x10 ./main.o
 .debug_ranges  0x00000078       0x70 ./menu_handler.o
 .debug_ranges  0x000000e8       0x70 ./rtcs.o
 .debug_ranges  0x00000158       0x10 ./set_color.o
 .debug_ranges  0x00000168       0x38 ./setup.o
 .debug_ranges  0x000001a0       0x20 ./switches.o
 .debug_ranges  0x000001c0       0x28 ./systick.o
 .debug_ranges  0x000001e8       0x28 ./tm4c123gh6pm_startup_ccs_gcc.o

.debug_line     0x00000000      0xfa5
 .debug_line    0x00000000      0x214 ./lcd.o
 .debug_line    0x00000214      0x132 ./main.o
 .debug_line    0x00000346      0x2e4 ./menu_handler.o
 .debug_line    0x0000062a      0x24e ./rtcs.o
 .debug_line    0x00000878      0x122 ./set_color.o
 .debug_line    0x0000099a      0x1e6 ./setup.o
 .debug_line    0x00000b80      0x17a ./switches.o
 .debug_line    0x00000cfa      0x153 ./systick.o
 .debug_line    0x00000e4d      0x158 ./tm4c123gh6pm_startup_ccs_gcc.o

.debug_str      0x00000000      0x6e2
 .debug_str     0x00000000      0x221 ./lcd.o
                                0x263 (size before relaxing)
 .debug_str     0x00000221       0x69 ./main.o
                                0x23a (size before relaxing)
 .debug_str     0x0000028a      0x18e ./menu_handler.o
                                0x3a6 (size before relaxing)
 .debug_str     0x00000418      0x119 ./rtcs.o
                                0x32a (size before relaxing)
 .debug_str     0x00000531       0x17 ./set_color.o
                                0x1ee (size before relaxing)
 .debug_str     0x00000548       0x4a ./setup.o
                                0x226 (size before relaxing)
 .debug_str     0x00000592       0x60 ./switches.o
                                0x238 (size before relaxing)
 .debug_str     0x000005f2       0x4f ./systick.o
                                0x227 (size before relaxing)
 .debug_str     0x00000641       0xa1 ./tm4c123gh6pm_startup_ccs_gcc.o
                                0x268 (size before relaxing)

.debug_frame    0x00000000      0x99c
 .debug_frame   0x00000000      0x1b8 ./lcd.o
 .debug_frame   0x000001b8       0x2c ./main.o
 .debug_frame   0x000001e4      0x18c ./menu_handler.o
 .debug_frame   0x00000370      0x1fc ./rtcs.o
 .debug_frame   0x0000056c       0x38 ./set_color.o
 .debug_frame   0x000005a4       0xf4 ./setup.o
 .debug_frame   0x00000698       0x78 ./switches.o
 .debug_frame   0x00000710       0x90 ./systick.o
 .debug_frame   0x000007a0       0x7c ./tm4c123gh6pm_startup_ccs_gcc.o
 .debug_frame   0x0000081c       0x28 c:/ti/ccsv7/tools/compiler/gcc-arm-none-eabi-4_9-2015q3/bin/../lib/gcc/arm-none-eabi/4.9.3/../../../../arm-none-eabi/lib/armv7e-m/fpu\libg.a(lib_a-exit.o)
 .debug_frame   0x00000844       0x2c c:/ti/ccsv7/tools/compiler/gcc-arm-none-eabi-4_9-2015q3/bin/../lib/gcc/arm-none-eabi/4.9.3/../../../../arm-none-eabi/lib/armv7e-m/fpu\libg.a(lib_a-init.o)
 .debug_frame   0x00000870       0x34 c:/ti/ccsv7/tools/compiler/gcc-arm-none-eabi-4_9-2015q3/bin/../lib/gcc/arm-none-eabi/4.9.3/../../../../arm-none-eabi/lib/armv7e-m/fpu\libg.a(lib_a-memset.o)
 .debug_frame   0x000008a4       0x50 c:/ti/ccsv7/tools/compiler/gcc-arm-none-eabi-4_9-2015q3/bin/../lib/gcc/arm-none-eabi/4.9.3/../../../../arm-none-eabi/lib/armv7e-m/fpu\libg.a(lib_a-__call_atexit.o)
 .debug_frame   0x000008f4       0x20 c:/ti/ccsv7/tools/compiler/gcc-arm-none-eabi-4_9-2015q3/bin/../lib/gcc/arm-none-eabi/4.9.3/../../../../arm-none-eabi/lib/armv7e-m/fpu\libg.a(lib_a-atexit.o)
 .debug_frame   0x00000914       0x34 c:/ti/ccsv7/tools/compiler/gcc-arm-none-eabi-4_9-2015q3/bin/../lib/gcc/arm-none-eabi/4.9.3/../../../../arm-none-eabi/lib/armv7e-m/fpu\libg.a(lib_a-fini.o)
 .debug_frame   0x00000948       0x34 c:/ti/ccsv7/tools/compiler/gcc-arm-none-eabi-4_9-2015q3/bin/../lib/gcc/arm-none-eabi/4.9.3/../../../../arm-none-eabi/lib/armv7e-m/fpu\libg.a(lib_a-__atexit.o)
 .debug_frame   0x0000097c       0x20 c:/ti/ccsv7/tools/compiler/gcc-arm-none-eabi-4_9-2015q3/bin/../lib/gcc/arm-none-eabi/4.9.3/../../../../arm-none-eabi/lib/armv7e-m/fpu\libnosys.a(_exit.o)
