Archive member included because of file (symbol)

c:/ti/ccsv7/tools/compiler/gcc-arm-none-eabi-4_9-2015q3/bin/../lib/gcc/arm-none-eabi/4.9.3/../../../../arm-none-eabi/lib/armv7e-m/fpu\libg.a(lib_a-exit.o)
                              c:/ti/ccsv7/tools/compiler/gcc-arm-none-eabi-4_9-2015q3/bin/../lib/gcc/arm-none-eabi/4.9.3/../../../../arm-none-eabi/lib/armv7e-m/fpu/crt0.o (exit)
c:/ti/ccsv7/tools/compiler/gcc-arm-none-eabi-4_9-2015q3/bin/../lib/gcc/arm-none-eabi/4.9.3/../../../../arm-none-eabi/lib/armv7e-m/fpu\libg.a(lib_a-impure.o)
                              c:/ti/ccsv7/tools/compiler/gcc-arm-none-eabi-4_9-2015q3/bin/../lib/gcc/arm-none-eabi/4.9.3/../../../../arm-none-eabi/lib/armv7e-m/fpu\libg.a(lib_a-exit.o) (_global_impure_ptr)
c:/ti/ccsv7/tools/compiler/gcc-arm-none-eabi-4_9-2015q3/bin/../lib/gcc/arm-none-eabi/4.9.3/../../../../arm-none-eabi/lib/armv7e-m/fpu\libg.a(lib_a-init.o)
                              c:/ti/ccsv7/tools/compiler/gcc-arm-none-eabi-4_9-2015q3/bin/../lib/gcc/arm-none-eabi/4.9.3/../../../../arm-none-eabi/lib/armv7e-m/fpu/crt0.o (__libc_init_array)
c:/ti/ccsv7/tools/compiler/gcc-arm-none-eabi-4_9-2015q3/bin/../lib/gcc/arm-none-eabi/4.9.3/../../../../arm-none-eabi/lib/armv7e-m/fpu\libg.a(lib_a-memset.o)
                              c:/ti/ccsv7/tools/compiler/gcc-arm-none-eabi-4_9-2015q3/bin/../lib/gcc/arm-none-eabi/4.9.3/../../../../arm-none-eabi/lib/armv7e-m/fpu/crt0.o (memset)
c:/ti/ccsv7/tools/compiler/gcc-arm-none-eabi-4_9-2015q3/bin/../lib/gcc/arm-none-eabi/4.9.3/../../../../arm-none-eabi/lib/armv7e-m/fpu\libg.a(lib_a-__call_atexit.o)
                              c:/ti/ccsv7/tools/compiler/gcc-arm-none-eabi-4_9-2015q3/bin/../lib/gcc/arm-none-eabi/4.9.3/../../../../arm-none-eabi/lib/armv7e-m/fpu\libg.a(lib_a-exit.o) (__call_exitprocs)
c:/ti/ccsv7/tools/compiler/gcc-arm-none-eabi-4_9-2015q3/bin/../lib/gcc/arm-none-eabi/4.9.3/../../../../arm-none-eabi/lib/armv7e-m/fpu\libg.a(lib_a-atexit.o)
                              c:/ti/ccsv7/tools/compiler/gcc-arm-none-eabi-4_9-2015q3/bin/../lib/gcc/arm-none-eabi/4.9.3/../../../../arm-none-eabi/lib/armv7e-m/fpu\libg.a(lib_a-__call_atexit.o) (atexit)
c:/ti/ccsv7/tools/compiler/gcc-arm-none-eabi-4_9-2015q3/bin/../lib/gcc/arm-none-eabi/4.9.3/../../../../arm-none-eabi/lib/armv7e-m/fpu\libg.a(lib_a-fini.o)
                              c:/ti/ccsv7/tools/compiler/gcc-arm-none-eabi-4_9-2015q3/bin/../lib/gcc/arm-none-eabi/4.9.3/../../../../arm-none-eabi/lib/armv7e-m/fpu\libg.a(lib_a-__call_atexit.o) (__libc_fini_array)
c:/ti/ccsv7/tools/compiler/gcc-arm-none-eabi-4_9-2015q3/bin/../lib/gcc/arm-none-eabi/4.9.3/../../../../arm-none-eabi/lib/armv7e-m/fpu\libg.a(lib_a-__atexit.o)
                              c:/ti/ccsv7/tools/compiler/gcc-arm-none-eabi-4_9-2015q3/bin/../lib/gcc/arm-none-eabi/4.9.3/../../../../arm-none-eabi/lib/armv7e-m/fpu\libg.a(lib_a-atexit.o) (__register_exitproc)
c:/ti/ccsv7/tools/compiler/gcc-arm-none-eabi-4_9-2015q3/bin/../lib/gcc/arm-none-eabi/4.9.3/../../../../arm-none-eabi/lib/armv7e-m/fpu\libnosys.a(_exit.o)
                              c:/ti/ccsv7/tools/compiler/gcc-arm-none-eabi-4_9-2015q3/bin/../lib/gcc/arm-none-eabi/4.9.3/../../../../arm-none-eabi/lib/armv7e-m/fpu\libg.a(lib_a-exit.o) (_exit)

Memory Configuration

Name             Origin             Length             Attributes
FLASH            0x00000000         0x00040000         xr
SRAM             0x20000000         0x00008000         xw
*default*        0x00000000         0xffffffff

Linker script and memory map

LOAD c:/ti/ccsv7/tools/compiler/gcc-arm-none-eabi-4_9-2015q3/bin/../lib/gcc/arm-none-eabi/4.9.3/armv7e-m/fpu/crti.o
LOAD c:/ti/ccsv7/tools/compiler/gcc-arm-none-eabi-4_9-2015q3/bin/../lib/gcc/arm-none-eabi/4.9.3/armv7e-m/fpu/crtbegin.o
LOAD c:/ti/ccsv7/tools/compiler/gcc-arm-none-eabi-4_9-2015q3/bin/../lib/gcc/arm-none-eabi/4.9.3/../../../../arm-none-eabi/lib/armv7e-m/fpu/crt0.o
LOAD ./actions.o
LOAD ./main.o
LOAD ./processes.o
LOAD ./set_color.o
LOAD ./setup.o
LOAD ./state_run.o
LOAD ./systick.o
LOAD ./tm4c123gh6pm_startup_ccs_gcc.o
                0x00000000                PROVIDE (_intvecs_base_address, 0x0)

.intvecs        0x00000000      0x26c
 *(.intvecs)
 .intvecs       0x00000000      0x26c ./tm4c123gh6pm_startup_ccs_gcc.o
                0x00000000                g_pfnVectors
                0x20000000                PROVIDE (_vtable_base_address, 0x20000000)

.vtable
 *(.vtable)

.text           0x0000026c      0x9f4
 CREATE_OBJECT_SYMBOLS
 *(.text)
 .text          0x0000026c        0x0 c:/ti/ccsv7/tools/compiler/gcc-arm-none-eabi-4_9-2015q3/bin/../lib/gcc/arm-none-eabi/4.9.3/armv7e-m/fpu/crti.o
 .text          0x0000026c       0x5c c:/ti/ccsv7/tools/compiler/gcc-arm-none-eabi-4_9-2015q3/bin/../lib/gcc/arm-none-eabi/4.9.3/armv7e-m/fpu/crtbegin.o
 .text          0x000002c8       0x74 c:/ti/ccsv7/tools/compiler/gcc-arm-none-eabi-4_9-2015q3/bin/../lib/gcc/arm-none-eabi/4.9.3/../../../../arm-none-eabi/lib/armv7e-m/fpu/crt0.o
                0x000002c8                _start
                0x000002c8                _mainCRTStartup
 .text          0x0000033c        0x0 ./actions.o
 .text          0x0000033c        0x0 ./main.o
 .text          0x0000033c        0x0 ./processes.o
 .text          0x0000033c        0x0 ./set_color.o
 .text          0x0000033c        0x0 ./setup.o
 .text          0x0000033c        0x0 ./state_run.o
 .text          0x0000033c        0x0 ./systick.o
 .text          0x0000033c        0x0 ./tm4c123gh6pm_startup_ccs_gcc.o
 .text          0x0000033c        0x0 c:/ti/ccsv7/tools/compiler/gcc-arm-none-eabi-4_9-2015q3/bin/../lib/gcc/arm-none-eabi/4.9.3/../../../../arm-none-eabi/lib/armv7e-m/fpu\libg.a(lib_a-exit.o)
 .text          0x0000033c        0x0 c:/ti/ccsv7/tools/compiler/gcc-arm-none-eabi-4_9-2015q3/bin/../lib/gcc/arm-none-eabi/4.9.3/../../../../arm-none-eabi/lib/armv7e-m/fpu\libg.a(lib_a-impure.o)
 .text          0x0000033c        0x0 c:/ti/ccsv7/tools/compiler/gcc-arm-none-eabi-4_9-2015q3/bin/../lib/gcc/arm-none-eabi/4.9.3/../../../../arm-none-eabi/lib/armv7e-m/fpu\libg.a(lib_a-init.o)
 .text          0x0000033c        0x0 c:/ti/ccsv7/tools/compiler/gcc-arm-none-eabi-4_9-2015q3/bin/../lib/gcc/arm-none-eabi/4.9.3/../../../../arm-none-eabi/lib/armv7e-m/fpu\libg.a(lib_a-memset.o)
 .text          0x0000033c        0x0 c:/ti/ccsv7/tools/compiler/gcc-arm-none-eabi-4_9-2015q3/bin/../lib/gcc/arm-none-eabi/4.9.3/../../../../arm-none-eabi/lib/armv7e-m/fpu\libg.a(lib_a-__call_atexit.o)
 .text          0x0000033c        0x0 c:/ti/ccsv7/tools/compiler/gcc-arm-none-eabi-4_9-2015q3/bin/../lib/gcc/arm-none-eabi/4.9.3/../../../../arm-none-eabi/lib/armv7e-m/fpu\libg.a(lib_a-atexit.o)
 .text          0x0000033c        0x0 c:/ti/ccsv7/tools/compiler/gcc-arm-none-eabi-4_9-2015q3/bin/../lib/gcc/arm-none-eabi/4.9.3/../../../../arm-none-eabi/lib/armv7e-m/fpu\libg.a(lib_a-fini.o)
 .text          0x0000033c        0x0 c:/ti/ccsv7/tools/compiler/gcc-arm-none-eabi-4_9-2015q3/bin/../lib/gcc/arm-none-eabi/4.9.3/../../../../arm-none-eabi/lib/armv7e-m/fpu\libg.a(lib_a-__atexit.o)
 .text          0x0000033c        0x0 c:/ti/ccsv7/tools/compiler/gcc-arm-none-eabi-4_9-2015q3/bin/../lib/gcc/arm-none-eabi/4.9.3/../../../../arm-none-eabi/lib/armv7e-m/fpu\libnosys.a(_exit.o)
 .text          0x0000033c        0x0 c:/ti/ccsv7/tools/compiler/gcc-arm-none-eabi-4_9-2015q3/bin/../lib/gcc/arm-none-eabi/4.9.3/armv7e-m/fpu/crtend.o
 .text          0x0000033c        0x0 c:/ti/ccsv7/tools/compiler/gcc-arm-none-eabi-4_9-2015q3/bin/../lib/gcc/arm-none-eabi/4.9.3/armv7e-m/fpu/crtn.o
 *(.text.*)
 .text.sw1_clicked
                0x0000033c       0x24 ./actions.o
                0x0000033c                sw1_clicked
 .text.sw2_clicked
                0x00000360       0x24 ./actions.o
                0x00000360                sw2_clicked
 .text.determine_click
                0x00000384      0x120 ./actions.o
                0x00000384                determine_click
 .text.main     0x000004a4       0x80 ./main.o
                0x000004a4                main
 .text.process_button
                0x00000524       0xf8 ./processes.o
                0x00000524                process_button
 .text.SET_LED  0x0000061c       0x84 ./set_color.o
                0x0000061c                SET_LED
 .text.setup    0x000006a0       0x54 ./setup.o
                0x000006a0                setup
 .text.RUN_STATE
                0x000006f4      0x12c ./state_run.o
                0x000006f4                RUN_STATE
 .text.systick_handler
                0x00000820       0x24 ./systick.o
                0x00000820                systick_handler
 .text.enable_global_int
                0x00000844       0x10 ./systick.o
                0x00000844                enable_global_int
 .text.disable_global_int
                0x00000854       0x10 ./systick.o
                0x00000854                disable_global_int
 .text.init_systick
                0x00000864       0x84 ./systick.o
                0x00000864                init_systick
 .text.ResetISR
                0x000008e8       0x68 ./tm4c123gh6pm_startup_ccs_gcc.o
                0x000008e8                ResetISR
 .text.NmiSR    0x00000950        0x8 ./tm4c123gh6pm_startup_ccs_gcc.o
 .text.FaultISR
                0x00000958        0x8 ./tm4c123gh6pm_startup_ccs_gcc.o
 .text.IntDefaultHandler
                0x00000960        0x8 ./tm4c123gh6pm_startup_ccs_gcc.o
 .text.exit     0x00000968       0x20 c:/ti/ccsv7/tools/compiler/gcc-arm-none-eabi-4_9-2015q3/bin/../lib/gcc/arm-none-eabi/4.9.3/../../../../arm-none-eabi/lib/armv7e-m/fpu\libg.a(lib_a-exit.o)
                0x00000968                exit
 .text.__libc_init_array
                0x00000988       0x50 c:/ti/ccsv7/tools/compiler/gcc-arm-none-eabi-4_9-2015q3/bin/../lib/gcc/arm-none-eabi/4.9.3/../../../../arm-none-eabi/lib/armv7e-m/fpu\libg.a(lib_a-init.o)
                0x00000988                __libc_init_array
 .text.memset   0x000009d8       0x9c c:/ti/ccsv7/tools/compiler/gcc-arm-none-eabi-4_9-2015q3/bin/../lib/gcc/arm-none-eabi/4.9.3/../../../../arm-none-eabi/lib/armv7e-m/fpu\libg.a(lib_a-memset.o)
                0x000009d8                memset
 .text.startup.register_fini
                0x00000a74       0x14 c:/ti/ccsv7/tools/compiler/gcc-arm-none-eabi-4_9-2015q3/bin/../lib/gcc/arm-none-eabi/4.9.3/../../../../arm-none-eabi/lib/armv7e-m/fpu\libg.a(lib_a-__call_atexit.o)
 .text.__call_exitprocs
                0x00000a88       0xd4 c:/ti/ccsv7/tools/compiler/gcc-arm-none-eabi-4_9-2015q3/bin/../lib/gcc/arm-none-eabi/4.9.3/../../../../arm-none-eabi/lib/armv7e-m/fpu\libg.a(lib_a-__call_atexit.o)
                0x00000a88                __call_exitprocs
 .text.atexit   0x00000b5c        0xc c:/ti/ccsv7/tools/compiler/gcc-arm-none-eabi-4_9-2015q3/bin/../lib/gcc/arm-none-eabi/4.9.3/../../../../arm-none-eabi/lib/armv7e-m/fpu\libg.a(lib_a-atexit.o)
                0x00000b5c                atexit
 .text.__libc_fini_array
                0x00000b68       0x2c c:/ti/ccsv7/tools/compiler/gcc-arm-none-eabi-4_9-2015q3/bin/../lib/gcc/arm-none-eabi/4.9.3/../../../../arm-none-eabi/lib/armv7e-m/fpu\libg.a(lib_a-fini.o)
                0x00000b68                __libc_fini_array
 .text.__register_exitproc
                0x00000b94       0xa4 c:/ti/ccsv7/tools/compiler/gcc-arm-none-eabi-4_9-2015q3/bin/../lib/gcc/arm-none-eabi/4.9.3/../../../../arm-none-eabi/lib/armv7e-m/fpu\libg.a(lib_a-__atexit.o)
                0x00000b94                __register_exitproc
 .text._exit    0x00000c38        0x4 c:/ti/ccsv7/tools/compiler/gcc-arm-none-eabi-4_9-2015q3/bin/../lib/gcc/arm-none-eabi/4.9.3/../../../../arm-none-eabi/lib/armv7e-m/fpu\libnosys.a(_exit.o)
                0x00000c38                _exit
                0x00000c3c                . = ALIGN (0x4)
 *(.ctors)
                0x00000c3c                . = ALIGN (0x4)
 *(.dtors)
                0x00000c3c                . = ALIGN (0x4)
                0x00000c3c                __init_array_start = .
 *(.init_array*)
 .init_array    0x00000c3c        0x4 c:/ti/ccsv7/tools/compiler/gcc-arm-none-eabi-4_9-2015q3/bin/../lib/gcc/arm-none-eabi/4.9.3/armv7e-m/fpu/crtbegin.o
 .init_array.00000
                0x00000c40        0x4 c:/ti/ccsv7/tools/compiler/gcc-arm-none-eabi-4_9-2015q3/bin/../lib/gcc/arm-none-eabi/4.9.3/../../../../arm-none-eabi/lib/armv7e-m/fpu\libg.a(lib_a-__call_atexit.o)
                0x00000c44                __init_array_end = .
 *(.init)
 .init          0x00000c44        0x4 c:/ti/ccsv7/tools/compiler/gcc-arm-none-eabi-4_9-2015q3/bin/../lib/gcc/arm-none-eabi/4.9.3/armv7e-m/fpu/crti.o
                0x00000c44                _init
 .init          0x00000c48        0x8 c:/ti/ccsv7/tools/compiler/gcc-arm-none-eabi-4_9-2015q3/bin/../lib/gcc/arm-none-eabi/4.9.3/armv7e-m/fpu/crtn.o
 *(.fini*)
 .fini          0x00000c50        0x4 c:/ti/ccsv7/tools/compiler/gcc-arm-none-eabi-4_9-2015q3/bin/../lib/gcc/arm-none-eabi/4.9.3/armv7e-m/fpu/crti.o
                0x00000c50                _fini
 .fini_array    0x00000c54        0x4 c:/ti/ccsv7/tools/compiler/gcc-arm-none-eabi-4_9-2015q3/bin/../lib/gcc/arm-none-eabi/4.9.3/armv7e-m/fpu/crtbegin.o
 .fini          0x00000c58        0x8 c:/ti/ccsv7/tools/compiler/gcc-arm-none-eabi-4_9-2015q3/bin/../lib/gcc/arm-none-eabi/4.9.3/armv7e-m/fpu/crtn.o
                0x00000c60                PROVIDE (__etext, .)
                0x00000c60                PROVIDE (_etext, .)
                0x00000c60                PROVIDE (etext, .)

.glue_7         0x00000c60        0x0
 .glue_7        0x00000000        0x0 linker stubs

.glue_7t        0x00000c60        0x0
 .glue_7t       0x00000000        0x0 linker stubs

.vfp11_veneer   0x00000c60        0x0
 .vfp11_veneer  0x00000000        0x0 linker stubs

.v4_bx          0x00000c60        0x0
 .v4_bx         0x00000000        0x0 linker stubs

.iplt           0x00000c60        0x0
 .iplt          0x00000000        0x0 c:/ti/ccsv7/tools/compiler/gcc-arm-none-eabi-4_9-2015q3/bin/../lib/gcc/arm-none-eabi/4.9.3/armv7e-m/fpu/crtbegin.o

.rodata         0x00000c60        0x8
 *(.rodata)
 *(.rodata*)
 .rodata.str1.4
                0x00000c60        0x4 c:/ti/ccsv7/tools/compiler/gcc-arm-none-eabi-4_9-2015q3/bin/../lib/gcc/arm-none-eabi/4.9.3/../../../../arm-none-eabi/lib/armv7e-m/fpu\libg.a(lib_a-impure.o)
                                  0x2 (size before relaxing)
 .rodata._global_impure_ptr
                0x00000c64        0x4 c:/ti/ccsv7/tools/compiler/gcc-arm-none-eabi-4_9-2015q3/bin/../lib/gcc/arm-none-eabi/4.9.3/../../../../arm-none-eabi/lib/armv7e-m/fpu\libg.a(lib_a-impure.o)
                0x00000c64                _global_impure_ptr

.eh_frame       0x00000c68        0x4
 .eh_frame      0x00000c68        0x0 c:/ti/ccsv7/tools/compiler/gcc-arm-none-eabi-4_9-2015q3/bin/../lib/gcc/arm-none-eabi/4.9.3/armv7e-m/fpu/crtbegin.o
 .eh_frame      0x00000c68        0x4 c:/ti/ccsv7/tools/compiler/gcc-arm-none-eabi-4_9-2015q3/bin/../lib/gcc/arm-none-eabi/4.9.3/armv7e-m/fpu/crtend.o

.data           0x20000000      0x434 load address 0x00000c6c
                0x00000c6c                __data_load__ = LOADADDR (.data)
                0x20000000                __data_start__ = .
 *(.data)
 .data          0x20000000        0x0 c:/ti/ccsv7/tools/compiler/gcc-arm-none-eabi-4_9-2015q3/bin/../lib/gcc/arm-none-eabi/4.9.3/armv7e-m/fpu/crti.o
 .data          0x20000000        0x4 c:/ti/ccsv7/tools/compiler/gcc-arm-none-eabi-4_9-2015q3/bin/../lib/gcc/arm-none-eabi/4.9.3/armv7e-m/fpu/crtbegin.o
                0x20000000                __dso_handle
 .data          0x20000004        0x0 c:/ti/ccsv7/tools/compiler/gcc-arm-none-eabi-4_9-2015q3/bin/../lib/gcc/arm-none-eabi/4.9.3/../../../../arm-none-eabi/lib/armv7e-m/fpu/crt0.o
 .data          0x20000004        0x0 ./actions.o
 .data          0x20000004        0x0 ./main.o
 .data          0x20000004        0x0 ./processes.o
 .data          0x20000004        0x0 ./set_color.o
 .data          0x20000004        0x0 ./setup.o
 .data          0x20000004        0x0 ./state_run.o
 .data          0x20000004        0x0 ./systick.o
 .data          0x20000004        0x0 ./tm4c123gh6pm_startup_ccs_gcc.o
 .data          0x20000004        0x0 c:/ti/ccsv7/tools/compiler/gcc-arm-none-eabi-4_9-2015q3/bin/../lib/gcc/arm-none-eabi/4.9.3/../../../../arm-none-eabi/lib/armv7e-m/fpu\libg.a(lib_a-exit.o)
 .data          0x20000004        0x0 c:/ti/ccsv7/tools/compiler/gcc-arm-none-eabi-4_9-2015q3/bin/../lib/gcc/arm-none-eabi/4.9.3/../../../../arm-none-eabi/lib/armv7e-m/fpu\libg.a(lib_a-impure.o)
 .data          0x20000004        0x0 c:/ti/ccsv7/tools/compiler/gcc-arm-none-eabi-4_9-2015q3/bin/../lib/gcc/arm-none-eabi/4.9.3/../../../../arm-none-eabi/lib/armv7e-m/fpu\libg.a(lib_a-init.o)
 .data          0x20000004        0x0 c:/ti/ccsv7/tools/compiler/gcc-arm-none-eabi-4_9-2015q3/bin/../lib/gcc/arm-none-eabi/4.9.3/../../../../arm-none-eabi/lib/armv7e-m/fpu\libg.a(lib_a-memset.o)
 .data          0x20000004        0x0 c:/ti/ccsv7/tools/compiler/gcc-arm-none-eabi-4_9-2015q3/bin/../lib/gcc/arm-none-eabi/4.9.3/../../../../arm-none-eabi/lib/armv7e-m/fpu\libg.a(lib_a-__call_atexit.o)
 .data          0x20000004        0x0 c:/ti/ccsv7/tools/compiler/gcc-arm-none-eabi-4_9-2015q3/bin/../lib/gcc/arm-none-eabi/4.9.3/../../../../arm-none-eabi/lib/armv7e-m/fpu\libg.a(lib_a-atexit.o)
 .data          0x20000004        0x0 c:/ti/ccsv7/tools/compiler/gcc-arm-none-eabi-4_9-2015q3/bin/../lib/gcc/arm-none-eabi/4.9.3/../../../../arm-none-eabi/lib/armv7e-m/fpu\libg.a(lib_a-fini.o)
 .data          0x20000004        0x0 c:/ti/ccsv7/tools/compiler/gcc-arm-none-eabi-4_9-2015q3/bin/../lib/gcc/arm-none-eabi/4.9.3/../../../../arm-none-eabi/lib/armv7e-m/fpu\libg.a(lib_a-__atexit.o)
 .data          0x20000004        0x0 c:/ti/ccsv7/tools/compiler/gcc-arm-none-eabi-4_9-2015q3/bin/../lib/gcc/arm-none-eabi/4.9.3/../../../../arm-none-eabi/lib/armv7e-m/fpu\libnosys.a(_exit.o)
 .data          0x20000004        0x0 c:/ti/ccsv7/tools/compiler/gcc-arm-none-eabi-4_9-2015q3/bin/../lib/gcc/arm-none-eabi/4.9.3/armv7e-m/fpu/crtend.o
 .data          0x20000004        0x0 c:/ti/ccsv7/tools/compiler/gcc-arm-none-eabi-4_9-2015q3/bin/../lib/gcc/arm-none-eabi/4.9.3/armv7e-m/fpu/crtn.o
 *(.data*)
 .data.RUN_STATE_TIMER.4010
                0x20000004        0x2 ./state_run.o
 *fill*         0x20000006        0x2 
 .data.impure_data
                0x20000008      0x428 c:/ti/ccsv7/tools/compiler/gcc-arm-none-eabi-4_9-2015q3/bin/../lib/gcc/arm-none-eabi/4.9.3/../../../../arm-none-eabi/lib/armv7e-m/fpu\libg.a(lib_a-impure.o)
 .data._impure_ptr
                0x20000430        0x4 c:/ti/ccsv7/tools/compiler/gcc-arm-none-eabi-4_9-2015q3/bin/../lib/gcc/arm-none-eabi/4.9.3/../../../../arm-none-eabi/lib/armv7e-m/fpu\libg.a(lib_a-impure.o)
                0x20000430                _impure_ptr
                0x20000434                . = ALIGN (0x4)
                0x20000434                __data_end__ = .

.jcr            0x20000434        0x4 load address 0x000010a0
 .jcr           0x20000434        0x0 c:/ti/ccsv7/tools/compiler/gcc-arm-none-eabi-4_9-2015q3/bin/../lib/gcc/arm-none-eabi/4.9.3/armv7e-m/fpu/crtbegin.o
 .jcr           0x20000434        0x4 c:/ti/ccsv7/tools/compiler/gcc-arm-none-eabi-4_9-2015q3/bin/../lib/gcc/arm-none-eabi/4.9.3/armv7e-m/fpu/crtend.o

.igot.plt       0x20000438        0x0 load address 0x000010a4
 .igot.plt      0x00000000        0x0 c:/ti/ccsv7/tools/compiler/gcc-arm-none-eabi-4_9-2015q3/bin/../lib/gcc/arm-none-eabi/4.9.3/armv7e-m/fpu/crtbegin.o

.ARM.exidx      0x000010a4        0x8
                0x000010a4                __exidx_start = .
 *(.ARM.exidx* .gnu.linkonce.armexidx.*)
 .ARM.exidx     0x000010a4        0x8 c:/ti/ccsv7/tools/compiler/gcc-arm-none-eabi-4_9-2015q3/bin/../lib/gcc/arm-none-eabi/4.9.3/../../../../arm-none-eabi/lib/armv7e-m/fpu/crt0.o
                0x000010ac                __exidx_end = .

.ARM.extab      0x000010ac        0x0
 *(.ARM.extab* .gnu.linkonce.armextab.*)
 .ARM.extab     0x000010ac        0x0 c:/ti/ccsv7/tools/compiler/gcc-arm-none-eabi-4_9-2015q3/bin/../lib/gcc/arm-none-eabi/4.9.3/../../../../arm-none-eabi/lib/armv7e-m/fpu/crt0.o

.rel.dyn        0x000010ac        0x0
 .rel.iplt      0x00000000        0x0 c:/ti/ccsv7/tools/compiler/gcc-arm-none-eabi-4_9-2015q3/bin/../lib/gcc/arm-none-eabi/4.9.3/armv7e-m/fpu/crtbegin.o

.bss            0x20000438      0x224
                0x20000438                __bss_start__ = .
 *(.shbss)
 *(.bss)
 .bss           0x20000438        0x0 c:/ti/ccsv7/tools/compiler/gcc-arm-none-eabi-4_9-2015q3/bin/../lib/gcc/arm-none-eabi/4.9.3/armv7e-m/fpu/crti.o
 .bss           0x20000438       0x1c c:/ti/ccsv7/tools/compiler/gcc-arm-none-eabi-4_9-2015q3/bin/../lib/gcc/arm-none-eabi/4.9.3/armv7e-m/fpu/crtbegin.o
 .bss           0x20000454        0x0 c:/ti/ccsv7/tools/compiler/gcc-arm-none-eabi-4_9-2015q3/bin/../lib/gcc/arm-none-eabi/4.9.3/../../../../arm-none-eabi/lib/armv7e-m/fpu/crt0.o
 .bss           0x20000454        0x0 ./actions.o
 .bss           0x20000454        0x0 ./main.o
 .bss           0x20000454        0x0 ./processes.o
 .bss           0x20000454        0x0 ./set_color.o
 .bss           0x20000454        0x0 ./setup.o
 .bss           0x20000454        0x0 ./state_run.o
 .bss           0x20000454        0x0 ./systick.o
 .bss           0x20000454        0x0 ./tm4c123gh6pm_startup_ccs_gcc.o
 .bss           0x20000454        0x0 c:/ti/ccsv7/tools/compiler/gcc-arm-none-eabi-4_9-2015q3/bin/../lib/gcc/arm-none-eabi/4.9.3/../../../../arm-none-eabi/lib/armv7e-m/fpu\libg.a(lib_a-exit.o)
 .bss           0x20000454        0x0 c:/ti/ccsv7/tools/compiler/gcc-arm-none-eabi-4_9-2015q3/bin/../lib/gcc/arm-none-eabi/4.9.3/../../../../arm-none-eabi/lib/armv7e-m/fpu\libg.a(lib_a-impure.o)
 .bss           0x20000454        0x0 c:/ti/ccsv7/tools/compiler/gcc-arm-none-eabi-4_9-2015q3/bin/../lib/gcc/arm-none-eabi/4.9.3/../../../../arm-none-eabi/lib/armv7e-m/fpu\libg.a(lib_a-init.o)
 .bss           0x20000454        0x0 c:/ti/ccsv7/tools/compiler/gcc-arm-none-eabi-4_9-2015q3/bin/../lib/gcc/arm-none-eabi/4.9.3/../../../../arm-none-eabi/lib/armv7e-m/fpu\libg.a(lib_a-memset.o)
 .bss           0x20000454        0x0 c:/ti/ccsv7/tools/compiler/gcc-arm-none-eabi-4_9-2015q3/bin/../lib/gcc/arm-none-eabi/4.9.3/../../../../arm-none-eabi/lib/armv7e-m/fpu\libg.a(lib_a-__call_atexit.o)
 .bss           0x20000454        0x0 c:/ti/ccsv7/tools/compiler/gcc-arm-none-eabi-4_9-2015q3/bin/../lib/gcc/arm-none-eabi/4.9.3/../../../../arm-none-eabi/lib/armv7e-m/fpu\libg.a(lib_a-atexit.o)
 .bss           0x20000454        0x0 c:/ti/ccsv7/tools/compiler/gcc-arm-none-eabi-4_9-2015q3/bin/../lib/gcc/arm-none-eabi/4.9.3/../../../../arm-none-eabi/lib/armv7e-m/fpu\libg.a(lib_a-fini.o)
 .bss           0x20000454        0x0 c:/ti/ccsv7/tools/compiler/gcc-arm-none-eabi-4_9-2015q3/bin/../lib/gcc/arm-none-eabi/4.9.3/../../../../arm-none-eabi/lib/armv7e-m/fpu\libg.a(lib_a-__atexit.o)
 .bss           0x20000454        0x0 c:/ti/ccsv7/tools/compiler/gcc-arm-none-eabi-4_9-2015q3/bin/../lib/gcc/arm-none-eabi/4.9.3/../../../../arm-none-eabi/lib/armv7e-m/fpu\libnosys.a(_exit.o)
 .bss           0x20000454        0x0 c:/ti/ccsv7/tools/compiler/gcc-arm-none-eabi-4_9-2015q3/bin/../lib/gcc/arm-none-eabi/4.9.3/armv7e-m/fpu/crtend.o
 .bss           0x20000454        0x0 c:/ti/ccsv7/tools/compiler/gcc-arm-none-eabi-4_9-2015q3/bin/../lib/gcc/arm-none-eabi/4.9.3/armv7e-m/fpu/crtn.o
 *(.bss.*)
 .bss.sw1_state.4008
                0x20000454        0x1 ./actions.o
 *fill*         0x20000455        0x1 
 .bss.button_timer.4009
                0x20000456        0x2 ./actions.o
 .bss.LED_COUNTER
                0x20000458        0x1 ./state_run.o
                0x20000458                LED_COUNTER
 *fill*         0x20000459        0x1 
 .bss.ticks     0x2000045a        0x2 ./systick.o
                0x2000045a                ticks
 .bss.pui32Stack
                0x2000045c      0x200 ./tm4c123gh6pm_startup_ccs_gcc.o
 *(COMMON)
                0x2000065c                . = ALIGN (0x4)
                0x2000065c                __bss_end__ = .

.heap           0x2000065c        0x0
                0x2000065c                __heap_start__ = .
                0x2000065c                end = __heap_start__
                0x2000065c                _end = end
                0x2000065c                __end = end
 *(.heap)
                0x2000065c                __heap_end__ = .
                0x2000065c                __HeapLimit = __heap_end__

.stack          0x20000660        0x0
                0x20000660                _stack = .
                0x20000660                __stack = .
 *(.stack)
START GROUP
LOAD c:/ti/ccsv7/tools/compiler/gcc-arm-none-eabi-4_9-2015q3/bin/../lib/gcc/arm-none-eabi/4.9.3/armv7e-m/fpu\libgcc.a
LOAD c:/ti/ccsv7/tools/compiler/gcc-arm-none-eabi-4_9-2015q3/bin/../lib/gcc/arm-none-eabi/4.9.3/../../../../arm-none-eabi/lib/armv7e-m/fpu\libg.a
LOAD c:/ti/ccsv7/tools/compiler/gcc-arm-none-eabi-4_9-2015q3/bin/../lib/gcc/arm-none-eabi/4.9.3/../../../../arm-none-eabi/lib/armv7e-m/fpu\libc.a
END GROUP
START GROUP
LOAD c:/ti/ccsv7/tools/compiler/gcc-arm-none-eabi-4_9-2015q3/bin/../lib/gcc/arm-none-eabi/4.9.3/armv7e-m/fpu\libgcc.a
LOAD c:/ti/ccsv7/tools/compiler/gcc-arm-none-eabi-4_9-2015q3/bin/../lib/gcc/arm-none-eabi/4.9.3/../../../../arm-none-eabi/lib/armv7e-m/fpu\libc.a
LOAD c:/ti/ccsv7/tools/compiler/gcc-arm-none-eabi-4_9-2015q3/bin/../lib/gcc/arm-none-eabi/4.9.3/../../../../arm-none-eabi/lib/armv7e-m/fpu\libnosys.a
END GROUP
LOAD c:/ti/ccsv7/tools/compiler/gcc-arm-none-eabi-4_9-2015q3/bin/../lib/gcc/arm-none-eabi/4.9.3/armv7e-m/fpu/crtend.o
LOAD c:/ti/ccsv7/tools/compiler/gcc-arm-none-eabi-4_9-2015q3/bin/../lib/gcc/arm-none-eabi/4.9.3/armv7e-m/fpu/crtn.o
OUTPUT(Ass2.2.out elf32-littlearm)

.ARM.attributes
                0x00000000       0x30
 .ARM.attributes
                0x00000000       0x22 c:/ti/ccsv7/tools/compiler/gcc-arm-none-eabi-4_9-2015q3/bin/../lib/gcc/arm-none-eabi/4.9.3/armv7e-m/fpu/crti.o
 .ARM.attributes
                0x00000022       0x34 c:/ti/ccsv7/tools/compiler/gcc-arm-none-eabi-4_9-2015q3/bin/../lib/gcc/arm-none-eabi/4.9.3/armv7e-m/fpu/crtbegin.o
 .ARM.attributes
                0x00000056       0x20 c:/ti/ccsv7/tools/compiler/gcc-arm-none-eabi-4_9-2015q3/bin/../lib/gcc/arm-none-eabi/4.9.3/../../../../arm-none-eabi/lib/armv7e-m/fpu/crt0.o
 .ARM.attributes
                0x00000076       0x39 ./actions.o
 .ARM.attributes
                0x000000af       0x39 ./main.o
 .ARM.attributes
                0x000000e8       0x39 ./processes.o
 .ARM.attributes
                0x00000121       0x39 ./set_color.o
 .ARM.attributes
                0x0000015a       0x39 ./setup.o
 .ARM.attributes
                0x00000193       0x39 ./state_run.o
 .ARM.attributes
                0x000001cc       0x39 ./systick.o
 .ARM.attributes
                0x00000205       0x39 ./tm4c123gh6pm_startup_ccs_gcc.o
 .ARM.attributes
                0x0000023e       0x34 c:/ti/ccsv7/tools/compiler/gcc-arm-none-eabi-4_9-2015q3/bin/../lib/gcc/arm-none-eabi/4.9.3/../../../../arm-none-eabi/lib/armv7e-m/fpu\libg.a(lib_a-exit.o)
 .ARM.attributes
                0x00000272       0x34 c:/ti/ccsv7/tools/compiler/gcc-arm-none-eabi-4_9-2015q3/bin/../lib/gcc/arm-none-eabi/4.9.3/../../../../arm-none-eabi/lib/armv7e-m/fpu\libg.a(lib_a-impure.o)
 .ARM.attributes
                0x000002a6       0x34 c:/ti/ccsv7/tools/compiler/gcc-arm-none-eabi-4_9-2015q3/bin/../lib/gcc/arm-none-eabi/4.9.3/../../../../arm-none-eabi/lib/armv7e-m/fpu\libg.a(lib_a-init.o)
 .ARM.attributes
                0x000002da       0x34 c:/ti/ccsv7/tools/compiler/gcc-arm-none-eabi-4_9-2015q3/bin/../lib/gcc/arm-none-eabi/4.9.3/../../../../arm-none-eabi/lib/armv7e-m/fpu\libg.a(lib_a-memset.o)
 .ARM.attributes
                0x0000030e       0x34 c:/ti/ccsv7/tools/compiler/gcc-arm-none-eabi-4_9-2015q3/bin/../lib/gcc/arm-none-eabi/4.9.3/../../../../arm-none-eabi/lib/armv7e-m/fpu\libg.a(lib_a-__call_atexit.o)
 .ARM.attributes
                0x00000342       0x34 c:/ti/ccsv7/tools/compiler/gcc-arm-none-eabi-4_9-2015q3/bin/../lib/gcc/arm-none-eabi/4.9.3/../../../../arm-none-eabi/lib/armv7e-m/fpu\libg.a(lib_a-atexit.o)
 .ARM.attributes
                0x00000376       0x34 c:/ti/ccsv7/tools/compiler/gcc-arm-none-eabi-4_9-2015q3/bin/../lib/gcc/arm-none-eabi/4.9.3/../../../../arm-none-eabi/lib/armv7e-m/fpu\libg.a(lib_a-fini.o)
 .ARM.attributes
                0x000003aa       0x34 c:/ti/ccsv7/tools/compiler/gcc-arm-none-eabi-4_9-2015q3/bin/../lib/gcc/arm-none-eabi/4.9.3/../../../../arm-none-eabi/lib/armv7e-m/fpu\libg.a(lib_a-__atexit.o)
 .ARM.attributes
                0x000003de       0x34 c:/ti/ccsv7/tools/compiler/gcc-arm-none-eabi-4_9-2015q3/bin/../lib/gcc/arm-none-eabi/4.9.3/../../../../arm-none-eabi/lib/armv7e-m/fpu\libnosys.a(_exit.o)
 .ARM.attributes
                0x00000412       0x34 c:/ti/ccsv7/tools/compiler/gcc-arm-none-eabi-4_9-2015q3/bin/../lib/gcc/arm-none-eabi/4.9.3/armv7e-m/fpu/crtend.o
 .ARM.attributes
                0x00000446       0x22 c:/ti/ccsv7/tools/compiler/gcc-arm-none-eabi-4_9-2015q3/bin/../lib/gcc/arm-none-eabi/4.9.3/armv7e-m/fpu/crtn.o

.comment        0x00000000       0x70
 .comment       0x00000000       0x70 ./actions.o
                                 0x71 (size before relaxing)
 .comment       0x00000000       0x71 ./main.o
 .comment       0x00000000       0x71 ./processes.o
 .comment       0x00000000       0x71 ./set_color.o
 .comment       0x00000000       0x71 ./setup.o
 .comment       0x00000000       0x71 ./state_run.o
 .comment       0x00000000       0x71 ./systick.o
 .comment       0x00000000       0x71 ./tm4c123gh6pm_startup_ccs_gcc.o

.debug_info     0x00000000      0x76f
 .debug_info    0x00000000      0x119 ./actions.o
 .debug_info    0x00000119       0xf9 ./main.o
 .debug_info    0x00000212       0xa0 ./processes.o
 .debug_info    0x000002b2       0xbd ./set_color.o
 .debug_info    0x0000036f       0xb2 ./setup.o
 .debug_info    0x00000421       0xdd ./state_run.o
 .debug_info    0x000004fe       0xfb ./systick.o
 .debug_info    0x000005f9      0x176 ./tm4c123gh6pm_startup_ccs_gcc.o

.debug_abbrev   0x00000000      0x3a6
 .debug_abbrev  0x00000000       0x70 ./actions.o
 .debug_abbrev  0x00000070       0x70 ./main.o
 .debug_abbrev  0x000000e0       0x50 ./processes.o
 .debug_abbrev  0x00000130       0x5b ./set_color.o
 .debug_abbrev  0x0000018b       0x5b ./setup.o
 .debug_abbrev  0x000001e6       0x7f ./state_run.o
 .debug_abbrev  0x00000265       0x77 ./systick.o
 .debug_abbrev  0x000002dc       0xca ./tm4c123gh6pm_startup_ccs_gcc.o

.debug_aranges  0x00000000      0x140
 .debug_aranges
                0x00000000       0x30 ./actions.o
 .debug_aranges
                0x00000030       0x20 ./main.o
 .debug_aranges
                0x00000050       0x20 ./processes.o
 .debug_aranges
                0x00000070       0x20 ./set_color.o
 .debug_aranges
                0x00000090       0x20 ./setup.o
 .debug_aranges
                0x000000b0       0x20 ./state_run.o
 .debug_aranges
                0x000000d0       0x38 ./systick.o
 .debug_aranges
                0x00000108       0x38 ./tm4c123gh6pm_startup_ccs_gcc.o

.debug_ranges   0x00000000       0xc0
 .debug_ranges  0x00000000       0x20 ./actions.o
 .debug_ranges  0x00000020       0x10 ./main.o
 .debug_ranges  0x00000030       0x10 ./processes.o
 .debug_ranges  0x00000040       0x10 ./set_color.o
 .debug_ranges  0x00000050       0x10 ./setup.o
 .debug_ranges  0x00000060       0x10 ./state_run.o
 .debug_ranges  0x00000070       0x28 ./systick.o
 .debug_ranges  0x00000098       0x28 ./tm4c123gh6pm_startup_ccs_gcc.o

.debug_line     0x00000000      0x82e
 .debug_line    0x00000000      0x15a ./actions.o
 .debug_line    0x0000015a      0x125 ./main.o
 .debug_line    0x0000027f       0x62 ./processes.o
 .debug_line    0x000002e1      0x122 ./set_color.o
 .debug_line    0x00000403      0x10b ./setup.o
 .debug_line    0x0000050e       0x75 ./state_run.o
 .debug_line    0x00000583      0x153 ./systick.o
 .debug_line    0x000006d6      0x158 ./tm4c123gh6pm_startup_ccs_gcc.o

.debug_str      0x00000000      0x39b
 .debug_str     0x00000000      0x1eb ./actions.o
                                0x228 (size before relaxing)
 .debug_str     0x000001eb       0x28 ./main.o
                                0x1ff (size before relaxing)
 .debug_str     0x00000213       0x26 ./processes.o
                                0x1d1 (size before relaxing)
 .debug_str     0x00000239       0x1d ./set_color.o
                                0x1e8 (size before relaxing)
 .debug_str     0x00000256       0x17 ./setup.o
                                0x1dc (size before relaxing)
 .debug_str     0x0000026d       0x35 ./state_run.o
                                0x1f9 (size before relaxing)
 .debug_str     0x000002a2       0x4f ./systick.o
                                0x221 (size before relaxing)
 .debug_str     0x000002f1       0xaa ./tm4c123gh6pm_startup_ccs_gcc.o
                                0x262 (size before relaxing)

.debug_frame    0x00000000      0x40c
 .debug_frame   0x00000000       0x74 ./actions.o
 .debug_frame   0x00000074       0x30 ./main.o
 .debug_frame   0x000000a4       0x38 ./processes.o
 .debug_frame   0x000000dc       0x38 ./set_color.o
 .debug_frame   0x00000114       0x38 ./setup.o
 .debug_frame   0x0000014c       0x34 ./state_run.o
 .debug_frame   0x00000180       0x90 ./systick.o
 .debug_frame   0x00000210       0x7c ./tm4c123gh6pm_startup_ccs_gcc.o
 .debug_frame   0x0000028c       0x28 c:/ti/ccsv7/tools/compiler/gcc-arm-none-eabi-4_9-2015q3/bin/../lib/gcc/arm-none-eabi/4.9.3/../../../../arm-none-eabi/lib/armv7e-m/fpu\libg.a(lib_a-exit.o)
 .debug_frame   0x000002b4       0x2c c:/ti/ccsv7/tools/compiler/gcc-arm-none-eabi-4_9-2015q3/bin/../lib/gcc/arm-none-eabi/4.9.3/../../../../arm-none-eabi/lib/armv7e-m/fpu\libg.a(lib_a-init.o)
 .debug_frame   0x000002e0       0x34 c:/ti/ccsv7/tools/compiler/gcc-arm-none-eabi-4_9-2015q3/bin/../lib/gcc/arm-none-eabi/4.9.3/../../../../arm-none-eabi/lib/armv7e-m/fpu\libg.a(lib_a-memset.o)
 .debug_frame   0x00000314       0x50 c:/ti/ccsv7/tools/compiler/gcc-arm-none-eabi-4_9-2015q3/bin/../lib/gcc/arm-none-eabi/4.9.3/../../../../arm-none-eabi/lib/armv7e-m/fpu\libg.a(lib_a-__call_atexit.o)
 .debug_frame   0x00000364       0x20 c:/ti/ccsv7/tools/compiler/gcc-arm-none-eabi-4_9-2015q3/bin/../lib/gcc/arm-none-eabi/4.9.3/../../../../arm-none-eabi/lib/armv7e-m/fpu\libg.a(lib_a-atexit.o)
 .debug_frame   0x00000384       0x34 c:/ti/ccsv7/tools/compiler/gcc-arm-none-eabi-4_9-2015q3/bin/../lib/gcc/arm-none-eabi/4.9.3/../../../../arm-none-eabi/lib/armv7e-m/fpu\libg.a(lib_a-fini.o)
 .debug_frame   0x000003b8       0x34 c:/ti/ccsv7/tools/compiler/gcc-arm-none-eabi-4_9-2015q3/bin/../lib/gcc/arm-none-eabi/4.9.3/../../../../arm-none-eabi/lib/armv7e-m/fpu\libg.a(lib_a-__atexit.o)
 .debug_frame   0x000003ec       0x20 c:/ti/ccsv7/tools/compiler/gcc-arm-none-eabi-4_9-2015q3/bin/../lib/gcc/arm-none-eabi/4.9.3/../../../../arm-none-eabi/lib/armv7e-m/fpu\libnosys.a(_exit.o)
